10-26 16:04:20.860   784   815 V WindowManager:     startWCT=WindowContainerTransaction { changes= {} hops= [] errorCallbackToken=null taskFragmentOrganizer=null }
10-26 16:04:20.861   784   815 V WindowManager:     info={id=30 t=OPEN f=0x0 trk=0 r=[0@Point(0, 0)] c=[
10-26 16:04:20.861   784   815 V WindowManager:         {WCT{RemoteToken{916e845 Task{bfac3ce #14 type=standard A=10219:net.tiramisu.mdp}}} m=OPEN f=NONE leash=Surface(name=Task=14#312)/@0x7f91cfe sb=Rect(0, 0 - 1080, 2400) eb=Rect(0, 0 - 1080, 2400) epz=Point(1080, 2400) d=0 taskParent=-1 winMode=1 userId=0},
10-26 16:04:20.861   784   815 V WindowManager:         {WCT{RemoteToken{5114d4f Task{36cf7d9 #1 type=home}}} m=TO_BACK f=SHOW_WALLPAPER leash=Surface(name=Task=1#44)/@0xc25e88f sb=Rect(0, 0 - 1080, 2400) eb=Rect(0, 0 - 1080, 2400) epz=Point(1080, 2400) d=0 taskParent=-1 winMode=1 userId=0},
10-26 16:04:20.861   784   815 V WindowManager:         {m=TO_BACK f=IS_WALLPAPER leash=Surface(name=WallpaperWindowToken{6e67bf5}#67)/@0xc49f097 sb=Rect(0, 0 - 1080, 2400) eb=Rect(0, 0 - 1080, 2400) epz=Point(1080, 2400) d=0}
10-26 16:04:20.861   784   815 V WindowManager:     ]}
10-26 16:04:20.861  1368  1441 V WindowManagerShell: Playing animation for (#30) android.os.BinderProxy@99a9d55@0
10-26 16:04:20.876  1368  1441 V ShellRecents: RecentsTransitionHandler.startAnimation: no controller found
10-26 16:04:20.876  1368  1441 V WindowManagerShell: Transition doesn't have explicit remote, search filters for match for {id=30 t=OPEN f=0x0 trk=0 r=[0@Point(0, 0)] c=[{m=OPEN f=NONE leash=Surface(name=Task=14#312)/@0xd23764b sb=Rect(0, 0 - 1080, 2400) eb=Rect(0, 0 - 1080, 2400) epz=Point(1080, 2400) d=0 taskParent=-1 winMode=1 userId=0},{m=TO_BACK f=SHOW_WALLPAPER leash=Surface(name=Task=1#44)/@0xf266828 sb=Rect(0, 0 - 1080, 2400) eb=Rect(0, 0 - 1080, 2400) epz=Point(1080, 2400) d=0 taskParent=-1 winMode=1 userId=0},{m=TO_BACK f=IS_WALLPAPER leash=Surface(name=WallpaperWindowToken{6e67bf5}#67)/@0xe06b941 sb=Rect(0, 0 - 1080, 2400) eb=Rect(0, 0 - 1080, 2400) epz=Point(1080, 2400) d=0}]}
10-26 16:04:20.876  1368  1441 V WindowManagerShell:  Checking filter Pair{{types=[] flags=0x0] notFlags=0x0 checks=[{atype=undefined independent=true modes=[CLOSE,TO_BACK] flags=IN_TASK_WITH_EMBEDDED_ACTIVITY mustBeTask=false order=ANY topActivity=null launchCookie=null taskFragmentToken=android.os.BinderProxy@f4c297d windowingMode=undefined isCrossDisplayMove=false}]} RemoteTransition { remoteTransition = android.window.IRemoteTransition$Stub$Proxy@bbff072, appThread = android.app.IApplicationThread$Stub$Proxy@6284cc3, debugName = overlayBackTransition }}
10-26 16:04:20.877  1368  1441 V WindowManagerShell:  Checking filter Pair{{types=[] flags=0x0] notFlags=0x0 checks=[{atype=dream independent=true modes=[OPEN,TO_FRONT] flags=NONE mustBeTask=false order=ANY topActivity=null launchCookie=null windowingMode=undefined isCrossDisplayMove=false},{atype=home independent=true modes=[CLOSE,TO_BACK] flags=NONE mustBeTask=false order=ANY topActivity=null launchCookie=null windowingMode=undefined isCrossDisplayMove=false}]} RemoteTransition { remoteTransition = android.window.IRemoteTransition$Stub$Proxy@85e4940, appThread = android.app.IApplicationThread$Stub$Proxy@1f6e079, debugName = LauncherToDream }}
10-26 16:04:20.878  1368  1441 V WindowManagerShell:  Checking filter Pair{{types=[] flags=0x0] notFlags=0x100 checks=[{atype=home independent=true modes=[OPEN,TO_FRONT] flags=NONE mustBeTask=false order=TOP topActivity=ComponentInfo{com.google.android.apps.nexuslauncher/com.google.android.apps.nexuslauncher.NexusLauncherActivity} launchCookie=null windowingMode=undefined isCrossDisplayMove=false},{atype=standard independent=true modes=[CLOSE,TO_BACK] flags=NONE mustBeTask=false order=ANY topActivity=null launchCookie=null windowingMode=undefined isCrossDisplayMove=false},{NOT atype=undefined independent=true modes=[] flags=NONE mustBeTask=true order=ANY topActivity=null launchCookie=null customAnim=true windowingMode=undefined isCrossDisplayMove=false}]} RemoteTransition { remoteTransition = android.window.IRemoteTransition$Stub$Proxy@518a1be, appThread = android.app.IApplicationThread$Stub$Proxy@3b8f21f, debugName = QuickstepLaunchHome }}
10-26 16:04:20.878  1368  1441 V WindowManagerShell:  Delegate animation for (#30) to null
10-26 16:04:20.878  1368  1441 V WindowManagerShell: start default transition animation, info = {id=30 t=OPEN f=0x0 trk=0 r=[0@Point(0, 0)] c=[{m=OPEN f=NONE leash=Surface(name=Task=14#312)/@0xd23764b sb=Rect(0, 0 - 1080, 2400) eb=Rect(0, 0 - 1080, 2400) epz=Point(1080, 2400) d=0 taskParent=-1 winMode=1 userId=0},{m=TO_BACK f=SHOW_WALLPAPER leash=Surface(name=Task=1#44)/@0xf266828 sb=Rect(0, 0 - 1080, 2400) eb=Rect(0, 0 - 1080, 2400) epz=Point(1080, 2400) d=0 taskParent=-1 winMode=1 userId=0},{m=TO_BACK f=IS_WALLPAPER leash=Surface(name=WallpaperWindowToken{6e67bf5}#67)/@0xe06b941 sb=Rect(0, 0 - 1080, 2400) eb=Rect(0, 0 - 1080, 2400) epz=Point(1080, 2400) d=0}]}
10-26 16:04:20.896  1368  1441 V WindowManagerShell: loadAnimation: anim=android.view.animation.AnimationSet@44a87d animAttr=0x13 type=OPEN isEntrance=false
10-26 16:04:20.915  1368  1441 V WindowManagerShell: loadAnimation: anim=android.view.animation.AnimationSet@c95791f animAttr=0x12 type=OPEN isEntrance=true
10-26 16:04:20.921  1368  1441 V WindowManagerShell:  animated by com.android.wm.shell.transition.DefaultTransitionHandler@f48b971
10-26 16:04:20.921  1368  1441 V ShellTaskOrganizer: Task appeared taskId=14 listener=FullscreenTaskListener
10-26 16:04:20.929  1368  1441 V ShellTaskOrganizer: Fullscreen Task Appeared: #14
10-26 16:04:20.929   784   826 W ActivityManager: Slow operation: 604ms so far, now at startProcess: done updating pids map
10-26 16:04:20.936  1651  1651 D b/417220811: invalidateLoadedTasks - previous requestLoadId: -1
10-26 16:04:20.960   784   816 W Looper  : Slow dispatch took 114ms android.ui app=system_server main=false group=TOP_APP h=com.android.server.am.ActivityManagerService$UiHandler c=com.android.server.am.UidObserverController$$ExternalSyntheticLambda0@bd03a7b m=0
10-26 16:04:20.972   549   549 I RanchuHwc: logCompositionFallbackIfChanged: layer 48 CompositionType fallback from 2 to 1
10-26 16:04:21.023   784   962 D ActivityManager: sync unfroze 8155 com.google.android.apps.messaging for 6
10-26 16:04:21.037  9128  9128 D nativeloader: Load libframework-connectivity-tiramisu-jni.so using APEX ns com_android_tethering for caller /apex/com.android.tethering/javalib/framework-connectivity-t.jar: ok
10-26 16:04:21.059   784   784 W Looper  : Slow dispatch took 259ms main app=system_server main=true group=FOREGROUND h=android.app.ActivityThread$H c=android.app.LoadedApk$ReceiverDispatcher$Args$$ExternalSyntheticLambda0@212179f m=0
10-26 16:04:21.059   784   784 W Looper  : Slow delivery took 258ms main app=system_server main=true group=FOREGROUND h=com.android.server.power.Notifier$NotifierHandler c=com.android.server.power.Notifier$$ExternalSyntheticLambda5@8e0b0ec m=0
10-26 16:04:21.096   784   784 W Looper  : Drained
10-26 16:04:21.112  8155  8155 D WM-DelayedWorkTracker: Scheduling work d2625386-a1eb-452b-b99f-4bba8951a7fb
10-26 16:04:21.121  8155  8155 D WM-GreedyScheduler: Starting work for d2625386-a1eb-452b-b99f-4bba8951a7fb
10-26 16:04:21.128  8155  8155 D ActivityThread: Package [net.tiramisu.mdp] reported as REPLACED, but missing application info. Assuming REMOVED.
10-26 16:04:21.142  8155  8155 D ActivityThread: Package [net.tiramisu.mdp] reported as REPLACED, but missing application info. Assuming REMOVED.
10-26 16:04:21.155  7428  7428 D BoundBrokerSvc: onUnbind: Intent { act=com.google.android.gms.constellation.service.START xflg=0x4 pkg=com.google.android.gms }
10-26 16:04:21.223  8155  9142 W StateMachineV2: Can't send message 9 on a StateMachineV2 instance that has already quit.
10-26 16:04:21.224  8155  9145 W StateMachineV2: Can't send message 9 on a StateMachineV2 instance that has already quit.
10-26 16:04:21.230  8155  9148 W StateMachineV2: Can't send message 9 on a StateMachineV2 instance that has already quit.
10-26 16:04:21.234  8155  9144 W StateMachineV2: Can't send message 9 on a StateMachineV2 instance that has already quit.
10-26 16:04:21.248  8155  9146 W StateMachineV2: Can't send message 9 on a StateMachineV2 instance that has already quit.
10-26 16:04:21.250  8155  9147 W StateMachineV2: Can't send message 9 on a StateMachineV2 instance that has already quit.
10-26 16:04:21.254  1368  1441 V WindowManagerShell: Transition animation finished (aborted=false), notifying core (#30) android.os.BinderProxy@99a9d55@0
10-26 16:04:21.261  7428  7428 D BoundBrokerSvc: onBind: Intent { act=com.google.android.gms.feedback.internal.IFeedbackService dat=chimera-action:/... xflg=0x4 cmp=com.google.android.gms/.chimera.GmsBoundBrokerService }
10-26 16:04:21.261  7428  7428 D BoundBrokerSvc: Loading bound service for intent: Intent { act=com.google.android.gms.feedback.internal.IFeedbackService dat=chimera-action:/... xflg=0x4 cmp=com.google.android.gms/.chimera.GmsBoundBrokerService }
10-26 16:04:21.313  7428  8059 I Icing   : IndexChimeraService.getServiceInterface callingPackage=com.google.android.gms componentName=AppsCorpus serviceId=36
10-26 16:04:21.345  8155  8155 I Bugle   : BroadcastReceiverAsyncWorkTracker: Acknowledging broadcast of crsu@30a0f4f
10-26 16:04:21.350  8155  8155 D WM-SystemJobService: onStartJob for WorkGenerationalId(workSpecId=d2625386-a1eb-452b-b99f-4bba8951a7fb, generation=0)
10-26 16:04:21.352  8155  8203 I Bugle   : BroadcastReceiverAsyncWorkTracker: Acknowledging broadcast of crsu@30a0f4f
10-26 16:04:21.358  8155  9143 D WM-Processor: qcu: processing WorkGenerationalId(workSpecId=d2625386-a1eb-452b-b99f-4bba8951a7fb, generation=0)
10-26 16:04:21.364  8155  9145 D WM-Processor: Work WorkGenerationalId(workSpecId=d2625386-a1eb-452b-b99f-4bba8951a7fb, generation=0) is already enqueued for processing
10-26 16:04:21.366  1651  1651 D VRI[NexusLauncherActivity]: visibilityChanged oldVisibility=true newVisibility=false
10-26 16:04:21.384  1651  1651 D NexusLauncherModelDelegate: notifySmartspaceEvent: SmartspaceTargetEvent{mSmartspaceTarget=null, mSmartspaceActionId='null', mEventType=7}
10-26 16:04:21.394   784   815 V WindowManager: Finish Transition (#30): created at 10-26 16:04:20.196 collect-started=0.065ms request-sent=54.361ms started=192.701ms ready=576.795ms sent=614.407ms commit=113.75ms finished=1163.149ms
10-26 16:04:21.396   784  1317 D BackgroundInstallControlService: Package event received: 0
10-26 16:04:21.401  1368  1441 V WindowManagerShell: Track 0 became idle
10-26 16:04:21.401  1368  1441 V WindowManagerShell: All active transition animations finished
10-26 16:04:21.406  8155  9145 D MddListenableWorkerFactory: createWorker for class: com.google.apps.tiktok.contrib.work.TikTokListenableWorker
10-26 16:04:21.408  1368  1701 D WallpaperService: onVisibilityChanged(false): com.android.systemui.wallpapers.ImageWallpaper$CanvasEngine@e900422
10-26 16:04:21.434  1368  1441 D Bubbles : onLocusVisibilityChanged=Overview|DISABLED visible=false taskId=1
10-26 16:04:21.538   784  1317 D BackgroundInstallControlService: Package event received: 0
10-26 16:04:21.581  8155  8155 D WM-WorkerWrapper: Starting work for com.google.apps.tiktok.contrib.work.TikTokListenableWorker
10-26 16:04:21.634  7428  8059 I Icing   : IndexChimeraService.getServiceInterface callingPackage=com.google.android.gms componentName=null serviceId=30
10-26 16:04:21.636  8155  8155 I BugleSearch: AppSearchIndexableRestoreSynclet is disabled.
10-26 16:04:21.667  8155  8155 I SyncManagerImpl: #poke(). Scheduling workers.
10-26 16:04:21.688  8155  8222 I SyncManagerImpl: Completed sync. Scheduling next wakeup
10-26 16:04:21.689  8155  8222 I SyncWorkManagerPeriodic: Scheduling next periodic WorkManager workers
10-26 16:04:21.743  8155  9142 D WM-SystemJobScheduler: Scheduling work ID 4b195dd0-40b2-4ac9-8689-265091aa1218Job ID 1039
10-26 16:04:21.761  7428  8463 I Icing   : Usage reports ok 1, Failed Usage reports 0, indexed 0, rejected 0
10-26 16:04:21.772  8155  9142 D WM-GreedyScheduler: Ignoring {WorkSpec: 64d73ca2-d41c-4714-8e0c-a1595f8efe3a}. Requires device idle.
10-26 16:04:21.772  8155  9142 D WM-GreedyScheduler: Ignoring {WorkSpec: 68226ede-01b1-44d1-a8fa-8ed509b9888a}. Requires device idle.
10-26 16:04:21.773  8155  9142 D WM-GreedyScheduler: Ignoring {WorkSpec: 4c7fe6a4-94e5-4d7f-bac0-7a3060a53059}. Requires device idle.
10-26 16:04:21.773  8155  9142 D WM-GreedyScheduler: Ignoring {WorkSpec: 9e778803-68db-4562-b1b1-1f7c877c55c6}. Requires device idle.
10-26 16:04:21.777  8155  9142 D WM-GreedyScheduler: Starting tracking for 4f031d08-beb4-4bdf-8c78-4ec8b7f0c4bb,e4af0657-63c9-4c19-863e-96a4ffb48e8a
10-26 16:04:21.814  8155  9143 D WM-SystemJobScheduler: Scheduling work ID 649ec07a-b6dc-43cb-85b4-a38a151d4e12Job ID 1040
10-26 16:04:21.826   784  1259 I HalDevMgr: bestIfaceCreationProposal is null, requestIface=STA, existingIface=[name=wlan0 type=STA]
10-26 16:04:21.829  8155  9143 D WM-GreedyScheduler: Ignoring {WorkSpec: 64d73ca2-d41c-4714-8e0c-a1595f8efe3a}. Requires device idle.
10-26 16:04:21.829  8155  9143 D WM-GreedyScheduler: Ignoring {WorkSpec: 68226ede-01b1-44d1-a8fa-8ed509b9888a}. Requires device idle.
10-26 16:04:21.829  8155  9143 D WM-GreedyScheduler: Ignoring {WorkSpec: 4c7fe6a4-94e5-4d7f-bac0-7a3060a53059}. Requires device idle.
10-26 16:04:21.830  8155  9143 D WM-GreedyScheduler: Ignoring {WorkSpec: 9e778803-68db-4562-b1b1-1f7c877c55c6}. Requires device idle.
10-26 16:04:21.835  8155  9143 D WM-GreedyScheduler: Starting tracking for 4f031d08-beb4-4bdf-8c78-4ec8b7f0c4bb,e4af0657-63c9-4c19-863e-96a4ffb48e8a
10-26 16:04:21.864  8155  9142 D WM-SystemJobScheduler: Scheduling work ID 3081d84d-d03f-4db8-a7ae-15896506b219Job ID 1041
10-26 16:04:21.874  8155  9142 D WM-GreedyScheduler: Ignoring {WorkSpec: 64d73ca2-d41c-4714-8e0c-a1595f8efe3a}. Requires device idle.
10-26 16:04:21.874  8155  9142 D WM-GreedyScheduler: Ignoring {WorkSpec: 68226ede-01b1-44d1-a8fa-8ed509b9888a}. Requires device idle.
10-26 16:04:21.876  8155  9142 D WM-GreedyScheduler: Ignoring {WorkSpec: 4c7fe6a4-94e5-4d7f-bac0-7a3060a53059}. Requires device idle.
10-26 16:04:21.877  8155  9142 D WM-GreedyScheduler: Ignoring {WorkSpec: 9e778803-68db-4562-b1b1-1f7c877c55c6}. Requires device idle.
10-26 16:04:21.880  8155  9142 D WM-GreedyScheduler: Starting tracking for 4f031d08-beb4-4bdf-8c78-4ec8b7f0c4bb,e4af0657-63c9-4c19-863e-96a4ffb48e8a
10-26 16:04:21.881  7428  8463 I Icing   : Usage reports ok 0, Failed Usage reports 0, indexed 0, rejected 0
10-26 16:04:21.891  8155  8214 I SyncWorkManagerPeriodic: Successfully scheduled next periodic workers
10-26 16:04:21.894  8155  9142 D WM-Processor: Processor cancelling 7c629327-a747-4fef-aff2-791191e3626b
10-26 16:04:21.896  8155  9142 D WM-Processor: WorkerWrapper could not be found for 7c629327-a747-4fef-aff2-791191e3626b
10-26 16:04:21.918  8155  9142 D WM-GreedyScheduler: Cancelling work ID 7c629327-a747-4fef-aff2-791191e3626b
10-26 16:04:21.923  8155  9142 D WM-GreedyScheduler: Ignoring {WorkSpec: 64d73ca2-d41c-4714-8e0c-a1595f8efe3a}. Requires device idle.
10-26 16:04:21.923  8155  9142 D WM-GreedyScheduler: Ignoring {WorkSpec: 68226ede-01b1-44d1-a8fa-8ed509b9888a}. Requires device idle.
10-26 16:04:21.923  8155  9142 D WM-GreedyScheduler: Ignoring {WorkSpec: 4c7fe6a4-94e5-4d7f-bac0-7a3060a53059}. Requires device idle.
10-26 16:04:21.923  8155  9142 D WM-GreedyScheduler: Ignoring {WorkSpec: 9e778803-68db-4562-b1b1-1f7c877c55c6}. Requires device idle.
10-26 16:04:21.928  8155  9142 D WM-GreedyScheduler: Starting tracking for 4f031d08-beb4-4bdf-8c78-4ec8b7f0c4bb,e4af0657-63c9-4c19-863e-96a4ffb48e8a
10-26 16:04:21.929  8155  9143 D WM-Processor: Processor cancelling 9c93926c-6e6e-40c7-883b-9cb609dc3648
10-26 16:04:21.929  8155  9143 D WM-Processor: WorkerWrapper could not be found for 9c93926c-6e6e-40c7-883b-9cb609dc3648
10-26 16:04:21.952  8155  9143 D WM-GreedyScheduler: Cancelling work ID 9c93926c-6e6e-40c7-883b-9cb609dc3648
10-26 16:04:21.954  8155  9143 D WM-GreedyScheduler: Ignoring {WorkSpec: 64d73ca2-d41c-4714-8e0c-a1595f8efe3a}. Requires device idle.
10-26 16:04:21.956  8155  9143 D WM-GreedyScheduler: Ignoring {WorkSpec: 68226ede-01b1-44d1-a8fa-8ed509b9888a}. Requires device idle.
10-26 16:04:21.958  8155  9143 D WM-GreedyScheduler: Ignoring {WorkSpec: 4c7fe6a4-94e5-4d7f-bac0-7a3060a53059}. Requires device idle.
10-26 16:04:21.959  8155  9143 D WM-GreedyScheduler: Ignoring {WorkSpec: 9e778803-68db-4562-b1b1-1f7c877c55c6}. Requires device idle.
10-26 16:04:21.962  8155  9143 D WM-GreedyScheduler: Starting tracking for 4f031d08-beb4-4bdf-8c78-4ec8b7f0c4bb,e4af0657-63c9-4c19-863e-96a4ffb48e8a
10-26 16:04:21.970  8155  9143 D WM-Processor: Processor cancelling d2625386-a1eb-452b-b99f-4bba8951a7fb
10-26 16:04:21.974  8155  9143 W TikTokListenableWorker: TikTokListenableWorker was cancelled while running client worker: com.google.apps.tiktok.sync.impl.workmanager.SyncWorker
10-26 16:04:21.978  8155  9143 D WM-Processor: WorkerWrapper interrupted for d2625386-a1eb-452b-b99f-4bba8951a7fb
10-26 16:04:21.980  8155  8155 D WM-SystemJobService: onStopJob for WorkGenerationalId(workSpecId=d2625386-a1eb-452b-b99f-4bba8951a7fb, generation=0)
10-26 16:04:21.980  8155  9143 D WM-GreedyScheduler: Cancelling work ID d2625386-a1eb-452b-b99f-4bba8951a7fb
10-26 16:04:21.990  8155  9143 D WM-GreedyScheduler: Ignoring {WorkSpec: 64d73ca2-d41c-4714-8e0c-a1595f8efe3a}. Requires device idle.
10-26 16:04:21.990  8155  9143 D WM-GreedyScheduler: Ignoring {WorkSpec: 68226ede-01b1-44d1-a8fa-8ed509b9888a}. Requires device idle.
10-26 16:04:21.991  8155  9143 D WM-GreedyScheduler: Ignoring {WorkSpec: 4c7fe6a4-94e5-4d7f-bac0-7a3060a53059}. Requires device idle.
10-26 16:04:21.992  8155  9143 D WM-GreedyScheduler: Ignoring {WorkSpec: 9e778803-68db-4562-b1b1-1f7c877c55c6}. Requires device idle.
10-26 16:04:21.993  8155  9143 D WM-GreedyScheduler: Starting tracking for 4f031d08-beb4-4bdf-8c78-4ec8b7f0c4bb,e4af0657-63c9-4c19-863e-96a4ffb48e8a
10-26 16:04:21.994  8155  9145 I WM-WorkerWrapper: Work [ id=d2625386-a1eb-452b-b99f-4bba8951a7fb, tags={ com.google.apps.tiktok.contrib.work.TikTokListenableWorker,com.google.apps.tiktok.sync.impl.workmanager.SyncWorker,TikTokWorker#com.google.apps.tiktok.sync.impl.workmanager.SyncWorker } ] was cancelled
10-26 16:04:21.994  8155  9145 I WM-WorkerWrapper: qei
10-26 16:04:21.994  8155  9145 I WM-WorkerWrapper: 	at qcu.e(PG:5)
10-26 16:04:21.994  8155  9145 I WM-WorkerWrapper: 	at qky.b(PG:137)
10-26 16:04:21.994  8155  9145 I WM-WorkerWrapper: 	at qkt.run(PG:12)
10-26 16:04:21.994  8155  9145 I WM-WorkerWrapper: 	at peq.invoke(PG:3)
10-26 16:04:21.994  8155  9145 I WM-WorkerWrapper: 	at pex.x(PG:10)
10-26 16:04:21.994  8155  9145 I WM-WorkerWrapper: 	at pex.p(PG:6)
10-26 16:04:21.994  8155  9145 I WM-WorkerWrapper: 	at qku.invoke(PG:15)
10-26 16:04:21.994  8155  9145 I WM-WorkerWrapper: 	at qbd.run(PG:21)
10-26 16:04:21.994  8155  9145 I WM-WorkerWrapper: 	at qln.run(PG:3)
10-26 16:04:21.994  8155  9145 I WM-WorkerWrapper: 	at dqkn.run(PG:7)
10-26 16:04:21.994  8155  9145 I WM-WorkerWrapper: 	at java.util.concurrent.ThreadPoolExecutor.runWorker(ThreadPoolExecutor.java:1154)
10-26 16:04:21.994  8155  9145 I WM-WorkerWrapper: 	at java.util.concurrent.ThreadPoolExecutor$Worker.run(ThreadPoolExecutor.java:652)
10-26 16:04:21.994  8155  9145 I WM-WorkerWrapper: 	at dqju.run(PG:6)
10-26 16:04:21.994  8155  9145 I WM-WorkerWrapper: 	at java.lang.Thread.run(Thread.java:1563)
10-26 16:04:21.994  8155  9145 I WM-WorkerWrapper: 	at dqlo.run(PG:61)
10-26 16:04:21.995  8155  9145 D WM-WorkerWrapper: Status for d2625386-a1eb-452b-b99f-4bba8951a7fb is CANCELLED ; not doing any work
10-26 16:04:21.996  7428  8463 I Icing   : Indexing com.google.android.gms-apps from com.google.android.gms
10-26 16:04:21.997  8155  9142 D WM-StopWorkRunnable: StopWorkRunnable for d2625386-a1eb-452b-b99f-4bba8951a7fb; Processor.stopWork = false
10-26 16:04:21.998  8155  9143 D WM-StopWorkRunnable: StopWorkRunnable for d2625386-a1eb-452b-b99f-4bba8951a7fb; Processor.stopWork = false
10-26 16:04:22.001   784  2290 W JobScheduler: Job didn't exist in JobStore: 8f6a1c8 {androidx.work.systemjobscheduler} #u0a146/1000 #TikTokWorker#com.google.apps.tiktok.sync.impl.workmanager.SyncWorker#@androidx.work.systemjobscheduler@com.google.android.apps.messaging/androidx.work.impl.background.systemjob.SystemJobService
10-26 16:04:22.003  8155  8155 D WM-Processor: qcu d2625386-a1eb-452b-b99f-4bba8951a7fb executed; reschedule = false
10-26 16:04:22.008  8155  9145 D WM-GreedyScheduler: Cancelling work ID d2625386-a1eb-452b-b99f-4bba8951a7fb
10-26 16:04:22.014  8155  9145 D WM-GreedyScheduler: Ignoring {WorkSpec: 64d73ca2-d41c-4714-8e0c-a1595f8efe3a}. Requires device idle.
10-26 16:04:22.016  8155  9145 D WM-GreedyScheduler: Ignoring {WorkSpec: 68226ede-01b1-44d1-a8fa-8ed509b9888a}. Requires device idle.
10-26 16:04:22.017  8155  9145 D WM-GreedyScheduler: Ignoring {WorkSpec: 4c7fe6a4-94e5-4d7f-bac0-7a3060a53059}. Requires device idle.
10-26 16:04:22.017  8155  9145 D WM-GreedyScheduler: Ignoring {WorkSpec: 9e778803-68db-4562-b1b1-1f7c877c55c6}. Requires device idle.
10-26 16:04:22.017  8155  9145 D WM-GreedyScheduler: Starting tracking for 4f031d08-beb4-4bdf-8c78-4ec8b7f0c4bb,e4af0657-63c9-4c19-863e-96a4ffb48e8a
10-26 16:04:22.033  9128  9128 D nativeloader: Configuring clns-9 for other apk /data/app/~~pJpa_dA9ZmDzMRtLzH2EMQ==/net.tiramisu.mdp-tN7xCuv4o4dsgcC1UKrfnQ==/base.apk. target_sdk_version=36, uses_libraries=, library_path=/data/app/~~pJpa_dA9ZmDzMRtLzH2EMQ==/net.tiramisu.mdp-tN7xCuv4o4dsgcC1UKrfnQ==/lib/x86_64:/data/app/~~pJpa_dA9ZmDzMRtLzH2EMQ==/net.tiramisu.mdp-tN7xCuv4o4dsgcC1UKrfnQ==/base.apk!/lib/x86_64, permitted_path=/data:/mnt/expand:/data/user/0/net.tiramisu.mdp
10-26 16:04:22.044  8155  8221 I ForwardSyncCache: reclaimMemory: Clearing caches
10-26 16:04:22.047  8155  8221 W Bugle   : TextClassifierLibManagerImpl: Reclaiming memory at level: 40
10-26 16:04:22.108  9128  9128 V GraphicsEnvironment: Currently set values for:
10-26 16:04:22.108  9128  9128 V GraphicsEnvironment:   angle_gl_driver_selection_pkgs=[]
10-26 16:04:22.108  9128  9128 V GraphicsEnvironment:   angle_gl_driver_selection_values=[]
10-26 16:04:22.108  9128  9128 V GraphicsEnvironment: net.tiramisu.mdp is not listed in per-application setting
10-26 16:04:22.110  9128  9128 V GraphicsEnvironment: ANGLE allowlist from config: com.dreamgames.royalmatch com.dts.freefiremax com.dxx.firenow com.gramgames.mergedragons com.ludo.king com.mojang.minecraftpe com.my.defense com.nintendo.zaka com.os.airforce com.playrix.fishdomdd.gplay io.teslatech.callbreak jp.konami.prospia net.peakgames.toonblast
10-26 16:04:22.110  9128  9128 V GraphicsEnvironment: No special selections for ANGLE, returning default driver choice
10-26 16:04:22.110  9128  9128 V GraphicsEnvironment: Neither updatable production driver nor prerelease driver is supported.
10-26 16:04:22.175  7428  8463 I Icing   : Indexing done com.google.android.gms-apps
10-26 16:04:22.185  7428  8463 I Icing   : Indexing com.google.android.gms-apps from com.google.android.gms
10-26 16:04:22.186  7428  8463 I Icing   : Indexing done com.google.android.gms-apps
10-26 16:04:22.293  9128  9128 I FirebaseApp: Device unlocked: initializing all Firebase APIs for app [DEFAULT]
10-26 16:04:22.347  1546  1749 D SatelliteController: iisInCarrierRoamingNbIotNtn: satellite is disabled
10-26 16:04:22.349  1546  1749 D SatelliteController: getCarrierRoamingNtnConnectType: Falling back to global carrier config connect type: 0
10-26 16:04:22.352  9128  9128 I FirebaseInitProvider: FirebaseApp initialization successful
10-26 16:04:22.417  7892  7905 W libbinder.Binder: Binder transaction to android.content.IContentProvider code 21 took 4467ms. Data bytes: 476 Reply bytes: 428 Flags: 18
10-26 16:04:22.428  1651  2460 D WellbeingModel: ....actionId: pause, packages: net.tiramisu.mdp
10-26 16:04:22.430  1651  2460 I WellbeingModel: retrieveActions(): finished
10-26 16:04:22.453   784  1317 D BackgroundInstallControlService: Package event received: 0
10-26 16:04:22.456   784  1317 D BackgroundInstallControlService: Package event received: 0
10-26 16:04:22.459  9128  9155 I DisplayManager: Choreographer implicitly registered for the refresh rate.
10-26 16:04:22.661  9128  9128 D DesktopExperienceFlags: Toggle override initialized to: false
10-26 16:04:22.703  9128  9128 D AppCompatDelegate: Checking for metadata for AppLocalesMetadataHolderService : Service not found
10-26 16:04:22.730  9128  9128 E ashmem  : Pinning is deprecated since Android Q. Please use trim or other methods.
10-26 16:04:22.735  9128  9153 W et.tiramisu.mdp: ClassLoaderContext classpath size mismatch. expected=1, found=0 (DLC[];PCL[base.apk*16976631]{PCL[/system/framework/org.apache.http.legacy.jar*1269945583]#PCL[/system/framework/com.android.media.remotedisplay.jar*1296079867]#PCL[/system/framework/com.android.location.provider.jar*1489720897]#PCL[/system_ext/framework/androidx.window.extensions.jar*1272918975]#PCL[/system_ext/framework/androidx.window.sidecar.jar*3267387525]} | DLC[];PCL[])
10-26 16:04:22.749  9128  9155 I GFXSTREAM: [eglDisplay.cpp(297)] Opening libGLESv1_CM_emulation.so
10-26 16:04:22.749  9128  9155 I GFXSTREAM: [eglDisplay.cpp(297)] Opening libGLESv2_emulation.so
10-26 16:04:22.763  9128  9155 W HWUI    : Failed to choose config with EGL_SWAP_BEHAVIOR_PRESERVED, retrying without...
10-26 16:04:22.784  9128  9155 W HWUI    : Failed to initialize 101010-2 format, error = EGL_SUCCESS
10-26 16:04:22.807  9128  9153 I DynamiteModule: Considering local module com.google.android.gms.measurement.dynamite:155 and remote module com.google.android.gms.measurement.dynamite:164
10-26 16:04:22.814  9128  9153 I DynamiteModule: Selected remote version of com.google.android.gms.measurement.dynamite, version >= 164
10-26 16:04:22.820  9128  9153 V DynamiteModule: Dynamite loader version >= 2, using loadModule2NoCrashUtils
10-26 16:04:22.842  9128  9153 W System  : ClassLoader referenced unknown path: 
10-26 16:04:22.843  9128  9153 D nativeloader: Configuring clns-10 for other apk . target_sdk_version=36, uses_libraries=, library_path=/data/app/~~BonFFaVjy5n70xcSNCjTBQ==/com.google.android.gms-YXwTPA6SXbWkWzT7cx6BGA==/lib/x86_64:/data/app/~~BonFFaVjy5n70xcSNCjTBQ==/com.google.android.gms-YXwTPA6SXbWkWzT7cx6BGA==/base.apk!/lib/x86_64, permitted_path=/data:/mnt/expand:/data/user/0/com.google.android.gms
10-26 16:04:22.903  9128  9153 W et.tiramisu.mdp: ClassLoaderContext classpath element checksum mismatch. expected=16976631, found=381152079 (DLC[];PCL[base.apk*16976631]{PCL[/system/framework/org.apache.http.legacy.jar*1269945583]#PCL[/system/framework/com.android.media.remotedisplay.jar*1296079867]#PCL[/system/framework/com.android.location.provider.jar*1489720897]#PCL[/system_ext/framework/androidx.window.extensions.jar*1272918975]#PCL[/system_ext/framework/androidx.window.sidecar.jar*3267387525]} | DLC[];PCL[/data/app/~~pJpa_dA9ZmDzMRtLzH2EMQ==/net.tiramisu.mdp-tN7xCuv4o4dsgcC1UKrfnQ==/base.apk*381152079])
10-26 16:04:23.195  7397  7397 D BoundBrokerSvc: onUnbind: Intent { act=com.google.android.gms.auth.aang.events.services.START dat=chimera-action:/... xflg=0x4 cmp=com.google.android.gms/.chimera.PersistentApiService }
10-26 16:04:23.487  7397  7534 I PhenotypeResourceReader: unable to find any Phenotype resource metadata for net.tiramisu.mdp
10-26 16:04:23.509  9128  9166 I et.tiramisu.mdp: hiddenapi: Accessing hidden method Ldalvik/system/VMStack;->getStackClass2()Ljava/lang/Class; (runtime_flags=0, domain=core-platform, api=unsupported) from Lm7/aox; (domain=app, TargetSdkVersion=36) using reflection: allowed
10-26 16:04:23.514  7428  7428 D BoundBrokerSvc: onUnbind: Intent { act=com.google.android.gms.auth.service.START xflg=0x4 pkg=com.google.android.gms }
10-26 16:04:23.572   784   968 D ActivityManager: freezing 7696 com.google.android.gms.unstable
10-26 16:04:23.592  9128  9128 D CompatChangeReporter: Compat change id reported: 377864165; UID 10219; state: ENABLED
10-26 16:04:23.596  9128  9128 D DesktopModeFlags: Toggle override initialized to: OVERRIDE_UNSET
10-26 16:04:23.621  9128  9165 E et.tiramisu.mdp: No package ID 6a found for resource ID 0x6a0b000f.
10-26 16:04:23.622  9128  9165 I FA      : App measurement initialized, version: 142000
10-26 16:04:23.622  9128  9165 I FA      : To enable debug logging run: adb shell setprop log.tag.FA VERBOSE
10-26 16:04:23.623  9128  9165 I FA      : To enable faster debug mode event logging run:
10-26 16:04:23.623  9128  9165 I FA      :   adb shell setprop debug.firebase.analytics.app net.tiramisu.mdp
10-26 16:04:23.687  9128  9128 I et.tiramisu.mdp: hiddenapi: Accessing hidden method Landroid/view/ViewGroup;->makeOptionalFitsSystemWindows()V (runtime_flags=0, domain=platform, api=unsupported) from Landroidx/appcompat/widget/ViewUtils; (domain=app, TargetSdkVersion=36) using reflection: allowed
10-26 16:04:23.756   784  4250 E TaskPersister: File error accessing recents directory (directory doesn't exist?).
10-26 16:04:23.805   784  1317 D BackgroundInstallControlService: Package event received: 0
10-26 16:04:23.809  7428  7428 D BoundBrokerSvc: onBind: Intent { act=com.google.android.gms.measurement.START xflg=0x4 pkg=com.google.android.gms }
10-26 16:04:23.809  7428  7428 D BoundBrokerSvc: Loading bound service for intent: Intent { act=com.google.android.gms.measurement.START xflg=0x4 pkg=com.google.android.gms }
10-26 16:04:24.235  9128  9165 I FA      : Tag Manager is not found and thus will not be used
10-26 16:04:24.265  9128  9128 W HWUI    : Unknown dataspace 0
10-26 16:04:24.414  7428  7433 W gle.android.gms: Suspending all threads took: 27.608ms
10-26 16:04:24.460  9128  9128 D WindowOnBackDispatcher: setTopOnBackInvokedCallback (unwrapped): android.app.Activity$$ExternalSyntheticLambda0@a5d6d5b
10-26 16:04:24.466   784  1502 D CoreBackPreview: Window{b2d3212 u0 net.tiramisu.mdp/net.tiramisu.mdp.MainActivity}: Setting back callback OnBackInvokedCallbackInfo{mCallback=android.window.IOnBackInvokedCallback$Stub$Proxy@187c699, mPriority=-1, mIsAnimationCallback=false, mOverrideBehavior=0}
10-26 16:04:24.489  9128  9128 D VRI[MainActivity]: WindowInsets changed: 1080x2400 statusBars:[0,63,0,0] navigationBars:[0,0,0,63] mandatorySystemGestures:[0,63,0,84] 
10-26 16:04:24.521  9128  9128 I HWUI    : Using FreeType backend (prop=Auto)
10-26 16:04:24.860   784  1259 I HalDevMgr: bestIfaceCreationProposal is null, requestIface=STA, existingIface=[name=wlan0 type=STA]
10-26 16:04:25.059   784  1502 D ConnectivityService: requestNetwork for uid/pid:10219/9128 activeRequest: null callbackRequest: 349 [NetworkRequest [ REQUEST id=350, [ Capabilities: INTERNET&NOT_RESTRICTED&TRUSTED&NOT_VCN_MANAGED&NOT_BANDWIDTH_CONSTRAINED Uid: 10219 RequestorUid: 10219 RequestorPkg: net.tiramisu.mdp UnderlyingNetworks: Null] ]] callback flags: 0 order: 2147483647 isUidTracked: false declaredMethods: AVAIL|LOST
10-26 16:04:25.071   784  1265 D ConnectivityService: NetReassign [350 : null  101] [c 1] [a 3] [i 2]
10-26 16:04:25.076   784  1259 D OemPaidWifiNetworkFactory: got request NetworkRequest [ REQUEST id=350, [ Capabilities: INTERNET&NOT_RESTRICTED&TRUSTED&NOT_VCN_MANAGED&NOT_BANDWIDTH_CONSTRAINED Uid: 10219 RequestorUid: 10219 RequestorPkg: net.tiramisu.mdp UnderlyingNetworks: Null] ]
10-26 16:04:25.077   784  1259 D MultiInternetWifiNetworkFactory: got request NetworkRequest [ REQUEST id=350, [ Capabilities: INTERNET&NOT_RESTRICTED&TRUSTED&NOT_VCN_MANAGED&NOT_BANDWIDTH_CONSTRAINED Uid: 10219 RequestorUid: 10219 RequestorPkg: net.tiramisu.mdp UnderlyingNetworks: Null] ]
10-26 16:04:25.078   784  1259 D WifiNetworkFactory: got request NetworkRequest [ REQUEST id=350, [ Capabilities: INTERNET&NOT_RESTRICTED&TRUSTED&NOT_VCN_MANAGED&NOT_BANDWIDTH_CONSTRAINED Uid: 10219 RequestorUid: 10219 RequestorPkg: net.tiramisu.mdp UnderlyingNetworks: Null] ]
10-26 16:04:25.078   784  1259 D UntrustedWifiNetworkFactory: got request NetworkRequest [ REQUEST id=350, [ Capabilities: INTERNET&NOT_RESTRICTED&TRUSTED&NOT_VCN_MANAGED&NOT_BANDWIDTH_CONSTRAINED Uid: 10219 RequestorUid: 10219 RequestorPkg: net.tiramisu.mdp UnderlyingNetworks: Null] ]
10-26 16:04:25.099  9128  9177 W DynamiteModule: Local module descriptor class for com.google.android.gms.providerinstaller.dynamite not found.
10-26 16:04:25.107  7397  8142 W ProviderHelper: Unknown dynamite feature providerinstaller.dynamite
10-26 16:04:25.123  9128  9128 W RecyclerView: No adapter attached; skipping layout
10-26 16:04:25.128  9128  9177 I DynamiteModule: Considering local module com.google.android.gms.providerinstaller.dynamite:0 and remote module com.google.android.gms.providerinstaller.dynamite:0
10-26 16:04:25.139  9128  9177 W ProviderInstaller: Failed to load providerinstaller module: No acceptable module com.google.android.gms.providerinstaller.dynamite found. Local version is 0 and remote version is 0.
10-26 16:04:25.155  9128  9177 D ApplicationLoaders: Returning zygote-cached class loader: /system/framework/org.apache.http.legacy.jar
10-26 16:04:25.157  9128  9177 D ApplicationLoaders: Returning zygote-cached class loader: /system/framework/com.android.media.remotedisplay.jar
10-26 16:04:25.165  9128  9177 D ApplicationLoaders: Returning zygote-cached class loader: /system/framework/com.android.location.provider.jar
10-26 16:04:25.170  9128  9177 D ApplicationLoaders: Returning zygote-cached class loader: /system_ext/framework/androidx.window.extensions.jar
10-26 16:04:25.172  9128  9177 D ApplicationLoaders: Returning zygote-cached class loader: /system_ext/framework/androidx.window.sidecar.jar
10-26 16:04:25.223  1559  1707 I bluetooth: system/gd/hci/le_address_manager.cc:581 GetNextPrivateAddressIntervalRange: client=LeAddressManager, nonwake=8m51s, wake=14m3s
10-26 16:04:25.235  1559  1707 I bluetooth: system/gd/hci/le_address_manager.cc:782 OnCommandComplete: Received command complete with op_code LE_SET_RANDOM_ADDRESS(0x2005)
10-26 16:04:25.235  1559  1707 I bluetooth: system/gd/hci/le_address_manager.cc:802 OnCommandComplete: update random address : xx:xx:xx:xx:41:90
10-26 16:04:25.235  1559  1707 I bluetooth: system/gd/hci/le_address_manager.cc:397 resume_registered_clients: Resuming registered clients
10-26 16:04:25.235  1559  1707 I bluetooth: system/gd/hci/le_scanning_manager_impl.cc:623 stop_scan: Scanning already stopped, return!
10-26 16:04:25.254  9128  9177 W et.tiramisu.mdp: Loading /data/app/~~BonFFaVjy5n70xcSNCjTBQ==/com.google.android.gms-YXwTPA6SXbWkWzT7cx6BGA==/oat/x86_64/base.odex non-executable as it requires an image which we failed to load
10-26 16:04:25.273  9128  9177 D nativeloader: Configuring clns-11 for other apk /data/app/~~BonFFaVjy5n70xcSNCjTBQ==/com.google.android.gms-YXwTPA6SXbWkWzT7cx6BGA==/base.apk. target_sdk_version=36, uses_libraries=, library_path=/data/app/~~BonFFaVjy5n70xcSNCjTBQ==/com.google.android.gms-YXwTPA6SXbWkWzT7cx6BGA==/lib/x86_64:/data/app/~~BonFFaVjy5n70xcSNCjTBQ==/com.google.android.gms-YXwTPA6SXbWkWzT7cx6BGA==/base.apk!/lib/x86_64, permitted_path=/data:/mnt/expand:/data/user/0/com.google.android.gms
10-26 16:04:25.490  9128  9128 D AndroidRuntime: Shutting down VM
--------- beginning of crash
10-26 16:04:25.510  9128  9128 E AndroidRuntime: FATAL EXCEPTION: main
10-26 16:04:25.510  9128  9128 E AndroidRuntime: Process: net.tiramisu.mdp, PID: 9128
10-26 16:04:25.510  9128  9128 E AndroidRuntime: android.view.InflateException: Binary XML file line #7 in net.tiramisu.mdp:layout/fragment_transactions: Binary XML file line #85 in net.tiramisu.mdp:layout/content_transactions: Error inflating class com.google.android.material.chip.Chip
10-26 16:04:25.510  9128  9128 E AndroidRuntime: Caused by: android.view.InflateException: Binary XML file line #85 in net.tiramisu.mdp:layout/content_transactions: Error inflating class com.google.android.material.chip.Chip
10-26 16:04:25.510  9128  9128 E AndroidRuntime: Caused by: java.lang.reflect.InvocationTargetException
10-26 16:04:25.510  9128  9128 E AndroidRuntime: 	at java.lang.reflect.Constructor.newInstance0(Native Method)
10-26 16:04:25.510  9128  9128 E AndroidRuntime: 	at java.lang.reflect.Constructor.newInstance(Constructor.java:343)
10-26 16:04:25.510  9128  9128 E AndroidRuntime: 	at android.view.LayoutInflater.createView(LayoutInflater.java:743)
10-26 16:04:25.510  9128  9128 E AndroidRuntime: 	at android.view.LayoutInflater.createViewFromTag(LayoutInflater.java:895)
10-26 16:04:25.510  9128  9128 E AndroidRuntime: 	at android.view.LayoutInflater.createViewFromTag(LayoutInflater.java:850)
10-26 16:04:25.510  9128  9128 E AndroidRuntime: 	at android.view.LayoutInflater.rInflate(LayoutInflater.java:1012)
10-26 16:04:25.510  9128  9128 E AndroidRuntime: 	at android.view.LayoutInflater.rInflateChildren(LayoutInflater.java:973)
10-26 16:04:25.510  9128  9128 E AndroidRuntime: 	at android.view.LayoutInflater.rInflate(LayoutInflater.java:1016)
10-26 16:04:25.510  9128  9128 E AndroidRuntime: 	at android.view.LayoutInflater.parseInclude(LayoutInflater.java:1117)
10-26 16:04:25.510  9128  9128 E AndroidRuntime: 	at android.view.LayoutInflater.rInflate(LayoutInflater.java:1008)
10-26 16:04:25.510  9128  9128 E AndroidRuntime: 	at android.view.LayoutInflater.rInflateChildren(LayoutInflater.java:973)
10-26 16:04:25.510  9128  9128 E AndroidRuntime: 	at android.view.LayoutInflater.inflate(LayoutInflater.java:571)
10-26 16:04:25.510  9128  9128 E AndroidRuntime: 	at android.view.LayoutInflater.inflate(LayoutInflater.java:462)
10-26 16:04:25.510  9128  9128 E AndroidRuntime: 	at net.tiramisu.mdp.TransactionsFragment.onCreateView(TransactionsFragment.java:23)
10-26 16:04:25.510  9128  9128 E AndroidRuntime: 	at androidx.fragment.app.Fragment.performCreateView(Fragment.java:3104)
10-26 16:04:25.510  9128  9128 E AndroidRuntime: 	at androidx.fragment.app.FragmentStateManager.createView(FragmentStateManager.java:524)
10-26 16:04:25.510  9128  9128 E AndroidRuntime: 	at androidx.fragment.app.FragmentStateManager.moveToExpectedState(FragmentStateManager.java:261)
10-26 16:04:25.510  9128  9128 E AndroidRuntime: 	at androidx.fragment.app.FragmentManager.executeOpsTogether(FragmentManager.java:1899)
10-26 16:04:25.510  9128  9128 E AndroidRuntime: 	at androidx.fragment.app.FragmentManager.removeRedundantOperationsAndExecute(FragmentManager.java:1817)
10-26 16:04:25.510  9128  9128 E AndroidRuntime: 	at androidx.fragment.app.FragmentManager.execSingleAction(FragmentManager.java:1729)
10-26 16:04:25.510  9128  9128 E AndroidRuntime: 	at androidx.fragment.app.BackStackRecord.commitNow(BackStackRecord.java:317)
10-26 16:04:25.510  9128  9128 E AndroidRuntime: 	at androidx.viewpager2.adapter.FragmentStateAdapter.placeFragmentInViewHolder(FragmentStateAdapter.java:341)
10-26 16:04:25.510  9128  9128 E AndroidRuntime: 	at androidx.viewpager2.adapter.FragmentStateAdapter.onViewAttachedToWindow(FragmentStateAdapter.java:276)
10-26 16:04:25.510  9128  9128 E AndroidRuntime: 	at androidx.viewpager2.adapter.FragmentStateAdapter.onViewAttachedToWindow(FragmentStateAdapter.java:67)
10-26 16:04:25.510  9128  9128 E AndroidRuntime: 	at androidx.recyclerview.widget.RecyclerView.dispatchChildAttached(RecyclerView.java:8291)
10-26 16:04:25.510  9128  9128 E AndroidRuntime: 	at androidx.recyclerview.widget.RecyclerView$5.addView(RecyclerView.java:924)
10-26 16:04:25.510  9128  9128 E AndroidRuntime: 	at androidx.recyclerview.widget.ChildHelper.addView(ChildHelper.java:107)
10-26 16:04:25.510  9128  9128 E AndroidRuntime: 	at androidx.recyclerview.widget.RecyclerView$LayoutManager.addViewInt(RecyclerView.java:9344)
10-26 16:04:25.510  9128  9128 E AndroidRuntime: 	at androidx.recyclerview.widget.RecyclerView$LayoutManager.addView(RecyclerView.java:9302)
10-26 16:04:25.510  9128  9128 E AndroidRuntime: 	at androidx.recyclerview.widget.RecyclerView$LayoutManager.addView(RecyclerView.java:9289)
10-26 16:04:25.510  9128  9128 E AndroidRuntime: 	at androidx.recyclerview.widget.LinearLayoutManager.layoutChunk(LinearLayoutManager.java:1676)
10-26 16:04:25.510  9128  9128 E AndroidRuntime: 	at androidx.recyclerview.widget.LinearLayoutManager.fill(LinearLayoutManager.java:1622)
10-26 16:04:25.510  9128  9128 E AndroidRuntime: 	at androidx.recyclerview.widget.LinearLayoutManager.onLayoutChildren(LinearLayoutManager.java:687)
10-26 16:04:25.510  9128  9128 E AndroidRuntime: 	at androidx.recyclerview.widget.RecyclerView.dispatchLayoutStep2(RecyclerView.java:4604)
10-26 16:04:25.510  9128  9128 E AndroidRuntime: 	at androidx.recyclerview.widget.RecyclerView.dispatchLayout(RecyclerView.java:4307)
10-26 16:04:25.510  9128  9128 E AndroidRuntime: 	at androidx.recyclerview.widget.RecyclerView.onLayout(RecyclerView.java:4873)
10-26 16:04:25.510  9128  9128 E AndroidRuntime: 	at android.view.View.layout(View.java:25822)
10-26 16:04:25.510  9128  9128 E AndroidRuntime: 	at android.view.ViewGroup.layout(ViewGroup.java:6457)
10-26 16:04:25.510  9128  9128 E AndroidRuntime: 	at androidx.viewpager2.widget.ViewPager2.onLayout(ViewPager2.java:527)
10-26 16:04:25.510  9128  9128 E AndroidRuntime: 	at android.view.View.layout(View.java:25822)
10-26 16:04:25.510  9128  9128 E AndroidRuntime: 	at android.view.ViewGroup.layout(ViewGroup.java:6457)
10-26 16:04:25.510  9128  9128 E AndroidRuntime: 	at androidx.coordinatorlayout.widget.CoordinatorLayout.layoutChild(CoordinatorLayout.java:1213)
10-26 16:04:25.510  9128  9128 E AndroidRuntime: 	at androidx.coordinatorlayout.widget.CoordinatorLayout.onLayoutChild(CoordinatorLayout.java:899)
10-26 16:04:25.516  9128  9128 E AndroidRuntime: 	at androidx.coordinatorlayout.widget.CoordinatorLayout.onLayout(CoordinatorLayout.java:919)
10-26 16:04:25.516  9128  9128 E AndroidRuntime: 	at android.view.View.layout(View.java:25822)
10-26 16:04:25.516  9128  9128 E AndroidRuntime: 	at android.view.ViewGroup.layout(ViewGroup.java:6457)
10-26 16:04:25.516  9128  9128 E AndroidRuntime: 	at android.widget.FrameLayout.layoutChildren(FrameLayout.java:332)
10-26 16:04:25.516  9128  9128 E AndroidRuntime: 	at android.widget.FrameLayout.onLayout(FrameLayout.java:270)
10-26 16:04:25.516  9128  9128 E AndroidRuntime: 	at android.view.View.layout(View.java:25822)
10-26 16:04:25.516  9128  9128 E AndroidRuntime: 	at android.view.ViewGroup.layout(ViewGroup.java:6457)
10-26 16:04:25.516  9128  9128 E AndroidRuntime: 	at android.widget.LinearLayout.setChildFrame(LinearLayout.java:1891)
10-26 16:04:25.516  9128  9128 E AndroidRuntime: 	at android.widget.LinearLayout.layoutVertical(LinearLayout.java:1729)
10-26 16:04:25.516  9128  9128 E AndroidRuntime: 	at android.widget.LinearLayout.onLayout(LinearLayout.java:1638)
10-26 16:04:25.516  9128  9128 E AndroidRuntime: 	at android.view.View.layout(View.java:25822)
10-26 16:04:25.516  9128  9128 E AndroidRuntime: 	at android.view.ViewGroup.layout(ViewGroup.java:6457)
10-26 16:04:25.516  9128  9128 E AndroidRuntime: 	at android.widget.FrameLayout.layoutChildren(FrameLayout.java:332)
10-26 16:04:25.516  9128  9128 E AndroidRuntime: 	at android.widget.FrameLayout.onLayout(FrameLayout.java:270)
10-26 16:04:25.516  9128  9128 E AndroidRuntime: 	at android.view.View.layout(View.java:25822)
10-26 16:04:25.516  9128  9128 E AndroidRuntime: 	at android.view.ViewGroup.layout(ViewGroup.java:6457)
10-26 16:04:25.516  9128  9128 E AndroidRuntime: 	at android.widget.LinearLayout.setChildFrame(LinearLayout.java:1891)
10-26 16:04:25.516  9128  9128 E AndroidRuntime: 	at android.widget.LinearLayout.layoutVertical(LinearLayout.java:1729)
10-26 16:04:25.516  9128  9128 E AndroidRuntime: 	at android.widget.LinearLayout.onLayout(LinearLayout.java:1638)
10-26 16:04:25.516  9128  9128 E AndroidRuntime: 	at android.view.View.layout(View.java:25822)
10-26 16:04:25.516  9128  9128 E AndroidRuntime: 	at android.view.ViewGroup.layout(ViewGroup.java:6457)
10-26 16:04:25.516  9128  9128 E AndroidRuntime: 	at android.widget.FrameLayout.layoutChildren(FrameLayout.java:332)
10-26 16:04:25.516  9128  9128 E AndroidRuntime: 	at android.widget.FrameLayout.onLayout(FrameLayout.java:270)
10-26 16:04:25.516  9128  9128 E AndroidRuntime: 	at com.android.internal.policy.DecorView.onLayout(DecorView.java:797)
10-26 16:04:25.516  9128  9128 E AndroidRuntime: 	at android.view.View.layout(View.java:25822)
10-26 16:04:25.516  9128  9128 E AndroidRuntime: 	at android.view.ViewGroup.layout(ViewGroup.java:6457)
10-26 16:04:25.516  9128  9128 E AndroidRuntime: 	at android.view.ViewRootImpl.performLayout(ViewRootImpl.java:5164)
10-26 16:04:25.516  9128  9128 E AndroidRuntime: 	at android.view.ViewRootImpl.performTraversals(ViewRootImpl.java:4293)
10-26 16:04:25.516  9128  9128 E AndroidRuntime: 	at android.view.ViewRootImpl.doTraversal(ViewRootImpl.java:3127)
10-26 16:04:25.516  9128  9128 E AndroidRuntime: 	at android.view.ViewRootImpl$TraversalRunnable.run(ViewRootImpl.java:10807)
10-26 16:04:25.516  9128  9128 E AndroidRuntime: 	at android.view.Choreographer$CallbackRecord.run(Choreographer.java:1630)
10-26 16:04:25.516  9128  9128 E AndroidRuntime: 	at android.view.Choreographer$CallbackRecord.run(Choreographer.java:1639)
10-26 16:04:25.516  9128  9128 E AndroidRuntime: 	at android.view.Choreographer.doCallbacks(Choreographer.java:1235)
10-26 16:04:25.516  9128  9128 E AndroidRuntime: 	at android.view.Choreographer.doFrame(Choreographer.java:1164)
10-26 16:04:25.516  9128  9128 E AndroidRuntime: 	at android.view.Choreographer$FrameDisplayEventReceiver.run(Choreographer.java:1613)
10-26 16:04:25.516  9128  9128 E AndroidRuntime: 	at android.os.Handler.handleCallback(Handler.java:1070)
10-26 16:04:25.516  9128  9128 E AndroidRuntime: 	at android.os.Handler.dispatchMessage(Handler.java:125)
10-26 16:04:25.516  9128  9128 E AndroidRuntime: 	at android.os.Looper.dispatchMessage(Looper.java:333)
10-26 16:04:25.516  9128  9128 E AndroidRuntime: 	at android.os.Looper.loopOnce(Looper.java:263)
10-26 16:04:25.516  9128  9128 E AndroidRuntime: 	at android.os.Looper.loop(Looper.java:367)
10-26 16:04:25.516  9128  9128 E AndroidRuntime: 	at android.app.ActivityThread.main(ActivityThread.java:9282)
10-26 16:04:25.516  9128  9128 E AndroidRuntime: 	at java.lang.reflect.Method.invoke(Native Method)
10-26 16:04:25.516  9128  9128 E AndroidRuntime: 	at com.android.internal.os.RuntimeInit$MethodAndArgsCaller.run(RuntimeInit.java:566)
10-26 16:04:25.516  9128  9128 E AndroidRuntime: 	at com.android.internal.os.ZygoteInit.main(ZygoteInit.java:929)
10-26 16:04:25.516  9128  9128 E AndroidRuntime: Caused by: java.lang.IllegalArgumentException: The style on this component requires your app theme to be Theme.MaterialComponents (or a descendant).
10-26 16:04:25.516  9128  9128 E AndroidRuntime: 	at com.google.android.material.internal.ThemeEnforcement.checkTheme(ThemeEnforcement.java:249)
10-26 16:04:25.516  9128  9128 E AndroidRuntime: 	at com.google.android.material.internal.ThemeEnforcement.checkMaterialTheme(ThemeEnforcement.java:218)
10-26 16:04:25.516  9128  9128 E AndroidRuntime: 	at com.google.android.material.internal.ThemeEnforcement.checkCompatibleTheme(ThemeEnforcement.java:146)
10-26 16:04:25.516  9128  9128 E AndroidRuntime: 	at com.google.android.material.internal.ThemeEnforcement.obtainStyledAttributes(ThemeEnforcement.java:78)
10-26 16:04:25.516  9128  9128 E AndroidRuntime: 	at com.google.android.material.chip.ChipDrawable.loadFromAttributes(ChipDrawable.java:339)
10-26 16:04:25.516  9128  9128 E AndroidRuntime: 	at com.google.android.material.chip.ChipDrawable.createFromAttributes(ChipDrawable.java:284)
10-26 16:04:25.516  9128  9128 E AndroidRuntime: 	at com.google.android.material.chip.Chip.<init>(Chip.java:209)
10-26 16:04:25.516  9128  9128 E AndroidRuntime: 	at com.google.android.material.chip.Chip.<init>(Chip.java:199)
10-26 16:04:25.516  9128  9128 E AndroidRuntime: 	... 87 more
10-26 16:04:25.525  9128  9128 E MyApp   : Saved crash log to /data/user/0/net.tiramisu.mdp/files/crash_log.txt
10-26 16:04:25.525  9128  9128 I Process : Sending signal. PID: 9128 SIG: 9
10-26 16:04:25.545   784   981 W InputDispatcher: channel 'b2d3212 net.tiramisu.mdp/net.tiramisu.mdp.MainActivity' ~ Consumer closed input channel or an error occurred.  events=0x9
10-26 16:04:25.545   784   981 E InputDispatcher: channel 'b2d3212 net.tiramisu.mdp/net.tiramisu.mdp.MainActivity' ~ Channel is unrecoverably broken and will be disposed!
10-26 16:04:25.546   784   981 I WindowManager: WINDOW DIED Window{b2d3212 u0 net.tiramisu.mdp/net.tiramisu.mdp.MainActivity}
10-26 16:04:25.548   784   944 I ActivityManager: Process net.tiramisu.mdp (pid 9128) has died: fg  TOP 
10-26 16:04:25.548   784  1265 D ConnectivityService: releasing NetworkRequest [ REQUEST id=350, [ Capabilities: INTERNET&NOT_RESTRICTED&TRUSTED&NOT_VCN_MANAGED&NOT_BANDWIDTH_CONSTRAINED Uid: 10219 RequestorUid: 10219 RequestorPkg: net.tiramisu.mdp UnderlyingNetworks: Null] ] (release request)
10-26 16:04:25.550  1650  1650 I adbd    : Remote process closed the socket (on MSG_PEEK)
10-26 16:04:25.568   513   513 I Zygote  : Process 9128 exited due to signal 9 (Killed)
10-26 16:04:25.569  7428  7428 D BoundBrokerSvc: onUnbind: Intent { act=com.google.android.gms.measurement.START xflg=0x4 pkg=com.google.android.gms }
10-26 16:04:25.573   784   827 I libprocessgroup: Removed cgroup /sys/fs/cgroup/apps/uid_10219/pid_9128
10-26 16:04:25.577   784   944 W ActivityTaskManager: Force removing ActivityRecord{189785293 u0 net.tiramisu.mdp/.MainActivity t14}: app died, no saved state
