10-26 16:04:18.820  9077  9077 W service : type=1400 audit(0.0:583): avc:  denied  { call } for  scontext=u:r:shell:s0 tcontext=u:r:hal_authsecret_default:s0 tclass=binder permissive=0
10-26 16:04:18.853  9077  9077 E libbinder.IPCThreadState: Binder transaction failure. id: 830796, cmd: BR_FAILED_REPLY (29201), error: -1 (Operation not permitted)
10-26 16:04:18.854  9077  9077 W libbinder.BackendUnifiedServiceManager: Thread Pool max thread count is 0. Cannot cache binder as linkToDeath cannot be implemented. serviceName: android.hardware.bluetooth.audio.IBluetoothAudioProviderFactory/default
10-26 16:04:18.854  7535  7535 I Finsky  : [2] agbj - Received: android.intent.action.PACKAGE_ADDED, [4iEd7nMABLP5wFv__5l2SAIKaB7RVJKSKNp8y4mK_R0]
10-26 16:04:18.865   784   801 W system_server: Suspending all threads took: 16.166ms
10-26 16:04:18.867  9077  9077 E libbinder.IPCThreadState: Binder transaction failure. id: 830807, cmd: BR_FAILED_REPLY (29201), error: -1 (Operation not permitted)
10-26 16:04:18.869  9077  9077 W libbinder.BackendUnifiedServiceManager: Thread Pool max thread count is 0. Cannot cache binder as linkToDeath cannot be implemented. serviceName: android.hardware.bluetooth.offload.leaudio.IHciProxy/default
10-26 16:04:18.836  9077  9077 W service : type=1400 audit(0.0:584): avc:  denied  { call } for  scontext=u:r:shell:s0 tcontext=u:r:hal_fingerprint_default:s0 tclass=binder permissive=0
10-26 16:04:18.844  9077  9077 W service : type=1400 audit(0.0:585): avc:  denied  { call } for  scontext=u:r:shell:s0 tcontext=u:r:hal_bluetooth_default:s0 tclass=binder permissive=0
10-26 16:04:18.877  9077  9077 E libbinder.IPCThreadState: Binder transaction failure. id: 830817, cmd: BR_FAILED_REPLY (29201), error: -1 (Operation not permitted)
10-26 16:04:18.878  9077  9077 W libbinder.BackendUnifiedServiceManager: Thread Pool max thread count is 0. Cannot cache binder as linkToDeath cannot be implemented. serviceName: android.hardware.camera.provider.ICameraProvider/internal/0
10-26 16:04:18.878  9077  9077 E libbinder.IPCThreadState: Binder transaction failure. id: 830827, cmd: BR_FAILED_REPLY (29201), error: -1 (Operation not permitted)
10-26 16:04:18.879  9077  9077 W libbinder.BackendUnifiedServiceManager: Thread Pool max thread count is 0. Cannot cache binder as linkToDeath cannot be implemented. serviceName: android.hardware.camera.provider.ICameraProvider/internal/1
10-26 16:04:18.879  9077  9077 E libbinder.IPCThreadState: Binder transaction failure. id: 830832, cmd: BR_FAILED_REPLY (29201), error: -1 (Operation not permitted)
10-26 16:04:18.881  9077  9077 W libbinder.BackendUnifiedServiceManager: Thread Pool max thread count is 0. Cannot cache binder as linkToDeath cannot be implemented. serviceName: android.hardware.cas.IMediaCasService/default
10-26 16:04:18.882  7535  7604 E Finsky  : [62] [Counters] attempted to use a non-positive increment for: 4753
10-26 16:04:18.883  9077  9077 W libbinder.BackendUnifiedServiceManager: Thread Pool max thread count is 0. Cannot cache binder as linkToDeath cannot be implemented. serviceName: android.hardware.contexthub.IContextHub/default
10-26 16:04:18.884  9077  9077 E libbinder.IPCThreadState: Binder transaction failure. id: 830841, cmd: BR_FAILED_REPLY (29201), error: -1 (Operation not permitted)
10-26 16:04:18.886  9077  9077 W libbinder.BackendUnifiedServiceManager: Thread Pool max thread count is 0. Cannot cache binder as linkToDeath cannot be implemented. serviceName: android.hardware.drm.IDrmFactory/widevine
10-26 16:04:18.887  9077  9077 W libbinder.BackendUnifiedServiceManager: Thread Pool max thread count is 0. Cannot cache binder as linkToDeath cannot be implemented. serviceName: android.hardware.gatekeeper.IGatekeeper/default
10-26 16:04:18.900  9077  9077 E libbinder.IPCThreadState: Binder transaction failure. id: 830851, cmd: BR_FAILED_REPLY (29201), error: -1 (Operation not permitted)
10-26 16:04:18.901  9077  9077 E libbinder.IPCThreadState: Binder transaction failure. id: 830863, cmd: BR_FAILED_REPLY (29201), error: -1 (Operation not permitted)
10-26 16:04:18.902  7535  9079 I Finsky  : [179] SCH: Received scheduling request: Id: 12-1, Constraints: [{ L: 15000, D: 86400000, C: CHARGING_NONE, I: IDLE_NONE, N: NET_ANY, B: BATTERY_ANY }]
10-26 16:04:18.904  9077  9077 W libbinder.BackendUnifiedServiceManager: Thread Pool max thread count is 0. Cannot cache binder as linkToDeath cannot be implemented. serviceName: android.hardware.graphics.allocator.IAllocator/default
10-26 16:04:18.852  9077  9077 W service : type=1400 audit(0.0:586): avc:  denied  { call } for  scontext=u:r:shell:s0 tcontext=u:r:hal_audio_default:s0 tclass=binder permissive=0
10-26 16:04:18.909  9077  9077 W libbinder.BackendUnifiedServiceManager: Thread Pool max thread count is 0. Cannot cache binder as linkToDeath cannot be implemented. serviceName: android.hardware.graphics.composer3.IComposer/default
10-26 16:04:18.909  9077  9077 E libbinder.IPCThreadState: Binder transaction failure. id: 830887, cmd: BR_FAILED_REPLY (29201), error: -1 (Operation not permitted)
10-26 16:04:18.868  9077  9077 W service : type=1400 audit(0.0:587): avc:  denied  { call } for  scontext=u:r:shell:s0 tcontext=u:r:hal_bluetooth_default:s0 tclass=binder permissive=0
10-26 16:04:18.912  9077  9077 W libbinder.BackendUnifiedServiceManager: Thread Pool max thread count is 0. Cannot cache binder as linkToDeath cannot be implemented. serviceName: android.hardware.health.IHealth/default
10-26 16:04:18.912  9077  9077 E libbinder.IPCThreadState: Binder transaction failure. id: 830893, cmd: BR_FAILED_REPLY (29201), error: -1 (Operation not permitted)
10-26 16:04:18.913  9077  9077 W libbinder.BackendUnifiedServiceManager: Thread Pool max thread count is 0. Cannot cache binder as linkToDeath cannot be implemented. serviceName: android.hardware.identity.IIdentityCredentialStore/default
10-26 16:04:18.913  9077  9077 E libbinder.IPCThreadState: Binder transaction failure. id: 830897, cmd: BR_FAILED_REPLY (29201), error: -1 (Operation not permitted)
10-26 16:04:18.915   784   944 W AppOpService: Ignored setUidMode call for runtime permission app op: uid = 1001, code = READ_SMS, mode = allow, callingUid = 1001, oldMode = allow
10-26 16:04:18.916  9077  9077 W libbinder.BackendUnifiedServiceManager: Thread Pool max thread count is 0. Cannot cache binder as linkToDeath cannot be implemented. serviceName: android.hardware.light.ILights/default
10-26 16:04:18.916  9077  9077 E libbinder.IPCThreadState: Binder transaction failure. id: 830908, cmd: BR_FAILED_REPLY (29201), error: -1 (Operation not permitted)
10-26 16:04:18.917  9077  9077 W libbinder.BackendUnifiedServiceManager: Thread Pool max thread count is 0. Cannot cache binder as linkToDeath cannot be implemented. serviceName: android.hardware.media.c2.IComponentStore/software
10-26 16:04:18.918   784  1592 W AppOpService: Ignored setUidMode call for runtime permission app op: uid = 1001, code = RECEIVE_SMS, mode = allow, callingUid = 1001, oldMode = allow
10-26 16:04:18.919  9077  9077 W libbinder.BackendUnifiedServiceManager: Thread Pool max thread count is 0. Cannot cache binder as linkToDeath cannot be implemented. serviceName: android.hardware.neuralnetworks.IDevice/nnapi-sample_all
10-26 16:04:18.921  9077  9077 W libbinder.BackendUnifiedServiceManager: Thread Pool max thread count is 0. Cannot cache binder as linkToDeath cannot be implemented. serviceName: android.hardware.neuralnetworks.IDevice/nnapi-sample_quant
10-26 16:04:18.923  9077  9077 W libbinder.BackendUnifiedServiceManager: Thread Pool max thread count is 0. Cannot cache binder as linkToDeath cannot be implemented. serviceName: android.hardware.neuralnetworks.IDevice/nnapi-sample_sl_shim
10-26 16:04:18.925  9077  9077 W libbinder.BackendUnifiedServiceManager: Thread Pool max thread count is 0. Cannot cache binder as linkToDeath cannot be implemented. serviceName: android.hardware.power.IPower/default
10-26 16:04:18.925  9077  9077 E libbinder.IPCThreadState: Binder transaction failure. id: 830937, cmd: BR_FAILED_REPLY (29201), error: -1 (Operation not permitted)
10-26 16:04:18.926  9077  9077 W libbinder.BackendUnifiedServiceManager: Thread Pool max thread count is 0. Cannot cache binder as linkToDeath cannot be implemented. serviceName: android.hardware.power.stats.IPowerStats/default
10-26 16:04:18.926  9077  9077 E libbinder.IPCThreadState: Binder transaction failure. id: 830943, cmd: BR_FAILED_REPLY (29201), error: -1 (Operation not permitted)
10-26 16:04:18.926  9077  9077 W libbinder.BackendUnifiedServiceManager: Thread Pool max thread count is 0. Cannot cache binder as linkToDeath cannot be implemented. serviceName: android.hardware.radio.config.IRadioConfig/default
10-26 16:04:18.926  9077  9077 E libbinder.IPCThreadState: Binder transaction failure. id: 830947, cmd: BR_FAILED_REPLY (29201), error: -1 (Operation not permitted)
10-26 16:04:18.926   784   784 W Looper  : Slow dispatch took 486ms main app=system_server main=true group=FOREGROUND h=android.app.ActivityThread$H c=android.app.LoadedApk$ReceiverDispatcher$Args$$ExternalSyntheticLambda0@db949a3 m=0
10-26 16:04:18.927  9077  9077 W libbinder.BackendUnifiedServiceManager: Thread Pool max thread count is 0. Cannot cache binder as linkToDeath cannot be implemented. serviceName: android.hardware.radio.data.IRadioData/slot1
10-26 16:04:18.927  9077  9077 E libbinder.IPCThreadState: Binder transaction failure. id: 830952, cmd: BR_FAILED_REPLY (29201), error: -1 (Operation not permitted)
10-26 16:04:18.928  9077  9077 W libbinder.BackendUnifiedServiceManager: Thread Pool max thread count is 0. Cannot cache binder as linkToDeath cannot be implemented. serviceName: android.hardware.radio.ims.IRadioIms/slot1
10-26 16:04:18.928  9077  9077 E libbinder.IPCThreadState: Binder transaction failure. id: 830956, cmd: BR_FAILED_REPLY (29201), error: -1 (Operation not permitted)
10-26 16:04:18.929   784  2290 W AppOpService: Ignored setUidMode call for runtime permission app op: uid = 1001, code = RECEIVE_WAP_PUSH, mode = allow, callingUid = 1001, oldMode = allow
10-26 16:04:18.929  9077  9077 W libbinder.BackendUnifiedServiceManager: Thread Pool max thread count is 0. Cannot cache binder as linkToDeath cannot be implemented. serviceName: android.hardware.radio.ims.media.IImsMedia/default
10-26 16:04:18.929  9077  9077 E libbinder.IPCThreadState: Binder transaction failure. id: 830962, cmd: BR_FAILED_REPLY (29201), error: -1 (Operation not permitted)
10-26 16:04:18.931  9077  9077 W libbinder.BackendUnifiedServiceManager: Thread Pool max thread count is 0. Cannot cache binder as linkToDeath cannot be implemented. serviceName: android.hardware.radio.messaging.IRadioMessaging/slot1
10-26 16:04:18.931  9077  9077 E libbinder.IPCThreadState: Binder transaction failure. id: 830970, cmd: BR_FAILED_REPLY (29201), error: -1 (Operation not permitted)
10-26 16:04:18.931  9077  9077 W libbinder.BackendUnifiedServiceManager: Thread Pool max thread count is 0. Cannot cache binder as linkToDeath cannot be implemented. serviceName: android.hardware.radio.modem.IRadioModem/slot1
10-26 16:04:18.931  9077  9077 E libbinder.IPCThreadState: Binder transaction failure. id: 830974, cmd: BR_FAILED_REPLY (29201), error: -1 (Operation not permitted)
10-26 16:04:18.935  9077  9077 W libbinder.BackendUnifiedServiceManager: Thread Pool max thread count is 0. Cannot cache binder as linkToDeath cannot be implemented. serviceName: android.hardware.radio.network.IRadioNetwork/slot1
10-26 16:04:18.935  9077  9077 E libbinder.IPCThreadState: Binder transaction failure. id: 830979, cmd: BR_FAILED_REPLY (29201), error: -1 (Operation not permitted)
10-26 16:04:18.936  9077  9077 W libbinder.BackendUnifiedServiceManager: Thread Pool max thread count is 0. Cannot cache binder as linkToDeath cannot be implemented. serviceName: android.hardware.radio.sap.ISap/slot1
10-26 16:04:18.937  9077  9077 E libbinder.IPCThreadState: Binder transaction failure. id: 830985, cmd: BR_FAILED_REPLY (29201), error: -1 (Operation not permitted)
10-26 16:04:18.942  9077  9077 W libbinder.BackendUnifiedServiceManager: Thread Pool max thread count is 0. Cannot cache binder as linkToDeath cannot be implemented. serviceName: android.hardware.radio.sim.IRadioSim/slot1
10-26 16:04:18.943  9077  9077 E libbinder.IPCThreadState: Binder transaction failure. id: 830991, cmd: BR_FAILED_REPLY (29201), error: -1 (Operation not permitted)
10-26 16:04:18.943  9077  9077 W libbinder.BackendUnifiedServiceManager: Thread Pool max thread count is 0. Cannot cache binder as linkToDeath cannot be implemented. serviceName: android.hardware.radio.voice.IRadioVoice/slot1
10-26 16:04:18.943  9077  9077 E libbinder.IPCThreadState: Binder transaction failure. id: 830995, cmd: BR_FAILED_REPLY (29201), error: -1 (Operation not permitted)
10-26 16:04:18.944  9077  9077 W libbinder.BackendUnifiedServiceManager: Thread Pool max thread count is 0. Cannot cache binder as linkToDeath cannot be implemented. serviceName: android.hardware.rebootescrow.IRebootEscrow/default
10-26 16:04:18.944  9077  9077 E libbinder.IPCThreadState: Binder transaction failure. id: 830999, cmd: BR_FAILED_REPLY (29201), error: -1 (Operation not permitted)
10-26 16:04:18.948   784  1586 W AppOpService: Ignored setUidMode call for runtime permission app op: uid = 1001, code = SEND_SMS, mode = allow, callingUid = 1001, oldMode = allow
10-26 16:04:18.958  9077  9077 W libbinder.BackendUnifiedServiceManager: Thread Pool max thread count is 0. Cannot cache binder as linkToDeath cannot be implemented. serviceName: android.hardware.security.keymint.IRemotelyProvisionedComponent/default
10-26 16:04:18.876  9077  9077 W service : type=1400 audit(0.0:588): avc:  denied  { call } for  scontext=u:r:shell:s0 tcontext=u:r:hal_camera_default:s0 tclass=binder permissive=0
10-26 16:04:18.978   784   970 I RoleService: Granting default roles...
10-26 16:04:18.987   784   784 D ActivityThread: Package [net.tiramisu.mdp] reported as REPLACED, but missing application info. Assuming REMOVED.
10-26 16:04:18.989   784  1592 W AppOpService: Ignored setUidMode call for runtime permission app op: uid = 1001, code = READ_CELL_BROADCASTS, mode = allow, callingUid = 1001, oldMode = allow
10-26 16:04:18.997  9077  9077 W libbinder.BackendUnifiedServiceManager: Thread Pool max thread count is 0. Cannot cache binder as linkToDeath cannot be implemented. serviceName: android.hardware.security.sharedsecret.ISharedSecret/gatekeeper
10-26 16:04:18.997  9077  9077 E libbinder.IPCThreadState: Binder transaction failure. id: 831047, cmd: BR_FAILED_REPLY (29201), error: -1 (Operation not permitted)
10-26 16:04:18.998  9077  9077 W libbinder.BackendUnifiedServiceManager: Thread Pool max thread count is 0. Cannot cache binder as linkToDeath cannot be implemented. serviceName: android.hardware.sensors.ISensors/default
10-26 16:04:18.998  9077  9077 E libbinder.IPCThreadState: Binder transaction failure. id: 831051, cmd: BR_FAILED_REPLY (29201), error: -1 (Operation not permitted)
10-26 16:04:19.000  9077  9077 W libbinder.BackendUnifiedServiceManager: Thread Pool max thread count is 0. Cannot cache binder as linkToDeath cannot be implemented. serviceName: android.hardware.thermal.IThermal/default
10-26 16:04:19.000  9077  9077 E libbinder.IPCThreadState: Binder transaction failure. id: 831057, cmd: BR_FAILED_REPLY (29201), error: -1 (Operation not permitted)
10-26 16:04:19.001  9077  9077 W libbinder.BackendUnifiedServiceManager: Thread Pool max thread count is 0. Cannot cache binder as linkToDeath cannot be implemented. serviceName: android.hardware.threadnetwork.IThreadChip/chip0
10-26 16:04:19.001  9077  9077 E libbinder.IPCThreadState: Binder transaction failure. id: 831061, cmd: BR_FAILED_REPLY (29201), error: -1 (Operation not permitted)
10-26 16:04:19.002  9077  9077 W libbinder.BackendUnifiedServiceManager: Thread Pool max thread count is 0. Cannot cache binder as linkToDeath cannot be implemented. serviceName: android.hardware.usb.IUsb/default
10-26 16:04:19.003  9077  9077 E libbinder.IPCThreadState: Binder transaction failure. id: 831065, cmd: BR_FAILED_REPLY (29201), error: -1 (Operation not permitted)
10-26 16:04:18.876  9077  9077 W service : type=1400 audit(0.0:589): avc:  denied  { call } for  scontext=u:r:shell:s0 tcontext=u:r:hal_camera_default:s0 tclass=binder permissive=0
10-26 16:04:19.004  9077  9077 W libbinder.BackendUnifiedServiceManager: Thread Pool max thread count is 0. Cannot cache binder as linkToDeath cannot be implemented. serviceName: android.hardware.uwb.IUwb/default
10-26 16:04:19.004  9077  9077 E libbinder.IPCThreadState: Binder transaction failure. id: 831069, cmd: BR_FAILED_REPLY (29201), error: -1 (Operation not permitted)
10-26 16:04:19.006  9077  9077 W libbinder.BackendUnifiedServiceManager: Thread Pool max thread count is 0. Cannot cache binder as linkToDeath cannot be implemented. serviceName: android.hardware.vibrator.IVibrator/default
10-26 16:04:19.006  9077  9077 E libbinder.IPCThreadState: Binder transaction failure. id: 831074, cmd: BR_FAILED_REPLY (29201), error: -1 (Operation not permitted)
10-26 16:04:19.007  9077  9077 W libbinder.BackendUnifiedServiceManager: Thread Pool max thread count is 0. Cannot cache binder as linkToDeath cannot be implemented. serviceName: android.hardware.vibrator.IVibratorManager/default
10-26 16:04:19.007  9077  9077 E libbinder.IPCThreadState: Binder transaction failure. id: 831078, cmd: BR_FAILED_REPLY (29201), error: -1 (Operation not permitted)
10-26 16:04:19.009  9077  9077 W libbinder.BackendUnifiedServiceManager: Thread Pool max thread count is 0. Cannot cache binder as linkToDeath cannot be implemented. serviceName: android.hardware.wifi.IWifi/default
10-26 16:04:19.009  9077  9077 E libbinder.IPCThreadState: Binder transaction failure. id: 831082, cmd: BR_FAILED_REPLY (29201), error: -1 (Operation not permitted)
10-26 16:04:19.011  9077  9077 W libbinder.BackendUnifiedServiceManager: Thread Pool max thread count is 0. Cannot cache binder as linkToDeath cannot be implemented. serviceName: android.hardware.wifi.supplicant.ISupplicant/default
10-26 16:04:19.011   784   784 D AS.AudioService: received android.intent.action.PACKAGE_ADDED replacing: true archival: false for package net.tiramisu.mdp with uid 10219
10-26 16:04:19.011  9077  9077 E libbinder.IPCThreadState: Binder transaction failure. id: 831086, cmd: BR_FAILED_REPLY (29201), error: -1 (Operation not permitted)
10-26 16:04:19.012  9077  9077 W libbinder.BackendUnifiedServiceManager: Thread Pool max thread count is 0. Cannot cache binder as linkToDeath cannot be implemented. serviceName: android.security.apc
10-26 16:04:19.016  9077  9077 W libbinder.BackendUnifiedServiceManager: Thread Pool max thread count is 0. Cannot cache binder as linkToDeath cannot be implemented. serviceName: android.security.authorization
10-26 16:04:19.016  9077  9077 W libbinder.BackendUnifiedServiceManager: Thread Pool max thread count is 0. Cannot cache binder as linkToDeath cannot be implemented. serviceName: android.security.compat
10-26 16:04:19.018  9077  9077 W libbinder.BackendUnifiedServiceManager: Thread Pool max thread count is 0. Cannot cache binder as linkToDeath cannot be implemented. serviceName: android.security.identity
10-26 16:04:18.880  9077  9077 W service : type=1400 audit(0.0:590): avc:  denied  { call } for  scontext=u:r:shell:s0 tcontext=u:r:hal_contexthub_default:s0 tclass=binder permissive=0
10-26 16:04:19.022  9077  9077 W libbinder.BackendUnifiedServiceManager: Thread Pool max thread count is 0. Cannot cache binder as linkToDeath cannot be implemented. serviceName: android.security.legacykeystore
10-26 16:04:19.023  9077  9077 W libbinder.BackendUnifiedServiceManager: Thread Pool max thread count is 0. Cannot cache binder as linkToDeath cannot be implemented. serviceName: android.security.maintenance
10-26 16:04:19.027  9077  9077 W libbinder.BackendUnifiedServiceManager: Thread Pool max thread count is 0. Cannot cache binder as linkToDeath cannot be implemented. serviceName: android.security.metrics
10-26 16:04:19.041  9077  9077 W libbinder.BackendUnifiedServiceManager: Thread Pool max thread count is 0. Cannot cache binder as linkToDeath cannot be implemented. serviceName: android.system.keystore2.IKeystoreService/default
10-26 16:04:19.044  9077  9077 W libbinder.BackendUnifiedServiceManager: Thread Pool max thread count is 0. Cannot cache binder as linkToDeath cannot be implemented. serviceName: android.system.net.netd.INetd/default
10-26 16:04:19.047  9077  9077 E libbinder.IPCThreadState: Binder transaction failure. id: 831146, cmd: BR_FAILED_REPLY (29201), error: -1 (Operation not permitted)
10-26 16:04:19.049  9077  9077 W libbinder.BackendUnifiedServiceManager: Thread Pool max thread count is 0. Cannot cache binder as linkToDeath cannot be implemented. serviceName: android.system.suspend.ISystemSuspend/default
10-26 16:04:19.051  9077  9077 E libbinder.IPCThreadState: Binder transaction failure. id: 831151, cmd: BR_FAILED_REPLY (29201), error: -1 (Operation not permitted)
10-26 16:04:19.052  9077  9077 W libbinder.BackendUnifiedServiceManager: Thread Pool max thread count is 0. Cannot cache binder as linkToDeath cannot be implemented. serviceName: android.system.vmtethering.IVmTethering
10-26 16:04:19.056  9077  9077 W libbinder.BackendUnifiedServiceManager: Thread Pool max thread count is 0. Cannot cache binder as linkToDeath cannot be implemented. serviceName: android.system.vold.IVold/default
10-26 16:04:19.056  9077  9077 E libbinder.IPCThreadState: Binder transaction failure. id: 831166, cmd: BR_FAILED_REPLY (29201), error: -1 (Operation not permitted)
10-26 16:04:19.058  9077  9077 W libbinder.BackendUnifiedServiceManager: Thread Pool max thread count is 0. Cannot cache binder as linkToDeath cannot be implemented. serviceName: app_binding
10-26 16:04:19.059  9077  9077 E libbinder.Parcel: Reading a NULL string not supported here.
10-26 16:04:19.062  9077  9077 W libbinder.BackendUnifiedServiceManager: Thread Pool max thread count is 0. Cannot cache binder as linkToDeath cannot be implemented. serviceName: app_function
10-26 16:04:19.064   784   784 D AppSearchAppsIndexerManagerS: userid in package receiver: 10219
10-26 16:04:19.070  9077  9077 W libbinder.BackendUnifiedServiceManager: Thread Pool max thread count is 0. Cannot cache binder as linkToDeath cannot be implemented. serviceName: app_hibernation
10-26 16:04:19.072  9077  9077 W libbinder.BackendUnifiedServiceManager: Thread Pool max thread count is 0. Cannot cache binder as linkToDeath cannot be implemented. serviceName: app_integrity
10-26 16:04:19.073  7535  7535 I Finsky  : [2] DTU: Received onPackageAdded, replacing: true
10-26 16:04:19.079   784  1317 D BackgroundInstallControlService: Package event received: 0
10-26 16:04:19.083   784  1504 W SignedPackage: Package doesn't have required signing certificate: com.google.android.retaildemo
10-26 16:04:19.084   784  1317 D BackgroundInstallControlService: Package event received: 0
10-26 16:04:19.086  9077  9077 W libbinder.BackendUnifiedServiceManager: Thread Pool max thread count is 0. Cannot cache binder as linkToDeath cannot be implemented. serviceName: app_prediction
10-26 16:04:19.092  9077  9077 W libbinder.BackendUnifiedServiceManager: Thread Pool max thread count is 0. Cannot cache binder as linkToDeath cannot be implemented. serviceName: app_search
10-26 16:04:19.092  7535  7604 I Finsky  : [62] AIM: AppInfoManager-Perf > OnDeviceAppInfo > cacheHitCount=0, cacheMissCount=1. Missed  in cache (limit 10) : [net.tiramisu.mdp]
10-26 16:04:19.098  9077  9077 W libbinder.BackendUnifiedServiceManager: Thread Pool max thread count is 0. Cannot cache binder as linkToDeath cannot be implemented. serviceName: appops
10-26 16:04:19.102  7535  7604 I Finsky  : [62] AIM: Got app ownership map. App counts: . Unique apps: 0
10-26 16:04:19.103  7535  7604 E Finsky  : [62] [Counters] attempted to use a non-positive increment for: 4752
10-26 16:04:19.103  7535  7604 E Finsky  : [62] [Counters] attempted to use a non-positive increment for: 4753
10-26 16:04:19.103  9077  9077 W libbinder.BackendUnifiedServiceManager: Thread Pool max thread count is 0. Cannot cache binder as linkToDeath cannot be implemented. serviceName: appwidget
10-26 16:04:19.106   784  1504 E RoleControllerServiceImpl: Default/fallback role holder package doesn't qualify for the role, package: com.google.android.gms.supervision, role: android.app.role.SYSTEM_SUPERVISION, user: 0
10-26 16:04:19.107  7535  7593 I Finsky  : [57] AIM: AppInfoManager-Perf > ItemModel > CacheSize=0, cacheHitCount=0, cacheMissCount=1, total appsWithNoServerDataCount=0. Missed  in cache (limit 10) : [net.tiramisu.mdp]
10-26 16:04:19.110  9077  9077 E libbinder.IPCThreadState: Binder transaction failure. id: 831287, cmd: BR_FAILED_REPLY (29201), error: -1 (Operation not permitted)
10-26 16:04:19.111  1546  1546 E SmsApplication: com.google.android.apps.messaging lost android:read_cell_broadcasts:  (fixing)
10-26 16:04:19.112  9077  9077 W libbinder.BackendUnifiedServiceManager: Thread Pool max thread count is 0. Cannot cache binder as linkToDeath cannot be implemented. serviceName: attestation_verification
10-26 16:04:19.112   784  2287 W AppOpService: Ignored setUidMode call for runtime permission app op: uid = 10146, code = READ_CELL_BROADCASTS, mode = allow, callingUid = 1001, oldMode = allow
10-26 16:04:19.114  9077  9077 W libbinder.BackendUnifiedServiceManager: Thread Pool max thread count is 0. Cannot cache binder as linkToDeath cannot be implemented. serviceName: audio
10-26 16:04:19.118  9077  9077 W libbinder.BackendUnifiedServiceManager: Thread Pool max thread count is 0. Cannot cache binder as linkToDeath cannot be implemented. serviceName: auth
10-26 16:04:19.121   784  2287 W AppOpService: Ignored setUidMode call for runtime permission app op: uid = 1001, code = READ_SMS, mode = allow, callingUid = 1001, oldMode = allow
10-26 16:04:19.121   784   944 W AppOpService: Ignored setUidMode call for runtime permission app op: uid = 1001, code = RECEIVE_SMS, mode = allow, callingUid = 1001, oldMode = allow
10-26 16:04:19.122  9077  9077 W libbinder.BackendUnifiedServiceManager: Thread Pool max thread count is 0. Cannot cache binder as linkToDeath cannot be implemented. serviceName: authentication_policy
10-26 16:04:19.123   784   944 W AppOpService: Ignored setUidMode call for runtime permission app op: uid = 1001, code = RECEIVE_WAP_PUSH, mode = allow, callingUid = 1001, oldMode = allow
10-26 16:04:19.127   784  1720 W AppOpService: Ignored setUidMode call for runtime permission app op: uid = 1001, code = SEND_SMS, mode = allow, callingUid = 1001, oldMode = allow
10-26 16:04:19.128  9077  9077 W libbinder.BackendUnifiedServiceManager: Thread Pool max thread count is 0. Cannot cache binder as linkToDeath cannot be implemented. serviceName: autofill
10-26 16:04:19.129  9077  9077 W libbinder.BackendUnifiedServiceManager: Thread Pool max thread count is 0. Cannot cache binder as linkToDeath cannot be implemented. serviceName: background_install_control
10-26 16:04:19.131  9077  9077 W libbinder.BackendUnifiedServiceManager: Thread Pool max thread count is 0. Cannot cache binder as linkToDeath cannot be implemented. serviceName: backup
10-26 16:04:19.134  9077  9077 W libbinder.BackendUnifiedServiceManager: Thread Pool max thread count is 0. Cannot cache binder as linkToDeath cannot be implemented. serviceName: battery
10-26 16:04:19.136   784  1720 W AppOpService: Ignored setUidMode call for runtime permission app op: uid = 1001, code = READ_CELL_BROADCASTS, mode = allow, callingUid = 1001, oldMode = allow
10-26 16:04:19.136  9077  9077 E libbinder.Parcel: Reading a NULL string not supported here.
10-26 16:04:19.137  9077  9077 W libbinder.BackendUnifiedServiceManager: Thread Pool max thread count is 0. Cannot cache binder as linkToDeath cannot be implemented. serviceName: batteryproperties
10-26 16:04:19.140  9077  9077 W libbinder.BackendUnifiedServiceManager: Thread Pool max thread count is 0. Cannot cache binder as linkToDeath cannot be implemented. serviceName: batterystats
10-26 16:04:19.145  9077  9077 W libbinder.BackendUnifiedServiceManager: Thread Pool max thread count is 0. Cannot cache binder as linkToDeath cannot be implemented. serviceName: binder_calls_stats
10-26 16:04:19.146  9077  9077 E libbinder.Parcel: Reading a NULL string not supported here.
10-26 16:04:19.147  9077  9077 W libbinder.BackendUnifiedServiceManager: Thread Pool max thread count is 0. Cannot cache binder as linkToDeath cannot be implemented. serviceName: biometric
10-26 16:04:19.150  9077  9077 W libbinder.BackendUnifiedServiceManager: Thread Pool max thread count is 0. Cannot cache binder as linkToDeath cannot be implemented. serviceName: blob_store
10-26 16:04:19.153  9077  9077 W libbinder.BackendUnifiedServiceManager: Thread Pool max thread count is 0. Cannot cache binder as linkToDeath cannot be implemented. serviceName: bluetooth_manager
10-26 16:04:19.156  9077  9077 W libbinder.BackendUnifiedServiceManager: Thread Pool max thread count is 0. Cannot cache binder as linkToDeath cannot be implemented. serviceName: bugreport
10-26 16:04:19.160  9077  9077 W libbinder.BackendUnifiedServiceManager: Thread Pool max thread count is 0. Cannot cache binder as linkToDeath cannot be implemented. serviceName: cacheinfo
10-26 16:04:19.161  9077  9077 E libbinder.Parcel: Reading a NULL string not supported here.
10-26 16:04:19.162  9077  9077 W libbinder.BackendUnifiedServiceManager: Thread Pool max thread count is 0. Cannot cache binder as linkToDeath cannot be implemented. serviceName: carrier_config
10-26 16:04:19.167  9077  9077 W libbinder.BackendUnifiedServiceManager: Thread Pool max thread count is 0. Cannot cache binder as linkToDeath cannot be implemented. serviceName: clipboard
10-26 16:04:19.170   784   784 D BackupManagerConstants: getFullBackupIntervalMilliseconds(...) returns 86400000
10-26 16:04:19.170   784   784 D BackupManagerConstants: getFullBackupRequiredNetworkType(...) returns 2
10-26 16:04:19.171   784   784 D BackupManagerConstants: getFullBackupRequireCharging(...) returns true
10-26 16:04:19.173  9077  9077 W libbinder.BackendUnifiedServiceManager: Thread Pool max thread count is 0. Cannot cache binder as linkToDeath cannot be implemented. serviceName: color_display
10-26 16:04:19.175  9077  9077 W libbinder.BackendUnifiedServiceManager: Thread Pool max thread count is 0. Cannot cache binder as linkToDeath cannot be implemented. serviceName: companiondevice
10-26 16:04:19.175  7535  9079 I Finsky  : [179] SCH: Received scheduling request: Id: 12-1, Constraints: [{ L: 15000, D: 86400000, C: CHARGING_NONE, I: IDLE_NONE, N: NET_ANY, B: BATTERY_ANY }]
10-26 16:04:19.177  6730  6730 I Finsky:background: [2] IQ: onPackageRemoved net.tiramisu.mdp, replacing=true, uninstallingFromPlay=false
10-26 16:04:19.181  9077  9077 W libbinder.BackendUnifiedServiceManager: Thread Pool max thread count is 0. Cannot cache binder as linkToDeath cannot be implemented. serviceName: connectivity
10-26 16:04:19.183  7535  7593 I Finsky  : [57] AIM: AppInfoManager-Perf > ItemModel > ItemStore Called 1 apps cacheOptions = USE_CACHE
10-26 16:04:19.188  9077  9077 W libbinder.BackendUnifiedServiceManager: Thread Pool max thread count is 0. Cannot cache binder as linkToDeath cannot be implemented. serviceName: connectivity_native
10-26 16:04:19.192  9077  9077 W libbinder.BackendUnifiedServiceManager: Thread Pool max thread count is 0. Cannot cache binder as linkToDeath cannot be implemented. serviceName: connmetrics
10-26 16:04:19.193   784  1504 W SignedPackage: Package doesn't have required signing certificate: com.google.android.apps.work.clouddpc
10-26 16:04:19.201  7535  7620 I Finsky  : [69] ItemStore: Not cached: net.tiramisu.mdp
10-26 16:04:19.212  7428  7433 W gle.android.gms: Suspending all threads took: 61.244ms
10-26 16:04:19.220  7535  7593 I Finsky  : [57] AIM: ItemModel fetch - unauth(1), auth()
10-26 16:04:19.220  9077  9077 W libbinder.BackendUnifiedServiceManager: Thread Pool max thread count is 0. Cannot cache binder as linkToDeath cannot be implemented. serviceName: content
10-26 16:04:19.236  9077  9077 W libbinder.BackendUnifiedServiceManager: Thread Pool max thread count is 0. Cannot cache binder as linkToDeath cannot be implemented. serviceName: content_capture
10-26 16:04:19.237  9077  9077 W libbinder.BackendUnifiedServiceManager: Thread Pool max thread count is 0. Cannot cache binder as linkToDeath cannot be implemented. serviceName: content_suggestions
10-26 16:04:19.255  9077  9077 W libbinder.BackendUnifiedServiceManager: Thread Pool max thread count is 0. Cannot cache binder as linkToDeath cannot be implemented. serviceName: contexthub
10-26 16:04:19.257  9077  9077 W libbinder.BackendUnifiedServiceManager: Thread Pool max thread count is 0. Cannot cache binder as linkToDeath cannot be implemented. serviceName: country_detector
10-26 16:04:19.262  6730  6730 I Finsky:background: [2] agaz - Received: android.intent.action.PACKAGE_ADDED, [4iEd7nMABLP5wFv__5l2SAIKaB7RVJKSKNp8y4mK_R0]
10-26 16:04:19.265  9077  9077 W libbinder.BackendUnifiedServiceManager: Thread Pool max thread count is 0. Cannot cache binder as linkToDeath cannot be implemented. serviceName: cpuinfo
10-26 16:04:19.273  7535  7593 I Finsky  : [57] AIM: AppInfoManager-Perf > ItemModel > CacheSize=0, cacheHitCount=0, cacheMissCount=1, total appsWithNoServerDataCount=0. Missed  in cache (limit 10) : [net.tiramisu.mdp]
10-26 16:04:19.279  9077  9077 E libbinder.Parcel: Reading a NULL string not supported here.
10-26 16:04:19.282  9077  9077 W libbinder.BackendUnifiedServiceManager: Thread Pool max thread count is 0. Cannot cache binder as linkToDeath cannot be implemented. serviceName: credential
10-26 16:04:19.284  1380  6298 I PermissionControllerServiceImpl: Updating user sensitive for uid 10219
10-26 16:04:19.286  9077  9077 W libbinder.BackendUnifiedServiceManager: Thread Pool max thread count is 0. Cannot cache binder as linkToDeath cannot be implemented. serviceName: crossprofileapps
10-26 16:04:19.286  7535  7593 I Finsky  : [57] AIM: AppInfoManager-Perf > ItemModel > ItemStore Called 1 apps cacheOptions = USE_CACHE
10-26 16:04:19.292  9077  9077 W libbinder.BackendUnifiedServiceManager: Thread Pool max thread count is 0. Cannot cache binder as linkToDeath cannot be implemented. serviceName: dataloader_manager
10-26 16:04:19.294  9077  9077 W libbinder.BackendUnifiedServiceManager: Thread Pool max thread count is 0. Cannot cache binder as linkToDeath cannot be implemented. serviceName: dbinfo
10-26 16:04:19.296  9077  9077 E libbinder.Parcel: Reading a NULL string not supported here.
10-26 16:04:19.297  9077  9077 W libbinder.BackendUnifiedServiceManager: Thread Pool max thread count is 0. Cannot cache binder as linkToDeath cannot be implemented. serviceName: device_config
10-26 16:04:19.302   784   801 I system_server: Background concurrent mark compact GC freed 10123KB AllocSpace bytes, 14(284KB) LOS objects, 41% free, 34MB/58MB, paused 39.009ms,5.111ms total 1.765s
10-26 16:04:19.302  7535  7620 I Finsky  : [69] ItemStore: Not cached: net.tiramisu.mdp
10-26 16:04:19.303  9077  9077 E libbinder.Parcel: Reading a NULL string not supported here.
10-26 16:04:19.304  7535  7593 I Finsky  : [57] AIM: ItemModel fetch - unauth(1), auth()
10-26 16:04:19.305  9077  9077 W libbinder.BackendUnifiedServiceManager: Thread Pool max thread count is 0. Cannot cache binder as linkToDeath cannot be implemented. serviceName: device_identifiers
10-26 16:04:19.311  9077  9077 W libbinder.BackendUnifiedServiceManager: Thread Pool max thread count is 0. Cannot cache binder as linkToDeath cannot be implemented. serviceName: device_lock
10-26 16:04:19.313  9077  9077 W libbinder.BackendUnifiedServiceManager: Thread Pool max thread count is 0. Cannot cache binder as linkToDeath cannot be implemented. serviceName: device_policy
10-26 16:04:19.318  1546  1842 D ImsResolver: maybeAddedImsService, packageName: net.tiramisu.mdp
10-26 16:04:19.318  1546  1842 V ImsResolver: searchForImsServices: package=net.tiramisu.mdp, users=[UserHandle{0}]
10-26 16:04:19.319  6730  9088 I Finsky:background: [150] IQ: handled package removed
10-26 16:04:19.319  1546  1842 V ImsResolver: searchForImsServices: package=net.tiramisu.mdp, users=[UserHandle{0}]
10-26 16:04:19.322  9077  9077 W libbinder.BackendUnifiedServiceManager: Thread Pool max thread count is 0. Cannot cache binder as linkToDeath cannot be implemented. serviceName: device_state
10-26 16:04:19.325  9077  9077 W libbinder.BackendUnifiedServiceManager: Thread Pool max thread count is 0. Cannot cache binder as linkToDeath cannot be implemented. serviceName: deviceidle
10-26 16:04:19.327  2058  2058 I AiAiTextClassifier: onDestroyTextClassificationSession = TextClassificationSessionId {78b50cef-933f-4c32-a7e2-d42649812d4a}
10-26 16:04:19.329  9077  9077 W libbinder.BackendUnifiedServiceManager: Thread Pool max thread count is 0. Cannot cache binder as linkToDeath cannot be implemented. serviceName: devicestoragemonitor
10-26 16:04:19.330  9077  9077 E libbinder.Parcel: Reading a NULL string not supported here.
10-26 16:04:19.332  9077  9077 W libbinder.BackendUnifiedServiceManager: Thread Pool max thread count is 0. Cannot cache binder as linkToDeath cannot be implemented. serviceName: diskstats
10-26 16:04:19.333  9077  9077 E libbinder.Parcel: Reading a NULL string not supported here.
10-26 16:04:19.334  9077  9077 W libbinder.BackendUnifiedServiceManager: Thread Pool max thread count is 0. Cannot cache binder as linkToDeath cannot be implemented. serviceName: display
10-26 16:04:19.336   784   803 W System  : A resource failed to call close. 
10-26 16:04:19.353  9077  9077 W libbinder.BackendUnifiedServiceManager: Thread Pool max thread count is 0. Cannot cache binder as linkToDeath cannot be implemented. serviceName: domain_verification
10-26 16:04:19.356  9077  9077 W libbinder.BackendUnifiedServiceManager: Thread Pool max thread count is 0. Cannot cache binder as linkToDeath cannot be implemented. serviceName: dreams
10-26 16:04:19.357  9077  9077 W libbinder.BackendUnifiedServiceManager: Thread Pool max thread count is 0. Cannot cache binder as linkToDeath cannot be implemented. serviceName: drm.drmManager
10-26 16:04:19.358  9077  9077 W libbinder.BackendUnifiedServiceManager: Thread Pool max thread count is 0. Cannot cache binder as linkToDeath cannot be implemented. serviceName: dropbox
10-26 16:04:19.360  9077  9077 W libbinder.BackendUnifiedServiceManager: Thread Pool max thread count is 0. Cannot cache binder as linkToDeath cannot be implemented. serviceName: dynamic_instrumentation
10-26 16:04:19.364  9077  9077 W libbinder.BackendUnifiedServiceManager: Thread Pool max thread count is 0. Cannot cache binder as linkToDeath cannot be implemented. serviceName: dynamic_system
10-26 16:04:19.365  1546  1546 W VvmPkgInstalledRcvr: carrierVvmPkgAdded: carrier vvm packages doesn't contain net.tiramisu.mdp
10-26 16:04:19.381  9077  9077 W libbinder.BackendUnifiedServiceManager: Thread Pool max thread count is 0. Cannot cache binder as linkToDeath cannot be implemented. serviceName: ecm_enhanced_confirmation
10-26 16:04:19.385  9077  9077 W libbinder.BackendUnifiedServiceManager: Thread Pool max thread count is 0. Cannot cache binder as linkToDeath cannot be implemented. serviceName: emergency_affordance
10-26 16:04:19.386  9077  9077 E libbinder.Parcel: Reading a NULL string not supported here.
10-26 16:04:19.387  9077  9077 W libbinder.BackendUnifiedServiceManager: Thread Pool max thread count is 0. Cannot cache binder as linkToDeath cannot be implemented. serviceName: external_vibrator_service
10-26 16:04:19.390  9077  9077 W libbinder.BackendUnifiedServiceManager: Thread Pool max thread count is 0. Cannot cache binder as linkToDeath cannot be implemented. serviceName: feature_flags
10-26 16:04:19.393  1546  1546 D SatelliteController: packageStateChanged: package:net.tiramisu.mdp defaultSmsPackageName: com.google.android.apps.messaging satelliteGatewayServicePackageName: 
10-26 16:04:19.396  9077  9077 W libbinder.BackendUnifiedServiceManager: Thread Pool max thread count is 0. Cannot cache binder as linkToDeath cannot be implemented. serviceName: file_integrity
10-26 16:04:19.397  9077  9077 W libbinder.BackendUnifiedServiceManager: Thread Pool max thread count is 0. Cannot cache binder as linkToDeath cannot be implemented. serviceName: fingerprint
10-26 16:04:19.399  9077  9077 W libbinder.BackendUnifiedServiceManager: Thread Pool max thread count is 0. Cannot cache binder as linkToDeath cannot be implemented. serviceName: font
10-26 16:04:19.404  1546  1546 D ActivityThread: Package [net.tiramisu.mdp] reported as REPLACED, but missing application info. Assuming REMOVED.
10-26 16:04:19.406  1546  1546 D CarrierSvcBindHelper: onHandleForceStop: [net.tiramisu.mdp]
10-26 16:04:19.406  9077  9077 W libbinder.BackendUnifiedServiceManager: Thread Pool max thread count is 0. Cannot cache binder as linkToDeath cannot be implemented. serviceName: game
10-26 16:04:19.407  6730  6730 I Finsky:background: [2] agaz - Received: android.intent.action.PACKAGE_ADDED, [4iEd7nMABLP5wFv__5l2SAIKaB7RVJKSKNp8y4mK_R0]
10-26 16:04:19.408  9077  9077 W libbinder.BackendUnifiedServiceManager: Thread Pool max thread count is 0. Cannot cache binder as linkToDeath cannot be implemented. serviceName: gfxinfo
10-26 16:04:19.406  1546  1546 D CarrierSvcBindHelper: No carrier app for: 0
10-26 16:04:19.409  9077  9077 E libbinder.Parcel: Reading a NULL string not supported here.
10-26 16:04:19.409  9077  9077 W libbinder.BackendUnifiedServiceManager: Thread Pool max thread count is 0. Cannot cache binder as linkToDeath cannot be implemented. serviceName: gpu
10-26 16:04:19.411  9077  9077 W libbinder.BackendUnifiedServiceManager: Thread Pool max thread count is 0. Cannot cache binder as linkToDeath cannot be implemented. serviceName: grammatical_inflection
10-26 16:04:19.413   784  1504 I Role    : com.google.android.gms not qualified for android.app.role.SYSTEM_DEPENDENCY_INSTALLER due to missing RequiredComponent{mIntentFilterData=IntentFilterData{mAction='android.content.pm.action.INSTALL_DEPENDENCY', mCategories='[]', mDataScheme='null', mDataType='null'}, mMinTargetSdkVersion=1, mFlags='0', mPermission='android.permission.BIND_DEPENDENCY_INSTALLER', mQueryFlags=0, mMetaData=[]}
10-26 16:04:19.413  9077  9077 W libbinder.BackendUnifiedServiceManager: Thread Pool max thread count is 0. Cannot cache binder as linkToDeath cannot be implemented. serviceName: graphicsstats
10-26 16:04:19.415   784  1504 E RoleControllerServiceImpl: Default/fallback role holder package doesn't qualify for the role, package: com.google.android.gms, role: android.app.role.SYSTEM_DEPENDENCY_INSTALLER, user: 0
10-26 16:04:19.418  9077  9077 W libbinder.BackendUnifiedServiceManager: Thread Pool max thread count is 0. Cannot cache binder as linkToDeath cannot be implemented. serviceName: hardware_properties
10-26 16:04:19.420  9077  9077 W libbinder.BackendUnifiedServiceManager: Thread Pool max thread count is 0. Cannot cache binder as linkToDeath cannot be implemented. serviceName: healthconnect
10-26 16:04:19.423  9077  9077 W libbinder.BackendUnifiedServiceManager: Thread Pool max thread count is 0. Cannot cache binder as linkToDeath cannot be implemented. serviceName: imms
10-26 16:04:19.424   784   784 W Looper  : Slow dispatch took 335ms main app=system_server main=true group=FOREGROUND h=android.app.ActivityThread$H c=android.app.LoadedApk$ReceiverDispatcher$Args$$ExternalSyntheticLambda0@a300608 m=0
10-26 16:04:19.436  9077  9077 W libbinder.BackendUnifiedServiceManager: Thread Pool max thread count is 0. Cannot cache binder as linkToDeath cannot be implemented. serviceName: incidentcompanion
10-26 16:04:19.447  9077  9077 W libbinder.BackendUnifiedServiceManager: Thread Pool max thread count is 0. Cannot cache binder as linkToDeath cannot be implemented. serviceName: incremental
10-26 16:04:19.449  9077  9077 W libbinder.BackendUnifiedServiceManager: Thread Pool max thread count is 0. Cannot cache binder as linkToDeath cannot be implemented. serviceName: input
10-26 16:04:19.460  6730  6730 I Finsky:background: [2] agaz - Deduping intent android.intent.action.PACKAGE_ADDED
10-26 16:04:19.465  9077  9077 W libbinder.BackendUnifiedServiceManager: Thread Pool max thread count is 0. Cannot cache binder as linkToDeath cannot be implemented. serviceName: input_method
10-26 16:04:19.468  9077  9077 W libbinder.BackendUnifiedServiceManager: Thread Pool max thread count is 0. Cannot cache binder as linkToDeath cannot be implemented. serviceName: inputflinger
10-26 16:04:19.480  9077  9077 W libbinder.BackendUnifiedServiceManager: Thread Pool max thread count is 0. Cannot cache binder as linkToDeath cannot be implemented. serviceName: intrusion_detection
10-26 16:04:19.482  9077  9077 W libbinder.BackendUnifiedServiceManager: Thread Pool max thread count is 0. Cannot cache binder as linkToDeath cannot be implemented. serviceName: ions
10-26 16:04:19.483   784   784 D AS.AudioService: received android.intent.action.PACKAGE_REPLACED replacing: true archival: false for package net.tiramisu.mdp with uid 10219
10-26 16:04:19.484  9077  9077 W libbinder.BackendUnifiedServiceManager: Thread Pool max thread count is 0. Cannot cache binder as linkToDeath cannot be implemented. serviceName: iphonesubinfo
10-26 16:04:19.484   784   784 D AppSearchAppsIndexerManagerS: userid in package receiver: 10219
10-26 16:04:19.485  9077  9077 W libbinder.BackendUnifiedServiceManager: Thread Pool max thread count is 0. Cannot cache binder as linkToDeath cannot be implemented. serviceName: ipsec
10-26 16:04:19.486  6730  9084 I Finsky:background: [148] Wrote row to frosting DB: 340
10-26 16:04:19.489  9077  9077 W libbinder.BackendUnifiedServiceManager: Thread Pool max thread count is 0. Cannot cache binder as linkToDeath cannot be implemented. serviceName: isms
10-26 16:04:19.491  9077  9077 W libbinder.BackendUnifiedServiceManager: Thread Pool max thread count is 0. Cannot cache binder as linkToDeath cannot be implemented. serviceName: isub
10-26 16:04:19.494  9077  9077 W libbinder.BackendUnifiedServiceManager: Thread Pool max thread count is 0. Cannot cache binder as linkToDeath cannot be implemented. serviceName: jobscheduler
10-26 16:04:19.497  9077  9077 W libbinder.BackendUnifiedServiceManager: Thread Pool max thread count is 0. Cannot cache binder as linkToDeath cannot be implemented. serviceName: launcherapps
10-26 16:04:19.503  9077  9077 W libbinder.BackendUnifiedServiceManager: Thread Pool max thread count is 0. Cannot cache binder as linkToDeath cannot be implemented. serviceName: legacy_permission
10-26 16:04:19.506   784   784 W AlarmManager: Package net.tiramisu.mdp, uid 10219 lost permission to set exact alarms!
10-26 16:04:19.512  9077  9077 W libbinder.BackendUnifiedServiceManager: Thread Pool max thread count is 0. Cannot cache binder as linkToDeath cannot be implemented. serviceName: lights
10-26 16:04:19.515  9077  9077 W libbinder.BackendUnifiedServiceManager: Thread Pool max thread count is 0. Cannot cache binder as linkToDeath cannot be implemented. serviceName: locale
10-26 16:04:19.519  9077  9077 W libbinder.BackendUnifiedServiceManager: Thread Pool max thread count is 0. Cannot cache binder as linkToDeath cannot be implemented. serviceName: location
10-26 16:04:19.523  9077  9077 W libbinder.BackendUnifiedServiceManager: Thread Pool max thread count is 0. Cannot cache binder as linkToDeath cannot be implemented. serviceName: location_time_zone_manager
10-26 16:04:19.527  9077  9077 E libbinder.Parcel: Reading a NULL string not supported here.
10-26 16:04:19.528  9077  9077 W libbinder.BackendUnifiedServiceManager: Thread Pool max thread count is 0. Cannot cache binder as linkToDeath cannot be implemented. serviceName: lock_settings
10-26 16:04:19.531   784   784 W Looper  : Drained
10-26 16:04:19.532  9077  9077 W libbinder.BackendUnifiedServiceManager: Thread Pool max thread count is 0. Cannot cache binder as linkToDeath cannot be implemented. serviceName: logcat
10-26 16:04:19.535  9077  9077 W libbinder.BackendUnifiedServiceManager: Thread Pool max thread count is 0. Cannot cache binder as linkToDeath cannot be implemented. serviceName: looper_stats
10-26 16:04:19.535  9077  9077 E libbinder.Parcel: Reading a NULL string not supported here.
10-26 16:04:19.538  9077  9077 W libbinder.BackendUnifiedServiceManager: Thread Pool max thread count is 0. Cannot cache binder as linkToDeath cannot be implemented. serviceName: manager
10-26 16:04:19.548  6730  6730 I Finsky:background: [2] agaz - Received: android.intent.action.PACKAGE_ADDED, [4iEd7nMABLP5wFv__5l2SAIKaB7RVJKSKNp8y4mK_R0]
10-26 16:04:19.551  9077  9077 W libbinder.BackendUnifiedServiceManager: Thread Pool max thread count is 0. Cannot cache binder as linkToDeath cannot be implemented. serviceName: media.audio_flinger
10-26 16:04:19.558  9077  9077 W libbinder.BackendUnifiedServiceManager: Thread Pool max thread count is 0. Cannot cache binder as linkToDeath cannot be implemented. serviceName: media.audio_policy
10-26 16:04:19.561  9077  9077 W libbinder.BackendUnifiedServiceManager: Thread Pool max thread count is 0. Cannot cache binder as linkToDeath cannot be implemented. serviceName: media.camera
10-26 16:04:19.562  9077  9077 W libbinder.BackendUnifiedServiceManager: Thread Pool max thread count is 0. Cannot cache binder as linkToDeath cannot be implemented. serviceName: media.camera.proxy
10-26 16:04:19.565  9077  9077 W libbinder.BackendUnifiedServiceManager: Thread Pool max thread count is 0. Cannot cache binder as linkToDeath cannot be implemented. serviceName: media.extractor
