--------- beginning of main
10-26 16:03:48.173   784  1259 I HalDevMgr: bestIfaceCreationProposal is null, requestIface=STA, existingIface=[name=wlan0 type=STA]
10-26 16:03:51.187   784  1259 I HalDevMgr: bestIfaceCreationProposal is null, requestIface=STA, existingIface=[name=wlan0 type=STA]
10-26 16:03:52.339  1546  1749 D SatelliteController: iisInCarrierRoamingNbIotNtn: satellite is disabled
10-26 16:03:52.339  1546  1749 D SatelliteController: getCarrierRoamingNtnConnectType: Falling back to global carrier config connect type: 0
10-26 16:03:52.456   784  1329 D androidtc: Initializing SystemTextClassifier, type = System
10-26 16:03:52.457  2058  2058 I AiAiTextClassifier: onCreateTextClassificationSession = TextClassificationSessionId {5ccee3c8-7bcd-4eca-bda4-6490b160e282}
10-26 16:03:52.463  2058  2375 I AiAiTranslate: C2T - not in a conversation
10-26 16:03:52.463  1368  1368 I ClipboardListener: Clipboard overlay suppressed.
10-26 16:03:52.465  2058  2411 I AiAiTextClassifier: GenerateLinks did not find valid links, returning empty result
10-26 16:03:52.470  2058  2411 I AiAiTextClassifier: GenerateLinks did not find valid links, returning empty result
10-26 16:03:52.472  1368  1368 I ClipboardListener: Clipboard overlay suppressed.
10-26 16:03:54.200   784  1259 I HalDevMgr: bestIfaceCreationProposal is null, requestIface=STA, existingIface=[name=wlan0 type=STA]
10-26 16:03:57.214   784  1259 I HalDevMgr: bestIfaceCreationProposal is null, requestIface=STA, existingIface=[name=wlan0 type=STA]
10-26 16:03:57.316   784  1329 D androidtc: Initializing SystemTextClassifier, type = System
10-26 16:03:57.318  2058  2058 I AiAiTextClassifier: onCreateTextClassificationSession = TextClassificationSessionId {76c4fc78-a84f-4add-9cdf-bc5f779eb195}
10-26 16:03:57.322  1368  1368 I ClipboardListener: Clipboard overlay suppressed.
10-26 16:03:57.324  2058  2375 I AiAiTranslate: C2T - not in a conversation
10-26 16:03:57.326  2058  2411 I AiAiTextClassifier: GenerateLinks did not find valid links, returning empty result
10-26 16:03:57.331  2058  2411 I AiAiTextClassifier: GenerateLinks did not find valid links, returning empty result
10-26 16:03:57.334  1368  1368 I ClipboardListener: Clipboard overlay suppressed.
10-26 16:04:00.227   784  1259 I HalDevMgr: bestIfaceCreationProposal is null, requestIface=STA, existingIface=[name=wlan0 type=STA]
10-26 16:04:02.340  1546  1749 D SatelliteController: iisInCarrierRoamingNbIotNtn: satellite is disabled
10-26 16:04:02.341  1546  1749 D SatelliteController: getCarrierRoamingNtnConnectType: Falling back to global carrier config connect type: 0
10-26 16:04:03.240   784  1259 I HalDevMgr: bestIfaceCreationProposal is null, requestIface=STA, existingIface=[name=wlan0 type=STA]
10-26 16:04:06.261   784  1259 I HalDevMgr: bestIfaceCreationProposal is null, requestIface=STA, existingIface=[name=wlan0 type=STA]
--------- beginning of system
10-26 16:04:07.239   784  1317 D BackgroundInstallControlService: Package event received: 0
10-26 16:04:07.239   784  1317 D BackgroundInstallControlService: Package event received: 0
10-26 16:04:07.239   784  1317 D BackgroundInstallControlService: Package event received: 0
10-26 16:04:07.239   784  1317 D BackgroundInstallControlService: Package event received: 0
10-26 16:04:07.239   784  1317 D BackgroundInstallControlService: Package event received: 0
10-26 16:04:07.239   784  1317 D BackgroundInstallControlService: Package event received: 0
10-26 16:04:07.239   784  1317 D BackgroundInstallControlService: Package event received: 0
10-26 16:04:07.239   784  1317 D BackgroundInstallControlService: Package event received: 0
10-26 16:04:07.335   784  1720 D ActivityManager: sync unfroze 7428 com.google.android.gms for 4
10-26 16:04:07.364  7428  7428 D BoundBrokerSvc: onBind: Intent { act=com.google.android.gms.notifications.registration.service.NotificationsRegistrationTaskBoundService.ACTION_TASK_READY dat=chimera-action:/... xflg=0x4 cmp=com.google.android.gms/.chimera.GmsInternalBoundBrokerService }
10-26 16:04:07.368  7428  7428 D BoundBrokerSvc: Loading bound service for intent: Intent { act=com.google.android.gms.notifications.registration.service.NotificationsRegistrationTaskBoundService.ACTION_TASK_READY dat=chimera-action:/... xflg=0x4 cmp=com.google.android.gms/.chimera.GmsInternalBoundBrokerService }
10-26 16:04:07.401  7428  7428 I GmsCoreXrpcWrapper: (REDACTED) Returning a channel provider with trafficStatsTag=%d trafficStatsUid=%d
10-26 16:04:07.474   784  2290 W ProcessStats: Tracking association SourceState{7f8badc com.google.android.gms.persistent/10147 ImpBg #11865} whose proc state 6 is better than process ProcessState{ffec7e5 com.google.android.gms/10147 pkg=com.google.android.gms (sub)} proc state 14 (0 skipped)
10-26 16:04:07.497  7397  8979 I NetworkScheduler.Stats: (REDACTED) Task %s/%s started execution. cause:%s exec_start_elapsed_seconds: %s
10-26 16:04:07.502   784   801 I system_server: Background young concurrent mark compact GC freed 23MB AllocSpace bytes, 18(740KB) LOS objects, 42% free, 33MB/57MB, paused 4.368ms,5.253ms total 336.316ms
10-26 16:04:07.504  2058  2058 I AiAiTextClassifier: onDestroyTextClassificationSession = TextClassificationSessionId {5ccee3c8-7bcd-4eca-bda4-6490b160e282}
10-26 16:04:07.507  2058  2058 I AiAiTextClassifier: onDestroyTextClassificationSession = TextClassificationSessionId {a6d0eb5f-18e2-449e-b12e-a304d12b7a85}
10-26 16:04:07.508  2058  2058 I AiAiTextClassifier: onDestroyTextClassificationSession = TextClassificationSessionId {b7afca2d-cf73-4130-bb49-309e802ec570}
10-26 16:04:07.510  2058  2058 I AiAiTextClassifier: onDestroyTextClassificationSession = TextClassificationSessionId {02cb3994-8e13-4c47-8d4d-8e98056ca5a4}
10-26 16:04:07.512  2058  2058 I AiAiTextClassifier: onDestroyTextClassificationSession = TextClassificationSessionId {9dce80e9-2489-447f-84f7-0f1b353a585e}
10-26 16:04:07.540  2058  2058 I AiAiTextClassifier: onDestroyTextClassificationSession = TextClassificationSessionId {bcb22c90-e18c-492f-a888-a9de8f3dac62}
10-26 16:04:07.540  2058  2058 I AiAiTextClassifier: onDestroyTextClassificationSession = TextClassificationSessionId {fbfc7aff-b328-43ce-a7bc-c8d9a3969a3e}
10-26 16:04:07.541  2058  2058 I AiAiTextClassifier: onDestroyTextClassificationSession = TextClassificationSessionId {6bf02da9-4bbb-4996-8e36-c8af494f2ea7}
10-26 16:04:07.542  2058  2058 I AiAiTextClassifier: onDestroyTextClassificationSession = TextClassificationSessionId {bbec7266-9fda-4b90-b7d5-fce85aa29a23}
10-26 16:04:07.543  2058  2058 I AiAiTextClassifier: onDestroyTextClassificationSession = TextClassificationSessionId {27a3ff6c-4f95-4b5d-8519-4bff40d2f082}
10-26 16:04:07.543  2058  2058 I AiAiTextClassifier: onDestroyTextClassificationSession = TextClassificationSessionId {d9e6762b-8969-4384-851d-8e889618bfbf}
10-26 16:04:07.544  2058  2058 I AiAiTextClassifier: onDestroyTextClassificationSession = TextClassificationSessionId {31945988-0a06-4e05-b062-621e8ef86ccc}
10-26 16:04:07.545  2058  2058 I AiAiTextClassifier: onDestroyTextClassificationSession = TextClassificationSessionId {fd09a033-431a-4200-95ef-73a54c44b7d4}
10-26 16:04:07.545  2058  2058 I AiAiTextClassifier: onDestroyTextClassificationSession = TextClassificationSessionId {82ab0416-d6c3-4dfa-93b8-189591c547e5}
10-26 16:04:07.546  2058  2058 I AiAiTextClassifier: onDestroyTextClassificationSession = TextClassificationSessionId {6205c62e-2939-4fd6-90f5-bf5a46b36887}
10-26 16:04:07.546  2058  2058 I AiAiTextClassifier: onDestroyTextClassificationSession = TextClassificationSessionId {b5f9b39d-c848-4054-96f3-b068a7c60ce4}
10-26 16:04:07.620   784  2331 D ActivityManager: sync unfroze 7696 com.google.android.gms.unstable for 6
10-26 16:04:07.628   784  1317 D BackgroundInstallControlService: Package event received: 0
10-26 16:04:07.803   784  2331 W AppOps  : Noting op not finished: uid 10147 pkg com.google.android.gms code 113 startTime of in progress event=1761467832416
10-26 16:04:07.881   784  2331 W AppOps  : Noting op not finished: uid 10147 pkg com.google.android.gms code 79 startTime of in progress event=1761467853977
10-26 16:04:07.895  7397  7402 W .gms.persistent: Missing inline cache for hjzj bcnh.ah(android.content.Context, boolean, java.lang.Integer, java.lang.Integer, bcnp, gloq)
10-26 16:04:07.896  7397  7402 W .gms.persistent: Missing inline cache for hjzj bcnh.ah(android.content.Context, boolean, java.lang.Integer, java.lang.Integer, bcnp, gloq)
10-26 16:04:07.896  7397  7402 W .gms.persistent: Missing inline cache for hjzj bcnh.ah(android.content.Context, boolean, java.lang.Integer, java.lang.Integer, bcnp, gloq)
10-26 16:04:07.896  7397  7402 W .gms.persistent: Missing inline cache for hjzj bcnh.ah(android.content.Context, boolean, java.lang.Integer, java.lang.Integer, bcnp, gloq)
10-26 16:04:07.897  7397  7402 W .gms.persistent: Missing inline cache for hjzj bcnh.ah(android.content.Context, boolean, java.lang.Integer, java.lang.Integer, bcnp, gloq)
10-26 16:04:07.898  7397  7402 W .gms.persistent: Missing inline cache for hjzj bcnh.ah(android.content.Context, boolean, java.lang.Integer, java.lang.Integer, bcnp, gloq)
10-26 16:04:07.898  7397  7402 W .gms.persistent: Missing inline cache for hjzj bcnh.ah(android.content.Context, boolean, java.lang.Integer, java.lang.Integer, bcnp, gloq)
10-26 16:04:07.898  7397  7402 W .gms.persistent: Missing inline cache for hjzj bcnh.ah(android.content.Context, boolean, java.lang.Integer, java.lang.Integer, bcnp, gloq)
10-26 16:04:07.898  7397  7402 W .gms.persistent: Missing inline cache for hjzj bcnh.ah(android.content.Context, boolean, java.lang.Integer, java.lang.Integer, bcnp, gloq)
10-26 16:04:07.898  7397  7402 W .gms.persistent: Missing inline cache for hjzj bcnh.ah(android.content.Context, boolean, java.lang.Integer, java.lang.Integer, bcnp, gloq)
10-26 16:04:07.899  7397  7402 W .gms.persistent: Missing inline cache for hjzj bcnh.ah(android.content.Context, boolean, java.lang.Integer, java.lang.Integer, bcnp, gloq)
10-26 16:04:07.899  7397  7402 W .gms.persistent: Missing inline cache for hjzj bcnh.ah(android.content.Context, boolean, java.lang.Integer, java.lang.Integer, bcnp, gloq)
10-26 16:04:07.899  7397  7402 W .gms.persistent: Missing inline cache for hjzj bcnh.ah(android.content.Context, boolean, java.lang.Integer, java.lang.Integer, bcnp, gloq)
10-26 16:04:07.899  7397  7402 W .gms.persistent: Missing inline cache for hjzj bcnh.ah(android.content.Context, boolean, java.lang.Integer, java.lang.Integer, bcnp, gloq)
10-26 16:04:07.899  7397  7402 W .gms.persistent: Missing inline cache for hjzj bcnh.ah(android.content.Context, boolean, java.lang.Integer, java.lang.Integer, bcnp, gloq)
10-26 16:04:07.900  7397  7402 W .gms.persistent: Missing inline cache for hjzj bcnh.ah(android.content.Context, boolean, java.lang.Integer, java.lang.Integer, bcnp, gloq)
10-26 16:04:07.900  7397  7402 W .gms.persistent: Missing inline cache for hjzj bcnh.ah(android.content.Context, boolean, java.lang.Integer, java.lang.Integer, bcnp, gloq)
10-26 16:04:07.900  7397  7402 W .gms.persistent: Missing inline cache for hjzj bcnh.ah(android.content.Context, boolean, java.lang.Integer, java.lang.Integer, bcnp, gloq)
10-26 16:04:07.900  7397  7402 W .gms.persistent: Missing inline cache for hjzj bcnh.ah(android.content.Context, boolean, java.lang.Integer, java.lang.Integer, bcnp, gloq)
10-26 16:04:07.901  7397  7402 W .gms.persistent: Missing inline cache for hjzj bcnh.ah(android.content.Context, boolean, java.lang.Integer, java.lang.Integer, bcnp, gloq)
10-26 16:04:07.901  7397  7402 W .gms.persistent: Missing inline cache for hjzj bcnh.ah(android.content.Context, boolean, java.lang.Integer, java.lang.Integer, bcnp, gloq)
10-26 16:04:07.901  7397  7402 W .gms.persistent: Missing inline cache for hjzj bcnh.ah(android.content.Context, boolean, java.lang.Integer, java.lang.Integer, bcnp, gloq)
10-26 16:04:07.901  7397  7402 W .gms.persistent: Missing inline cache for hjzj bcnh.ah(android.content.Context, boolean, java.lang.Integer, java.lang.Integer, bcnp, gloq)
10-26 16:04:07.901  7397  7402 W .gms.persistent: Missing inline cache for hjzj bcnh.ah(android.content.Context, boolean, java.lang.Integer, java.lang.Integer, bcnp, gloq)
10-26 16:04:07.902  7397  7402 W .gms.persistent: Missing inline cache for hjzj bcnh.ah(android.content.Context, boolean, java.lang.Integer, java.lang.Integer, bcnp, gloq)
10-26 16:04:07.902  7397  7402 W .gms.persistent: Missing inline cache for hjzj bcnh.ah(android.content.Context, boolean, java.lang.Integer, java.lang.Integer, bcnp, gloq)
10-26 16:04:07.902  7397  7402 W .gms.persistent: Missing inline cache for hjzj bcnh.ah(android.content.Context, boolean, java.lang.Integer, java.lang.Integer, bcnp, gloq)
10-26 16:04:07.910  7397  7521 I ActivityScheduler: nextTriggerTime: 2939086, in 238100ms, detectorType: 39, FULL_TYPE alarmWindowMillis: 80000
10-26 16:04:07.994  7428  7428 D BoundBrokerSvc: onUnbind: Intent { act=com.google.android.gms.common.BIND_SHARED_PREFS xflg=0x4 pkg=com.google.android.gms }
10-26 16:04:08.060  7397  8977 I NetworkScheduler.Stats: (REDACTED) Task %s/%s started execution. cause:%s exec_start_elapsed_seconds: %s
10-26 16:04:08.087  7397  7397 D BoundBrokerSvc: onRebind: Intent { act=com.google.android.gms.auth.aang.events.services.START dat=chimera-action:/... xflg=0x4 cmp=com.google.android.gms/.chimera.PersistentApiService }
10-26 16:04:08.160   784  2287 D FileUtils: Rounded bytes from 2062389248 to 4000000000
10-26 16:04:08.409  7696  7710 W libc    : Access denied finding property "persist.adb.tls_server.enable"
10-26 16:04:08.473  7428  7428 D BoundBrokerSvc: onBind: Intent { act=com.google.android.gms.auth.service.START xflg=0x4 pkg=com.google.android.gms }
10-26 16:04:08.474  7428  7428 D BoundBrokerSvc: Loading bound service for intent: Intent { act=com.google.android.gms.auth.service.START xflg=0x4 pkg=com.google.android.gms }
10-26 16:04:08.486  7397  7534 W GmsUrlRequestImpl: [https://android.googleapis.com/auth/devicekey] Content-Type header is overwritten.
10-26 16:04:08.762  7397  7534 W GLSUser : [AppCertManager] Exception while requesting key: 
10-26 16:04:08.762  7397  7534 W GLSUser : java.util.concurrent.ExecutionException: cmri: Parse Proto Exception with response code 400
10-26 16:04:08.762  7397  7534 W GLSUser : 	at gqab.j(:com.google.android.gms@254131038@25.41.31 (260800-820295184):21)
10-26 16:04:08.762  7397  7534 W GLSUser : 	at gqak.u(:com.google.android.gms@254131038@25.41.31 (260800-820295184):71)
10-26 16:04:08.762  7397  7534 W GLSUser : 	at aiut.b(:com.google.android.gms@254131038@25.41.31 (260800-820295184):439)
10-26 16:04:08.762  7397  7534 W GLSUser : 	at aiur.b(:com.google.android.gms@254131038@25.41.31 (260800-820295184):29)
10-26 16:04:08.762  7397  7534 W GLSUser : 	at aium.a(:com.google.android.gms@254131038@25.41.31 (260800-820295184):1)
10-26 16:04:08.762  7397  7534 W GLSUser : 	at aiup.a(:com.google.android.gms@254131038@25.41.31 (260800-820295184):58)
10-26 16:04:08.762  7397  7534 W GLSUser : 	at adwj.call(:com.google.android.gms@254131038@25.41.31 (260800-820295184):56)
10-26 16:04:08.762  7397  7534 W GLSUser : 	at java.util.concurrent.FutureTask.run(FutureTask.java:317)
10-26 16:04:08.762  7397  7534 W GLSUser : 	at bcmf.c(:com.google.android.gms@254131038@25.41.31 (260800-820295184):50)
10-26 16:04:08.762  7397  7534 W GLSUser : 	at bcmf.run(:com.google.android.gms@254131038@25.41.31 (260800-820295184):73)
10-26 16:04:08.762  7397  7534 W GLSUser : 	at java.util.concurrent.ThreadPoolExecutor.runWorker(ThreadPoolExecutor.java:1154)
10-26 16:04:08.762  7397  7534 W GLSUser : 	at java.util.concurrent.ThreadPoolExecutor$Worker.run(ThreadPoolExecutor.java:652)
10-26 16:04:08.762  7397  7534 W GLSUser : 	at bcrw.run(:com.google.android.gms@254131038@25.41.31 (260800-820295184):8)
10-26 16:04:08.762  7397  7534 W GLSUser : 	at java.lang.Thread.run(Thread.java:1563)
10-26 16:04:08.762  7397  7534 W GLSUser : Caused by: cmri: Parse Proto Exception with response code 400
10-26 16:04:08.762  7397  7534 W GLSUser : 	at cmsl.b(:com.google.android.gms@254131038@25.41.31 (260800-820295184):71)
10-26 16:04:08.762  7397  7534 W GLSUser : 	at cmux.d(:com.google.android.gms@254131038@25.41.31 (260800-820295184):18)
10-26 16:04:08.762  7397  7534 W GLSUser : 	at cmvo.onSucceeded(:com.google.android.gms@254131038@25.41.31 (260800-820295184):9)
10-26 16:04:08.762  7397  7534 W GLSUser : 	at m1.nd.onSucceeded(:com.google.android.gms.dynamite_cronetdynamite@254131038@25.41.31 (260800-0):3)
10-26 16:04:08.762  7397  7534 W GLSUser : 	at m1.lw.run(:com.google.android.gms.dynamite_cronetdynamite@254131038@25.41.31 (260800-0):21)
10-26 16:04:08.762  7397  7534 W GLSUser : 	at m1.lq.run(:com.google.android.gms.dynamite_cronetdynamite@254131038@25.41.31 (260800-0):31)
10-26 16:04:08.762  7397  7534 W GLSUser : 	... 6 more
10-26 16:04:08.762  7397  7534 W GLSUser : Caused by: hkaj: Protocol message contained an invalid tag (zero).
10-26 16:04:08.762  7397  7534 W GLSUser : 	at hjxh.k(:com.google.android.gms@254131038@25.41.31 (260800-820295184):43)
10-26 16:04:08.762  7397  7534 W GLSUser : 	at hkbh.c(:com.google.android.gms@254131038@25.41.31 (260800-820295184):399)
10-26 16:04:08.762  7397  7534 W GLSUser : 	at hkbh.i(:com.google.android.gms@254131038@25.41.31 (260800-820295184):8)
10-26 16:04:08.762  7397  7534 W GLSUser : 	at hjzn.y(:com.google.android.gms@254131038@25.41.31 (260800-820295184):23)
10-26 16:04:08.762  7397  7534 W GLSUser : 	at hjzi.g(:com.google.android.gms@254131038@25.41.31 (260800-820295184):3)
10-26 16:04:08.762  7397  7534 W GLSUser : 	at hjxd.e(:com.google.android.gms@254131038@25.41.31 (260800-820295184):1)
10-26 16:04:08.762  7397  7534 W GLSUser : 	at hjxd.d(:com.google.android.gms@254131038@25.41.31 (260800-820295184):3)
10-26 16:04:08.762  7397  7534 W GLSUser : 	at hjxd.p(:com.google.android.gms@254131038@25.41.31 (260800-820295184):1)
10-26 16:04:08.762  7397  7534 W GLSUser : 	at cmsl.g(:com.google.android.gms@254131038@25.41.31 (260800-820295184):69)
10-26 16:04:08.762  7397  7534 W GLSUser : 	at cmsl.b(:com.google.android.gms@254131038@25.41.31 (260800-820295184):11)
10-26 16:04:08.762  7397  7534 W GLSUser : 	... 11 more
10-26 16:04:08.765  7397  8142 W GLSUser : [DeviceKeyStore] Cannot load key: Device key file not found.
10-26 16:04:08.766  7397  8142 W GLSUser : [DeviceKeyStore] Cannot load key: Device key file not found.
10-26 16:04:08.783  7397  8977 I NetworkScheduler.Stats: (REDACTED) Task %s/%s finished executing. cause:%s result: %s elapsed_millis: %s uptime_millis: %s exec_start_elapsed_seconds: %s
10-26 16:04:08.806   784  1586 W AppOps  : Noting op not finished: uid 10147 pkg com.google.android.gms code 113 startTime of in progress event=1761467832416
10-26 16:04:09.274   784  1259 I HalDevMgr: bestIfaceCreationProposal is null, requestIface=STA, existingIface=[name=wlan0 type=STA]
10-26 16:04:09.338  7428  7730 I cn_CronetUrlRequestContext: destroyNativeStreamLocked org.chromium.net.impl.CronetBidirectionalStream@99be5a7
10-26 16:04:09.358  7428  7467 I NotificationsModuleTask: (REDACTED) Registering accounts to Chime Failed & Rescheduled for later. registration reason = %s
10-26 16:04:09.365  7428  7428 D BoundBrokerSvc: onUnbind: Intent { act=com.google.android.gms.notifications.registration.service.NotificationsRegistrationTaskBoundService.ACTION_TASK_READY dat=chimera-action:/... xflg=0x4 cmp=com.google.android.gms/.chimera.GmsInternalBoundBrokerService }
10-26 16:04:09.367  7397  8979 I NetworkScheduler.Stats: (REDACTED) Task %s/%s finished executing. cause:%s result: %s elapsed_millis: %s uptime_millis: %s exec_start_elapsed_seconds: %s
10-26 16:04:11.937   784  1335 I ActivityManager: Force stopping net.tiramisu.mdp appid=10219 user=0: from pid 9020
10-26 16:04:11.998   784  1317 D BackgroundInstallControlService: Package event received: 0
10-26 16:04:11.998   784  1317 D BackgroundInstallControlService: Package event received: 0
10-26 16:04:11.999   784  1317 D BackgroundInstallControlService: Package event received: 0
10-26 16:04:12.004   784  1335 I AppsFilter: interaction: PackageSetting{2315bc9 com.android.microdroid.empty_payload/10212} -> PackageSetting{63a3a4 net.tiramisu.mdp/10219} BLOCKED
10-26 16:04:12.005   784  1317 D BackgroundInstallControlService: Package event received: 0
10-26 16:04:12.010   784  1317 D BackgroundInstallControlService: Package event received: 0
10-26 16:04:12.011   784  1317 D BackgroundInstallControlService: Package event received: 0
10-26 16:04:12.011   784  1317 D BackgroundInstallControlService: Package event received: 0
10-26 16:04:12.011   784  1317 D BackgroundInstallControlService: Package event received: 0
10-26 16:04:12.011   784  1317 D BackgroundInstallControlService: Package event received: 0
10-26 16:04:12.011   784  1317 D BackgroundInstallControlService: Package event received: 0
10-26 16:04:12.011   784  1317 D BackgroundInstallControlService: Package event received: 0
10-26 16:04:12.011   784  1317 D BackgroundInstallControlService: Package event received: 0
10-26 16:04:12.011   784  1317 D BackgroundInstallControlService: Package event received: 0
10-26 16:04:12.039  1546  1546 D CarrierSvcBindHelper: onHandleForceStop: [net.tiramisu.mdp]
10-26 16:04:12.064  1546  1546 D CarrierSvcBindHelper: No carrier app for: 0
10-26 16:04:12.161  9028  9028 W libbinder.BackendUnifiedServiceManager: Thread Pool max thread count is 0. Cannot cache binder as linkToDeath cannot be implemented. serviceName: DockObserver
10-26 16:04:12.189  9028  9028 E libbinder.Parcel: Reading a NULL string not supported here.
10-26 16:04:12.190  9028  9028 W libbinder.BackendUnifiedServiceManager: Thread Pool max thread count is 0. Cannot cache binder as linkToDeath cannot be implemented. serviceName: SurfaceFlinger
10-26 16:04:12.191  9028  9028 W libbinder.BackendUnifiedServiceManager: Thread Pool max thread count is 0. Cannot cache binder as linkToDeath cannot be implemented. serviceName: SurfaceFlingerAIDL
10-26 16:04:12.193  9028  9028 W libbinder.BackendUnifiedServiceManager: Thread Pool max thread count is 0. Cannot cache binder as linkToDeath cannot be implemented. serviceName: accessibility
10-26 16:04:12.195  9028  9028 W libbinder.BackendUnifiedServiceManager: Thread Pool max thread count is 0. Cannot cache binder as linkToDeath cannot be implemented. serviceName: account
10-26 16:04:12.225  9028  9028 W libbinder.BackendUnifiedServiceManager: Thread Pool max thread count is 0. Cannot cache binder as linkToDeath cannot be implemented. serviceName: activity
10-26 16:04:12.227  9028  9028 W libbinder.BackendUnifiedServiceManager: Thread Pool max thread count is 0. Cannot cache binder as linkToDeath cannot be implemented. serviceName: activity_task
10-26 16:04:12.228  9028  9028 W libbinder.BackendUnifiedServiceManager: Thread Pool max thread count is 0. Cannot cache binder as linkToDeath cannot be implemented. serviceName: adb
10-26 16:04:12.229  9028  9028 W libbinder.BackendUnifiedServiceManager: Thread Pool max thread count is 0. Cannot cache binder as linkToDeath cannot be implemented. serviceName: adservices_manager
10-26 16:04:12.229  9028  9028 W libbinder.BackendUnifiedServiceManager: Thread Pool max thread count is 0. Cannot cache binder as linkToDeath cannot be implemented. serviceName: advanced_protection
10-26 16:04:12.230  9028  9028 W libbinder.BackendUnifiedServiceManager: Thread Pool max thread count is 0. Cannot cache binder as linkToDeath cannot be implemented. serviceName: alarm
10-26 16:04:12.230  9028  9028 W libbinder.BackendUnifiedServiceManager: Thread Pool max thread count is 0. Cannot cache binder as linkToDeath cannot be implemented. serviceName: ambient_context
10-26 16:04:12.231  9028  9028 W libbinder.BackendUnifiedServiceManager: Thread Pool max thread count is 0. Cannot cache binder as linkToDeath cannot be implemented. serviceName: android.frameworks.cameraservice.service.ICameraService/default
10-26 16:04:12.232  9028  9028 W libbinder.BackendUnifiedServiceManager: Thread Pool max thread count is 0. Cannot cache binder as linkToDeath cannot be implemented. serviceName: android.frameworks.devicestate.IDeviceStateService/default
10-26 16:04:12.233  9028  9028 W libbinder.BackendUnifiedServiceManager: Thread Pool max thread count is 0. Cannot cache binder as linkToDeath cannot be implemented. serviceName: android.frameworks.location.altitude.IAltitudeService/default
10-26 16:04:12.234  9028  9028 W libbinder.BackendUnifiedServiceManager: Thread Pool max thread count is 0. Cannot cache binder as linkToDeath cannot be implemented. serviceName: android.frameworks.sensorservice.ISensorManager/default
10-26 16:04:12.235  9028  9028 W libbinder.BackendUnifiedServiceManager: Thread Pool max thread count is 0. Cannot cache binder as linkToDeath cannot be implemented. serviceName: android.frameworks.stats.IStats/default
10-26 16:04:12.236  9028  9028 W libbinder.BackendUnifiedServiceManager: Thread Pool max thread count is 0. Cannot cache binder as linkToDeath cannot be implemented. serviceName: android.frameworks.vibrator.IVibratorControlService/default
10-26 16:04:12.237  9028  9028 W libbinder.BackendUnifiedServiceManager: Thread Pool max thread count is 0. Cannot cache binder as linkToDeath cannot be implemented. serviceName: android.hardware.authsecret.IAuthSecret/default
10-26 16:04:12.242  9028  9028 E libbinder.IPCThreadState: Binder transaction failure. id: 827757, cmd: BR_FAILED_REPLY (29201), error: -1 (Operation not permitted)
10-26 16:04:12.247  9028  9028 E libbinder.IPCThreadState: Binder transaction failure. id: 827761, cmd: BR_FAILED_REPLY (29201), error: -1 (Operation not permitted)
10-26 16:04:12.247  9028  9028 W libbinder.BackendUnifiedServiceManager: Thread Pool max thread count is 0. Cannot cache binder as linkToDeath cannot be implemented. serviceName: android.hardware.bluetooth.IBluetoothHci/default
10-26 16:04:12.251  9028  9028 E libbinder.IPCThreadState: Binder transaction failure. id: 827765, cmd: BR_FAILED_REPLY (29201), error: -1 (Operation not permitted)
10-26 16:04:12.252  9028  9028 W libbinder.BackendUnifiedServiceManager: Thread Pool max thread count is 0. Cannot cache binder as linkToDeath cannot be implemented. serviceName: android.hardware.bluetooth.audio.IBluetoothAudioProviderFactory/default
10-26 16:04:12.257  9028  9028 E libbinder.IPCThreadState: Binder transaction failure. id: 827769, cmd: BR_FAILED_REPLY (29201), error: -1 (Operation not permitted)
10-26 16:04:12.258  9028  9028 W libbinder.BackendUnifiedServiceManager: Thread Pool max thread count is 0. Cannot cache binder as linkToDeath cannot be implemented. serviceName: android.hardware.bluetooth.offload.leaudio.IHciProxy/default
10-26 16:04:12.262  9028  9028 E libbinder.IPCThreadState: Binder transaction failure. id: 827773, cmd: BR_FAILED_REPLY (29201), error: -1 (Operation not permitted)
10-26 16:04:12.263  9028  9028 W libbinder.BackendUnifiedServiceManager: Thread Pool max thread count is 0. Cannot cache binder as linkToDeath cannot be implemented. serviceName: android.hardware.camera.provider.ICameraProvider/internal/0
10-26 16:04:12.266  9028  9028 E libbinder.IPCThreadState: Binder transaction failure. id: 827777, cmd: BR_FAILED_REPLY (29201), error: -1 (Operation not permitted)
10-26 16:04:12.266  9028  9028 W libbinder.BackendUnifiedServiceManager: Thread Pool max thread count is 0. Cannot cache binder as linkToDeath cannot be implemented. serviceName: android.hardware.camera.provider.ICameraProvider/internal/1
10-26 16:04:12.267  9028  9028 E libbinder.IPCThreadState: Binder transaction failure. id: 827781, cmd: BR_FAILED_REPLY (29201), error: -1 (Operation not permitted)
10-26 16:04:12.267  9028  9028 W libbinder.BackendUnifiedServiceManager: Thread Pool max thread count is 0. Cannot cache binder as linkToDeath cannot be implemented. serviceName: android.hardware.cas.IMediaCasService/default
10-26 16:04:12.269  9028  9028 W libbinder.BackendUnifiedServiceManager: Thread Pool max thread count is 0. Cannot cache binder as linkToDeath cannot be implemented. serviceName: android.hardware.contexthub.IContextHub/default
10-26 16:04:12.269  9028  9028 E libbinder.IPCThreadState: Binder transaction failure. id: 827790, cmd: BR_FAILED_REPLY (29201), error: -1 (Operation not permitted)
10-26 16:04:12.270  9028  9028 W libbinder.BackendUnifiedServiceManager: Thread Pool max thread count is 0. Cannot cache binder as linkToDeath cannot be implemented. serviceName: android.hardware.drm.IDrmFactory/widevine
10-26 16:04:12.271  9028  9028 W libbinder.BackendUnifiedServiceManager: Thread Pool max thread count is 0. Cannot cache binder as linkToDeath cannot be implemented. serviceName: android.hardware.gatekeeper.IGatekeeper/default
10-26 16:04:12.271  9028  9028 E libbinder.IPCThreadState: Binder transaction failure. id: 827799, cmd: BR_FAILED_REPLY (29201), error: -1 (Operation not permitted)
10-26 16:04:12.272  9028  9028 E libbinder.IPCThreadState: Binder transaction failure. id: 827803, cmd: BR_FAILED_REPLY (29201), error: -1 (Operation not permitted)
10-26 16:04:12.274  9028  9028 W libbinder.BackendUnifiedServiceManager: Thread Pool max thread count is 0. Cannot cache binder as linkToDeath cannot be implemented. serviceName: android.hardware.graphics.allocator.IAllocator/default
10-26 16:04:12.236  9028  9028 W service : type=1400 audit(0.0:540): avc:  denied  { call } for  scontext=u:r:shell:s0 tcontext=u:r:hal_authsecret_default:s0 tclass=binder permissive=0
10-26 16:04:12.240  9028  9028 W service : type=1400 audit(0.0:541): avc:  denied  { call } for  scontext=u:r:shell:s0 tcontext=u:r:hal_fingerprint_default:s0 tclass=binder permissive=0
10-26 16:04:12.240  9028  9028 W service : type=1400 audit(0.0:542): avc:  denied  { call } for  scontext=u:r:shell:s0 tcontext=u:r:hal_bluetooth_default:s0 tclass=binder permissive=0
10-26 16:04:12.553  1546  1749 D SatelliteController: iisInCarrierRoamingNbIotNtn: satellite is disabled
10-26 16:04:12.559  1546  1749 D SatelliteController: getCarrierRoamingNtnConnectType: Falling back to global carrier config connect type: 0
10-26 16:04:12.240  9028  9028 W service : type=1400 audit(0.0:543): avc:  denied  { call } for  scontext=u:r:shell:s0 tcontext=u:r:hal_audio_default:s0 tclass=binder permissive=0
10-26 16:04:12.590  9028  9028 W libbinder.BackendUnifiedServiceManager: Thread Pool max thread count is 0. Cannot cache binder as linkToDeath cannot be implemented. serviceName: android.hardware.graphics.composer3.IComposer/default
10-26 16:04:12.590  9028  9028 E libbinder.IPCThreadState: Binder transaction failure. id: 827822, cmd: BR_FAILED_REPLY (29201), error: -1 (Operation not permitted)
10-26 16:04:12.592  9028  9028 W libbinder.BackendUnifiedServiceManager: Thread Pool max thread count is 0. Cannot cache binder as linkToDeath cannot be implemented. serviceName: android.hardware.health.IHealth/default
10-26 16:04:12.592  9028  9028 E libbinder.IPCThreadState: Binder transaction failure. id: 827827, cmd: BR_FAILED_REPLY (29201), error: -1 (Operation not permitted)
10-26 16:04:12.593  9028  9028 W libbinder.BackendUnifiedServiceManager: Thread Pool max thread count is 0. Cannot cache binder as linkToDeath cannot be implemented. serviceName: android.hardware.identity.IIdentityCredentialStore/default
10-26 16:04:12.593  9028  9028 E libbinder.IPCThreadState: Binder transaction failure. id: 827832, cmd: BR_FAILED_REPLY (29201), error: -1 (Operation not permitted)
10-26 16:04:12.598  9028  9028 W libbinder.BackendUnifiedServiceManager: Thread Pool max thread count is 0. Cannot cache binder as linkToDeath cannot be implemented. serviceName: android.hardware.light.ILights/default
10-26 16:04:12.598  9028  9028 E libbinder.IPCThreadState: Binder transaction failure. id: 827836, cmd: BR_FAILED_REPLY (29201), error: -1 (Operation not permitted)
10-26 16:04:12.240  9028  9028 W service : type=1400 audit(0.0:544): avc:  denied  { call } for  scontext=u:r:shell:s0 tcontext=u:r:hal_bluetooth_default:s0 tclass=binder permissive=0
10-26 16:04:12.611  9028  9028 W libbinder.BackendUnifiedServiceManager: Thread Pool max thread count is 0. Cannot cache binder as linkToDeath cannot be implemented. serviceName: android.hardware.media.c2.IComponentStore/software
10-26 16:04:12.642  9028  9028 W libbinder.BackendUnifiedServiceManager: Thread Pool max thread count is 0. Cannot cache binder as linkToDeath cannot be implemented. serviceName: android.hardware.neuralnetworks.IDevice/nnapi-sample_all
10-26 16:04:12.647  9028  9028 W libbinder.BackendUnifiedServiceManager: Thread Pool max thread count is 0. Cannot cache binder as linkToDeath cannot be implemented. serviceName: android.hardware.neuralnetworks.IDevice/nnapi-sample_quant
10-26 16:04:12.667  9028  9028 W libbinder.BackendUnifiedServiceManager: Thread Pool max thread count is 0. Cannot cache binder as linkToDeath cannot be implemented. serviceName: android.hardware.neuralnetworks.IDevice/nnapi-sample_sl_shim
10-26 16:04:12.669   784  1259 I HalDevMgr: bestIfaceCreationProposal is null, requestIface=STA, existingIface=[name=wlan0 type=STA]
10-26 16:04:12.676  9028  9028 W libbinder.BackendUnifiedServiceManager: Thread Pool max thread count is 0. Cannot cache binder as linkToDeath cannot be implemented. serviceName: android.hardware.power.IPower/default
10-26 16:04:12.677  9028  9028 E libbinder.IPCThreadState: Binder transaction failure. id: 827916, cmd: BR_FAILED_REPLY (29201), error: -1 (Operation not permitted)
10-26 16:04:12.679  9028  9028 W libbinder.BackendUnifiedServiceManager: Thread Pool max thread count is 0. Cannot cache binder as linkToDeath cannot be implemented. serviceName: android.hardware.power.stats.IPowerStats/default
10-26 16:04:12.679  9028  9028 E libbinder.IPCThreadState: Binder transaction failure. id: 827920, cmd: BR_FAILED_REPLY (29201), error: -1 (Operation not permitted)
10-26 16:04:12.694  9028  9028 W libbinder.BackendUnifiedServiceManager: Thread Pool max thread count is 0. Cannot cache binder as linkToDeath cannot be implemented. serviceName: android.hardware.radio.config.IRadioConfig/default
10-26 16:04:12.747  9028  9028 E libbinder.IPCThreadState: Binder transaction failure. id: 827925, cmd: BR_FAILED_REPLY (29201), error: -1 (Operation not permitted)
10-26 16:04:12.767  9028  9028 W libbinder.BackendUnifiedServiceManager: Thread Pool max thread count is 0. Cannot cache binder as linkToDeath cannot be implemented. serviceName: android.hardware.radio.data.IRadioData/slot1
10-26 16:04:12.767  9028  9028 E libbinder.IPCThreadState: Binder transaction failure. id: 827931, cmd: BR_FAILED_REPLY (29201), error: -1 (Operation not permitted)
10-26 16:04:12.797  9028  9028 W libbinder.BackendUnifiedServiceManager: Thread Pool max thread count is 0. Cannot cache binder as linkToDeath cannot be implemented. serviceName: android.hardware.radio.ims.IRadioIms/slot1
10-26 16:04:12.797  9028  9028 E libbinder.IPCThreadState: Binder transaction failure. id: 827936, cmd: BR_FAILED_REPLY (29201), error: -1 (Operation not permitted)
10-26 16:04:12.802  9028  9028 W libbinder.BackendUnifiedServiceManager: Thread Pool max thread count is 0. Cannot cache binder as linkToDeath cannot be implemented. serviceName: android.hardware.radio.ims.media.IImsMedia/default
10-26 16:04:12.802  9028  9028 E libbinder.IPCThreadState: Binder transaction failure. id: 827940, cmd: BR_FAILED_REPLY (29201), error: -1 (Operation not permitted)
10-26 16:04:12.806  9028  9028 W libbinder.BackendUnifiedServiceManager: Thread Pool max thread count is 0. Cannot cache binder as linkToDeath cannot be implemented. serviceName: android.hardware.radio.messaging.IRadioMessaging/slot1
10-26 16:04:12.807  9028  9028 E libbinder.IPCThreadState: Binder transaction failure. id: 827945, cmd: BR_FAILED_REPLY (29201), error: -1 (Operation not permitted)
10-26 16:04:12.811  9028  9028 W libbinder.BackendUnifiedServiceManager: Thread Pool max thread count is 0. Cannot cache binder as linkToDeath cannot be implemented. serviceName: android.hardware.radio.modem.IRadioModem/slot1
10-26 16:04:12.812  9028  9028 E libbinder.IPCThreadState: Binder transaction failure. id: 827949, cmd: BR_FAILED_REPLY (29201), error: -1 (Operation not permitted)
10-26 16:04:12.813  9028  9028 W libbinder.BackendUnifiedServiceManager: Thread Pool max thread count is 0. Cannot cache binder as linkToDeath cannot be implemented. serviceName: android.hardware.radio.network.IRadioNetwork/slot1
10-26 16:04:12.813  9028  9028 E libbinder.IPCThreadState: Binder transaction failure. id: 827953, cmd: BR_FAILED_REPLY (29201), error: -1 (Operation not permitted)
10-26 16:04:12.814  9028  9028 W libbinder.BackendUnifiedServiceManager: Thread Pool max thread count is 0. Cannot cache binder as linkToDeath cannot be implemented. serviceName: android.hardware.radio.sap.ISap/slot1
10-26 16:04:12.814  9028  9028 E libbinder.IPCThreadState: Binder transaction failure. id: 827957, cmd: BR_FAILED_REPLY (29201), error: -1 (Operation not permitted)
10-26 16:04:12.815  9028  9028 W libbinder.BackendUnifiedServiceManager: Thread Pool max thread count is 0. Cannot cache binder as linkToDeath cannot be implemented. serviceName: android.hardware.radio.sim.IRadioSim/slot1
10-26 16:04:12.815  9028  9028 E libbinder.IPCThreadState: Binder transaction failure. id: 827961, cmd: BR_FAILED_REPLY (29201), error: -1 (Operation not permitted)
10-26 16:04:12.827  9028  9028 W libbinder.BackendUnifiedServiceManager: Thread Pool max thread count is 0. Cannot cache binder as linkToDeath cannot be implemented. serviceName: android.hardware.radio.voice.IRadioVoice/slot1
10-26 16:04:12.828  9028  9028 E libbinder.IPCThreadState: Binder transaction failure. id: 827966, cmd: BR_FAILED_REPLY (29201), error: -1 (Operation not permitted)
10-26 16:04:12.842  9028  9028 W libbinder.BackendUnifiedServiceManager: Thread Pool max thread count is 0. Cannot cache binder as linkToDeath cannot be implemented. serviceName: android.hardware.rebootescrow.IRebootEscrow/default
10-26 16:04:12.843  9028  9028 E libbinder.IPCThreadState: Binder transaction failure. id: 827971, cmd: BR_FAILED_REPLY (29201), error: -1 (Operation not permitted)
10-26 16:04:12.871  9028  9028 W libbinder.BackendUnifiedServiceManager: Thread Pool max thread count is 0. Cannot cache binder as linkToDeath cannot be implemented. serviceName: android.hardware.security.keymint.IRemotelyProvisionedComponent/default
10-26 16:04:12.892  9028  9028 W libbinder.BackendUnifiedServiceManager: Thread Pool max thread count is 0. Cannot cache binder as linkToDeath cannot be implemented. serviceName: android.hardware.security.sharedsecret.ISharedSecret/gatekeeper
10-26 16:04:12.892  9028  9028 E libbinder.IPCThreadState: Binder transaction failure. id: 827989, cmd: BR_FAILED_REPLY (29201), error: -1 (Operation not permitted)
10-26 16:04:12.896  9028  9028 W libbinder.BackendUnifiedServiceManager: Thread Pool max thread count is 0. Cannot cache binder as linkToDeath cannot be implemented. serviceName: android.hardware.sensors.ISensors/default
10-26 16:04:12.896  9028  9028 E libbinder.IPCThreadState: Binder transaction failure. id: 827993, cmd: BR_FAILED_REPLY (29201), error: -1 (Operation not permitted)
10-26 16:04:12.930  9028  9028 W libbinder.BackendUnifiedServiceManager: Thread Pool max thread count is 0. Cannot cache binder as linkToDeath cannot be implemented. serviceName: android.hardware.thermal.IThermal/default
10-26 16:04:12.931  9028  9028 E libbinder.IPCThreadState: Binder transaction failure. id: 827999, cmd: BR_FAILED_REPLY (29201), error: -1 (Operation not permitted)
10-26 16:04:12.936  9028  9028 W libbinder.BackendUnifiedServiceManager: Thread Pool max thread count is 0. Cannot cache binder as linkToDeath cannot be implemented. serviceName: android.hardware.threadnetwork.IThreadChip/chip0
10-26 16:04:12.937  9028  9028 E libbinder.IPCThreadState: Binder transaction failure. id: 828004, cmd: BR_FAILED_REPLY (29201), error: -1 (Operation not permitted)
10-26 16:04:12.937  9028  9028 W libbinder.BackendUnifiedServiceManager: Thread Pool max thread count is 0. Cannot cache binder as linkToDeath cannot be implemented. serviceName: android.hardware.usb.IUsb/default
10-26 16:04:12.938  9028  9028 E libbinder.IPCThreadState: Binder transaction failure. id: 828008, cmd: BR_FAILED_REPLY (29201), error: -1 (Operation not permitted)
10-26 16:04:12.940  9028  9028 W libbinder.BackendUnifiedServiceManager: Thread Pool max thread count is 0. Cannot cache binder as linkToDeath cannot be implemented. serviceName: android.hardware.uwb.IUwb/default
10-26 16:04:12.940  9028  9028 E libbinder.IPCThreadState: Binder transaction failure. id: 828012, cmd: BR_FAILED_REPLY (29201), error: -1 (Operation not permitted)
10-26 16:04:12.945  9028  9028 W libbinder.BackendUnifiedServiceManager: Thread Pool max thread count is 0. Cannot cache binder as linkToDeath cannot be implemented. serviceName: android.hardware.vibrator.IVibrator/default
10-26 16:04:12.945  9028  9028 E libbinder.IPCThreadState: Binder transaction failure. id: 828016, cmd: BR_FAILED_REPLY (29201), error: -1 (Operation not permitted)
10-26 16:04:12.948  9028  9028 W libbinder.BackendUnifiedServiceManager: Thread Pool max thread count is 0. Cannot cache binder as linkToDeath cannot be implemented. serviceName: android.hardware.vibrator.IVibratorManager/default
10-26 16:04:12.948  9028  9028 E libbinder.IPCThreadState: Binder transaction failure. id: 828020, cmd: BR_FAILED_REPLY (29201), error: -1 (Operation not permitted)
10-26 16:04:12.949  9028  9028 W libbinder.BackendUnifiedServiceManager: Thread Pool max thread count is 0. Cannot cache binder as linkToDeath cannot be implemented. serviceName: android.hardware.wifi.IWifi/default
10-26 16:04:12.949  9028  9028 E libbinder.IPCThreadState: Binder transaction failure. id: 828024, cmd: BR_FAILED_REPLY (29201), error: -1 (Operation not permitted)
10-26 16:04:12.950  9028  9028 W libbinder.BackendUnifiedServiceManager: Thread Pool max thread count is 0. Cannot cache binder as linkToDeath cannot be implemented. serviceName: android.hardware.wifi.supplicant.ISupplicant/default
10-26 16:04:12.950  9028  9028 E libbinder.IPCThreadState: Binder transaction failure. id: 828028, cmd: BR_FAILED_REPLY (29201), error: -1 (Operation not permitted)
10-26 16:04:12.951  9028  9028 W libbinder.BackendUnifiedServiceManager: Thread Pool max thread count is 0. Cannot cache binder as linkToDeath cannot be implemented. serviceName: android.security.apc
10-26 16:04:12.954  9028  9028 W libbinder.BackendUnifiedServiceManager: Thread Pool max thread count is 0. Cannot cache binder as linkToDeath cannot be implemented. serviceName: android.security.authorization
10-26 16:04:12.955  9028  9028 W libbinder.BackendUnifiedServiceManager: Thread Pool max thread count is 0. Cannot cache binder as linkToDeath cannot be implemented. serviceName: android.security.compat
10-26 16:04:12.958  9028  9028 W libbinder.BackendUnifiedServiceManager: Thread Pool max thread count is 0. Cannot cache binder as linkToDeath cannot be implemented. serviceName: android.security.identity
10-26 16:04:12.959  9028  9028 W libbinder.BackendUnifiedServiceManager: Thread Pool max thread count is 0. Cannot cache binder as linkToDeath cannot be implemented. serviceName: android.security.legacykeystore
10-26 16:04:12.962  9028  9028 W libbinder.BackendUnifiedServiceManager: Thread Pool max thread count is 0. Cannot cache binder as linkToDeath cannot be implemented. serviceName: android.security.maintenance
10-26 16:04:12.964  9028  9028 W libbinder.BackendUnifiedServiceManager: Thread Pool max thread count is 0. Cannot cache binder as linkToDeath cannot be implemented. serviceName: android.security.metrics
10-26 16:04:12.973  9028  9028 W libbinder.BackendUnifiedServiceManager: Thread Pool max thread count is 0. Cannot cache binder as linkToDeath cannot be implemented. serviceName: android.system.keystore2.IKeystoreService/default
10-26 16:04:12.979  9028  9028 W libbinder.BackendUnifiedServiceManager: Thread Pool max thread count is 0. Cannot cache binder as linkToDeath cannot be implemented. serviceName: android.system.net.netd.INetd/default
10-26 16:04:12.979  9028  9028 E libbinder.IPCThreadState: Binder transaction failure. id: 828076, cmd: BR_FAILED_REPLY (29201), error: -1 (Operation not permitted)
10-26 16:04:12.980  9028  9028 W libbinder.BackendUnifiedServiceManager: Thread Pool max thread count is 0. Cannot cache binder as linkToDeath cannot be implemented. serviceName: android.system.suspend.ISystemSuspend/default
10-26 16:04:12.981  9028  9028 E libbinder.IPCThreadState: Binder transaction failure. id: 828080, cmd: BR_FAILED_REPLY (29201), error: -1 (Operation not permitted)
10-26 16:04:12.985  9028  9028 W libbinder.BackendUnifiedServiceManager: Thread Pool max thread count is 0. Cannot cache binder as linkToDeath cannot be implemented. serviceName: android.system.vmtethering.IVmTethering
10-26 16:04:12.986  9028  9028 W libbinder.BackendUnifiedServiceManager: Thread Pool max thread count is 0. Cannot cache binder as linkToDeath cannot be implemented. serviceName: android.system.vold.IVold/default
10-26 16:04:12.995  9028  9028 E libbinder.IPCThreadState: Binder transaction failure. id: 828089, cmd: BR_FAILED_REPLY (29201), error: -1 (Operation not permitted)
10-26 16:04:12.995  9028  9028 W libbinder.BackendUnifiedServiceManager: Thread Pool max thread count is 0. Cannot cache binder as linkToDeath cannot be implemented. serviceName: app_binding
10-26 16:04:12.997  9028  9028 E libbinder.Parcel: Reading a NULL string not supported here.
10-26 16:04:12.997  9028  9028 W libbinder.BackendUnifiedServiceManager: Thread Pool max thread count is 0. Cannot cache binder as linkToDeath cannot be implemented. serviceName: app_function
10-26 16:04:13.001  9028  9028 W libbinder.BackendUnifiedServiceManager: Thread Pool max thread count is 0. Cannot cache binder as linkToDeath cannot be implemented. serviceName: app_hibernation
10-26 16:04:13.006  9028  9028 W libbinder.BackendUnifiedServiceManager: Thread Pool max thread count is 0. Cannot cache binder as linkToDeath cannot be implemented. serviceName: app_integrity
10-26 16:04:13.007  9028  9028 W libbinder.BackendUnifiedServiceManager: Thread Pool max thread count is 0. Cannot cache binder as linkToDeath cannot be implemented. serviceName: app_prediction
10-26 16:04:13.009  9028  9028 W libbinder.BackendUnifiedServiceManager: Thread Pool max thread count is 0. Cannot cache binder as linkToDeath cannot be implemented. serviceName: app_search
10-26 16:04:13.010  9028  9028 W libbinder.BackendUnifiedServiceManager: Thread Pool max thread count is 0. Cannot cache binder as linkToDeath cannot be implemented. serviceName: appops
10-26 16:04:13.012  9028  9028 W libbinder.BackendUnifiedServiceManager: Thread Pool max thread count is 0. Cannot cache binder as linkToDeath cannot be implemented. serviceName: appwidget
10-26 16:04:13.014  9028  9028 E libbinder.IPCThreadState: Binder transaction failure. id: 828135, cmd: BR_FAILED_REPLY (29201), error: -1 (Operation not permitted)
10-26 16:04:13.015  9028  9028 W libbinder.BackendUnifiedServiceManager: Thread Pool max thread count is 0. Cannot cache binder as linkToDeath cannot be implemented. serviceName: attestation_verification
10-26 16:04:13.017  9028  9028 W libbinder.BackendUnifiedServiceManager: Thread Pool max thread count is 0. Cannot cache binder as linkToDeath cannot be implemented. serviceName: audio
10-26 16:04:13.020  9028  9028 W libbinder.BackendUnifiedServiceManager: Thread Pool max thread count is 0. Cannot cache binder as linkToDeath cannot be implemented. serviceName: auth
10-26 16:04:13.023  9028  9028 W libbinder.BackendUnifiedServiceManager: Thread Pool max thread count is 0. Cannot cache binder as linkToDeath cannot be implemented. serviceName: authentication_policy
10-26 16:04:13.027  9028  9028 W libbinder.BackendUnifiedServiceManager: Thread Pool max thread count is 0. Cannot cache binder as linkToDeath cannot be implemented. serviceName: autofill
10-26 16:04:13.030  9028  9028 W libbinder.BackendUnifiedServiceManager: Thread Pool max thread count is 0. Cannot cache binder as linkToDeath cannot be implemented. serviceName: background_install_control
10-26 16:04:13.034  9028  9028 W libbinder.BackendUnifiedServiceManager: Thread Pool max thread count is 0. Cannot cache binder as linkToDeath cannot be implemented. serviceName: backup
10-26 16:04:13.036  9028  9028 W libbinder.BackendUnifiedServiceManager: Thread Pool max thread count is 0. Cannot cache binder as linkToDeath cannot be implemented. serviceName: battery
10-26 16:04:13.038  9028  9028 E libbinder.Parcel: Reading a NULL string not supported here.
10-26 16:04:13.038  9028  9028 W libbinder.BackendUnifiedServiceManager: Thread Pool max thread count is 0. Cannot cache binder as linkToDeath cannot be implemented. serviceName: batteryproperties
10-26 16:04:13.041  9028  9028 W libbinder.BackendUnifiedServiceManager: Thread Pool max thread count is 0. Cannot cache binder as linkToDeath cannot be implemented. serviceName: batterystats
10-26 16:04:13.042  9028  9028 W libbinder.BackendUnifiedServiceManager: Thread Pool max thread count is 0. Cannot cache binder as linkToDeath cannot be implemented. serviceName: binder_calls_stats
10-26 16:04:13.043  9028  9028 E libbinder.Parcel: Reading a NULL string not supported here.
10-26 16:04:13.044  9028  9028 W libbinder.BackendUnifiedServiceManager: Thread Pool max thread count is 0. Cannot cache binder as linkToDeath cannot be implemented. serviceName: biometric
