10-26 16:04:19.567  9077  9077 W libbinder.BackendUnifiedServiceManager: Thread Pool max thread count is 0. Cannot cache binder as linkToDeath cannot be implemented. serviceName: media.metrics
10-26 16:04:19.569  9077  9077 W libbinder.BackendUnifiedServiceManager: Thread Pool max thread count is 0. Cannot cache binder as linkToDeath cannot be implemented. serviceName: media.player
10-26 16:04:19.573  9077  9077 W libbinder.BackendUnifiedServiceManager: Thread Pool max thread count is 0. Cannot cache binder as linkToDeath cannot be implemented. serviceName: media.resource_manager
10-26 16:04:19.575  9077  9077 W libbinder.BackendUnifiedServiceManager: Thread Pool max thread count is 0. Cannot cache binder as linkToDeath cannot be implemented. serviceName: media.resource_observer
10-26 16:04:19.578  9077  9077 W libbinder.BackendUnifiedServiceManager: Thread Pool max thread count is 0. Cannot cache binder as linkToDeath cannot be implemented. serviceName: media_communication
10-26 16:04:19.581  7535  7535 I Finsky  : [2] agbj - Received: android.intent.action.PACKAGE_ADDED, [4iEd7nMABLP5wFv__5l2SAIKaB7RVJKSKNp8y4mK_R0]
10-26 16:04:19.582  6730  9084 I Finsky:background: [148] Wrote row to frosting DB: 341
10-26 16:04:19.588  9077  9077 W libbinder.BackendUnifiedServiceManager: Thread Pool max thread count is 0. Cannot cache binder as linkToDeath cannot be implemented. serviceName: media_metrics
10-26 16:04:19.589  9077  9077 W libbinder.BackendUnifiedServiceManager: Thread Pool max thread count is 0. Cannot cache binder as linkToDeath cannot be implemented. serviceName: media_projection
10-26 16:04:19.591  9077  9077 W libbinder.BackendUnifiedServiceManager: Thread Pool max thread count is 0. Cannot cache binder as linkToDeath cannot be implemented. serviceName: media_resource_monitor
10-26 16:04:19.594  9077  9077 W libbinder.BackendUnifiedServiceManager: Thread Pool max thread count is 0. Cannot cache binder as linkToDeath cannot be implemented. serviceName: media_router
10-26 16:04:19.598  9077  9077 W libbinder.BackendUnifiedServiceManager: Thread Pool max thread count is 0. Cannot cache binder as linkToDeath cannot be implemented. serviceName: media_session
10-26 16:04:19.600  9077  9077 W libbinder.BackendUnifiedServiceManager: Thread Pool max thread count is 0. Cannot cache binder as linkToDeath cannot be implemented. serviceName: meminfo
10-26 16:04:19.602  9077  9077 E libbinder.Parcel: Reading a NULL string not supported here.
10-26 16:04:19.603  9077  9077 W libbinder.BackendUnifiedServiceManager: Thread Pool max thread count is 0. Cannot cache binder as linkToDeath cannot be implemented. serviceName: memtrack.proxy
10-26 16:04:19.606  9077  9077 W libbinder.BackendUnifiedServiceManager: Thread Pool max thread count is 0. Cannot cache binder as linkToDeath cannot be implemented. serviceName: midi
10-26 16:04:19.608  9077  9077 W libbinder.BackendUnifiedServiceManager: Thread Pool max thread count is 0. Cannot cache binder as linkToDeath cannot be implemented. serviceName: mount
10-26 16:04:19.611  9077  9077 W libbinder.BackendUnifiedServiceManager: Thread Pool max thread count is 0. Cannot cache binder as linkToDeath cannot be implemented. serviceName: music_recognition
10-26 16:04:19.615  6730  6730 I Finsky:background: [2] agaz - Deduping intent android.intent.action.PACKAGE_ADDED
10-26 16:04:19.616  9077  9077 W libbinder.BackendUnifiedServiceManager: Thread Pool max thread count is 0. Cannot cache binder as linkToDeath cannot be implemented. serviceName: nearby
10-26 16:04:19.628  9077  9077 W libbinder.BackendUnifiedServiceManager: Thread Pool max thread count is 0. Cannot cache binder as linkToDeath cannot be implemented. serviceName: netd_listener
10-26 16:04:19.633  6730  6730 D ActivityThread: Package [net.tiramisu.mdp] reported as REPLACED, but missing application info. Assuming REMOVED.
10-26 16:04:19.634  6730  6806 I Finsky:background: [62] RECEIVER_PACKAGE_MONITOR_BACKGROUND#logWorkEndAndFinishGoAsync: SUCCESS
10-26 16:04:19.636  9077  9077 W libbinder.BackendUnifiedServiceManager: Thread Pool max thread count is 0. Cannot cache binder as linkToDeath cannot be implemented. serviceName: netpolicy
10-26 16:04:19.640  9077  9077 W libbinder.BackendUnifiedServiceManager: Thread Pool max thread count is 0. Cannot cache binder as linkToDeath cannot be implemented. serviceName: netstats
10-26 16:04:19.644  9077  9077 W libbinder.BackendUnifiedServiceManager: Thread Pool max thread count is 0. Cannot cache binder as linkToDeath cannot be implemented. serviceName: network_management
10-26 16:04:19.648  6730  9084 I Finsky:background: [148] Wrote row to frosting DB: 342
10-26 16:04:19.654  9077  9077 W libbinder.BackendUnifiedServiceManager: Thread Pool max thread count is 0. Cannot cache binder as linkToDeath cannot be implemented. serviceName: network_score
10-26 16:04:19.658  9077  9077 W libbinder.BackendUnifiedServiceManager: Thread Pool max thread count is 0. Cannot cache binder as linkToDeath cannot be implemented. serviceName: network_stack
10-26 16:04:19.659  9077  9077 W libbinder.BackendUnifiedServiceManager: Thread Pool max thread count is 0. Cannot cache binder as linkToDeath cannot be implemented. serviceName: network_time_update_service
10-26 16:04:19.664  9077  9077 E libbinder.Parcel: Reading a NULL string not supported here.
10-26 16:04:19.666  9077  9077 W libbinder.BackendUnifiedServiceManager: Thread Pool max thread count is 0. Cannot cache binder as linkToDeath cannot be implemented. serviceName: network_watchlist
10-26 16:04:19.667  9077  9077 W libbinder.BackendUnifiedServiceManager: Thread Pool max thread count is 0. Cannot cache binder as linkToDeath cannot be implemented. serviceName: notification
10-26 16:04:19.672  9077  9077 W libbinder.BackendUnifiedServiceManager: Thread Pool max thread count is 0. Cannot cache binder as linkToDeath cannot be implemented. serviceName: on_device_intelligence
10-26 16:04:19.679  9077  9077 W libbinder.BackendUnifiedServiceManager: Thread Pool max thread count is 0. Cannot cache binder as linkToDeath cannot be implemented. serviceName: ondevicepersonalization_system_service
10-26 16:04:19.681  9077  9077 E libbinder.IPCThreadState: Binder transaction failure. id: 832283, cmd: BR_FAILED_REPLY (29201), error: -1 (Operation not permitted)
10-26 16:04:19.683  9077  9077 W libbinder.BackendUnifiedServiceManager: Thread Pool max thread count is 0. Cannot cache binder as linkToDeath cannot be implemented. serviceName: overlay
10-26 16:04:19.685  9077  9077 W libbinder.BackendUnifiedServiceManager: Thread Pool max thread count is 0. Cannot cache binder as linkToDeath cannot be implemented. serviceName: pac_proxy
10-26 16:04:19.688  9077  9077 W libbinder.BackendUnifiedServiceManager: Thread Pool max thread count is 0. Cannot cache binder as linkToDeath cannot be implemented. serviceName: package
10-26 16:04:19.693  9077  9077 W libbinder.BackendUnifiedServiceManager: Thread Pool max thread count is 0. Cannot cache binder as linkToDeath cannot be implemented. serviceName: package_native
10-26 16:04:19.696  9077  9077 W libbinder.BackendUnifiedServiceManager: Thread Pool max thread count is 0. Cannot cache binder as linkToDeath cannot be implemented. serviceName: people
10-26 16:04:19.697  9077  9077 W libbinder.BackendUnifiedServiceManager: Thread Pool max thread count is 0. Cannot cache binder as linkToDeath cannot be implemented. serviceName: performance_hint
10-26 16:04:19.699  9077  9077 W libbinder.BackendUnifiedServiceManager: Thread Pool max thread count is 0. Cannot cache binder as linkToDeath cannot be implemented. serviceName: permission
10-26 16:04:19.701  9077  9077 W libbinder.BackendUnifiedServiceManager: Thread Pool max thread count is 0. Cannot cache binder as linkToDeath cannot be implemented. serviceName: permission_checker
10-26 16:04:19.703  9077  9077 W libbinder.BackendUnifiedServiceManager: Thread Pool max thread count is 0. Cannot cache binder as linkToDeath cannot be implemented. serviceName: permissionmgr
10-26 16:04:19.708  9077  9077 W libbinder.BackendUnifiedServiceManager: Thread Pool max thread count is 0. Cannot cache binder as linkToDeath cannot be implemented. serviceName: phone
10-26 16:04:19.711  9077  9077 W libbinder.BackendUnifiedServiceManager: Thread Pool max thread count is 0. Cannot cache binder as linkToDeath cannot be implemented. serviceName: pinner
10-26 16:04:19.716  9077  9077 W libbinder.BackendUnifiedServiceManager: Thread Pool max thread count is 0. Cannot cache binder as linkToDeath cannot be implemented. serviceName: platform_compat
10-26 16:04:19.718  7535  7535 I Finsky  : [2] agbj - Deduping intent android.intent.action.PACKAGE_ADDED
10-26 16:04:19.721  9077  9077 W libbinder.BackendUnifiedServiceManager: Thread Pool max thread count is 0. Cannot cache binder as linkToDeath cannot be implemented. serviceName: platform_compat_native
10-26 16:04:19.723  9077  9077 W libbinder.BackendUnifiedServiceManager: Thread Pool max thread count is 0. Cannot cache binder as linkToDeath cannot be implemented. serviceName: power
10-26 16:04:19.724  9077  9077 W libbinder.BackendUnifiedServiceManager: Thread Pool max thread count is 0. Cannot cache binder as linkToDeath cannot be implemented. serviceName: powerstats
10-26 16:04:19.726  9077  9077 W libbinder.BackendUnifiedServiceManager: Thread Pool max thread count is 0. Cannot cache binder as linkToDeath cannot be implemented. serviceName: print
10-26 16:04:19.729  9077  9077 W libbinder.BackendUnifiedServiceManager: Thread Pool max thread count is 0. Cannot cache binder as linkToDeath cannot be implemented. serviceName: processinfo
10-26 16:04:19.732  9077  9077 W libbinder.BackendUnifiedServiceManager: Thread Pool max thread count is 0. Cannot cache binder as linkToDeath cannot be implemented. serviceName: procstats
10-26 16:04:19.733  7535  7535 I Finsky  : [2] agbj - Received: android.intent.action.PACKAGE_ADDED, [4iEd7nMABLP5wFv__5l2SAIKaB7RVJKSKNp8y4mK_R0]
10-26 16:04:19.734  9077  9077 W libbinder.BackendUnifiedServiceManager: Thread Pool max thread count is 0. Cannot cache binder as linkToDeath cannot be implemented. serviceName: profiling_service
10-26 16:04:19.736  9077  9077 W libbinder.BackendUnifiedServiceManager: Thread Pool max thread count is 0. Cannot cache binder as linkToDeath cannot be implemented. serviceName: protolog_configuration
10-26 16:04:19.740  9077  9077 W libbinder.BackendUnifiedServiceManager: Thread Pool max thread count is 0. Cannot cache binder as linkToDeath cannot be implemented. serviceName: ranging
10-26 16:04:19.745  9077  9077 W libbinder.BackendUnifiedServiceManager: Thread Pool max thread count is 0. Cannot cache binder as linkToDeath cannot be implemented. serviceName: reboot_readiness
10-26 16:04:19.746  9077  9077 W libbinder.BackendUnifiedServiceManager: Thread Pool max thread count is 0. Cannot cache binder as linkToDeath cannot be implemented. serviceName: recovery
10-26 16:04:19.751  9077  9077 W libbinder.BackendUnifiedServiceManager: Thread Pool max thread count is 0. Cannot cache binder as linkToDeath cannot be implemented. serviceName: remote_provisioning
10-26 16:04:19.755   784  1504 E RoleControllerServiceImpl: Default/fallback role holder package doesn't qualify for the role, package: com.google.android.gms, role: android.app.role.WALLET, user: 0
10-26 16:04:19.756  9077  9077 W libbinder.BackendUnifiedServiceManager: Thread Pool max thread count is 0. Cannot cache binder as linkToDeath cannot be implemented. serviceName: resources
10-26 16:04:19.759  9077  9077 W libbinder.BackendUnifiedServiceManager: Thread Pool max thread count is 0. Cannot cache binder as linkToDeath cannot be implemented. serviceName: restrictions
10-26 16:04:19.760  9077  9077 W libbinder.BackendUnifiedServiceManager: Thread Pool max thread count is 0. Cannot cache binder as linkToDeath cannot be implemented. serviceName: role
10-26 16:04:19.762  7535  7535 I Finsky  : [2] agbj - Deduping intent android.intent.action.PACKAGE_ADDED
10-26 16:04:19.766  7535  7535 I Finsky  : [2] Memory trim requested to level 40
10-26 16:04:19.767  7535  7535 I Finsky  : [2] Flushing in-memory image cache
10-26 16:04:19.767  9077  9077 W libbinder.BackendUnifiedServiceManager: Thread Pool max thread count is 0. Cannot cache binder as linkToDeath cannot be implemented. serviceName: rollback
10-26 16:04:19.772  9077  9077 W libbinder.BackendUnifiedServiceManager: Thread Pool max thread count is 0. Cannot cache binder as linkToDeath cannot be implemented. serviceName: runtime
10-26 16:04:19.774  7535  7535 I Finsky  : [2] Memory trim requested to level 40
10-26 16:04:19.775  7535  7535 I Finsky  : [2] Flushing in-memory image cache
10-26 16:04:19.777  9077  9077 E libbinder.Parcel: Reading a NULL string not supported here.
10-26 16:04:19.777  9077  9077 W libbinder.BackendUnifiedServiceManager: Thread Pool max thread count is 0. Cannot cache binder as linkToDeath cannot be implemented. serviceName: safety_center
10-26 16:04:19.778  7535  7535 D ActivityThread: Package [net.tiramisu.mdp] reported as REPLACED, but missing application info. Assuming REMOVED.
10-26 16:04:19.780  7535  7565 I Finsky  : [48] RECEIVER_PACKAGE_MONITOR#logWorkEndAndFinishGoAsync: SUCCESS
10-26 16:04:19.782  9077  9077 W libbinder.BackendUnifiedServiceManager: Thread Pool max thread count is 0. Cannot cache binder as linkToDeath cannot be implemented. serviceName: scheduling_policy
10-26 16:04:19.783  6730  9084 I Finsky:background: [148] Wrote row to frosting DB: 343
10-26 16:04:19.786  9077  9077 W libbinder.BackendUnifiedServiceManager: Thread Pool max thread count is 0. Cannot cache binder as linkToDeath cannot be implemented. serviceName: sdk_sandbox
10-26 16:04:19.788  9077  9077 W libbinder.BackendUnifiedServiceManager: Thread Pool max thread count is 0. Cannot cache binder as linkToDeath cannot be implemented. serviceName: search
10-26 16:04:19.790  9077  9077 W libbinder.BackendUnifiedServiceManager: Thread Pool max thread count is 0. Cannot cache binder as linkToDeath cannot be implemented. serviceName: search_ui
10-26 16:04:19.791  9077  9077 W libbinder.BackendUnifiedServiceManager: Thread Pool max thread count is 0. Cannot cache binder as linkToDeath cannot be implemented. serviceName: sec_key_att_app_id_provider
10-26 16:04:19.792  9077  9077 W libbinder.BackendUnifiedServiceManager: Thread Pool max thread count is 0. Cannot cache binder as linkToDeath cannot be implemented. serviceName: secure_element
10-26 16:04:19.794  9077  9077 W libbinder.BackendUnifiedServiceManager: Thread Pool max thread count is 0. Cannot cache binder as linkToDeath cannot be implemented. serviceName: security_state
10-26 16:04:19.800  9077  9077 W libbinder.BackendUnifiedServiceManager: Thread Pool max thread count is 0. Cannot cache binder as linkToDeath cannot be implemented. serviceName: selection_toolbar
10-26 16:04:19.804  9077  9077 W libbinder.BackendUnifiedServiceManager: Thread Pool max thread count is 0. Cannot cache binder as linkToDeath cannot be implemented. serviceName: sensitive_content_protection_service
10-26 16:04:19.807  9077  9077 W libbinder.BackendUnifiedServiceManager: Thread Pool max thread count is 0. Cannot cache binder as linkToDeath cannot be implemented. serviceName: sensor_privacy
10-26 16:04:19.809  9077  9077 W libbinder.BackendUnifiedServiceManager: Thread Pool max thread count is 0. Cannot cache binder as linkToDeath cannot be implemented. serviceName: sensorservice
10-26 16:04:19.811  9077  9077 W libbinder.BackendUnifiedServiceManager: Thread Pool max thread count is 0. Cannot cache binder as linkToDeath cannot be implemented. serviceName: serial
10-26 16:04:19.817  9077  9077 W libbinder.BackendUnifiedServiceManager: Thread Pool max thread count is 0. Cannot cache binder as linkToDeath cannot be implemented. serviceName: servicediscovery
10-26 16:04:19.818  9077  9077 W libbinder.BackendUnifiedServiceManager: Thread Pool max thread count is 0. Cannot cache binder as linkToDeath cannot be implemented. serviceName: settings
10-26 16:04:19.823  9077  9077 E libbinder.Parcel: Reading a NULL string not supported here.
10-26 16:04:19.823  9077  9077 W libbinder.BackendUnifiedServiceManager: Thread Pool max thread count is 0. Cannot cache binder as linkToDeath cannot be implemented. serviceName: shortcut
10-26 16:04:19.825  9077  9077 W libbinder.BackendUnifiedServiceManager: Thread Pool max thread count is 0. Cannot cache binder as linkToDeath cannot be implemented. serviceName: simphonebook
10-26 16:04:19.828  9077  9077 W libbinder.BackendUnifiedServiceManager: Thread Pool max thread count is 0. Cannot cache binder as linkToDeath cannot be implemented. serviceName: slice
10-26 16:04:19.829  9077  9077 W libbinder.BackendUnifiedServiceManager: Thread Pool max thread count is 0. Cannot cache binder as linkToDeath cannot be implemented. serviceName: smartspace
10-26 16:04:19.830  9077  9077 W libbinder.BackendUnifiedServiceManager: Thread Pool max thread count is 0. Cannot cache binder as linkToDeath cannot be implemented. serviceName: soundtrigger
10-26 16:04:19.831  9077  9077 W libbinder.BackendUnifiedServiceManager: Thread Pool max thread count is 0. Cannot cache binder as linkToDeath cannot be implemented. serviceName: soundtrigger_middleware
10-26 16:04:19.836  9077  9077 W libbinder.BackendUnifiedServiceManager: Thread Pool max thread count is 0. Cannot cache binder as linkToDeath cannot be implemented. serviceName: speech_recognition
10-26 16:04:19.841  9077  9077 W libbinder.BackendUnifiedServiceManager: Thread Pool max thread count is 0. Cannot cache binder as linkToDeath cannot be implemented. serviceName: stats
10-26 16:04:19.842  9077  9077 W libbinder.BackendUnifiedServiceManager: Thread Pool max thread count is 0. Cannot cache binder as linkToDeath cannot be implemented. serviceName: statsbootstrap
10-26 16:04:19.844  9077  9077 W libbinder.BackendUnifiedServiceManager: Thread Pool max thread count is 0. Cannot cache binder as linkToDeath cannot be implemented. serviceName: statscompanion
10-26 16:04:19.844  7397  9105 I Fitness : (REDACTED) FitCleanupIntentOperation received Intent %s
10-26 16:04:19.851  9077  9077 W libbinder.BackendUnifiedServiceManager: Thread Pool max thread count is 0. Cannot cache binder as linkToDeath cannot be implemented. serviceName: statsmanager
10-26 16:04:19.853  9077  9077 W libbinder.BackendUnifiedServiceManager: Thread Pool max thread count is 0. Cannot cache binder as linkToDeath cannot be implemented. serviceName: statusbar
10-26 16:04:19.858  9077  9077 W libbinder.BackendUnifiedServiceManager: Thread Pool max thread count is 0. Cannot cache binder as linkToDeath cannot be implemented. serviceName: storaged
10-26 16:04:19.858  9077  9077 W libbinder.BackendUnifiedServiceManager: Thread Pool max thread count is 0. Cannot cache binder as linkToDeath cannot be implemented. serviceName: storaged_pri
10-26 16:04:19.862  9077  9077 W libbinder.BackendUnifiedServiceManager: Thread Pool max thread count is 0. Cannot cache binder as linkToDeath cannot be implemented. serviceName: storagestats
10-26 16:04:19.864  9077  9077 W libbinder.BackendUnifiedServiceManager: Thread Pool max thread count is 0. Cannot cache binder as linkToDeath cannot be implemented. serviceName: supervision
10-26 16:04:19.870  7397  9100 I ProximityAuth: [RecentAppsMediator] Package added: (user=UserHandle{0}) net.tiramisu.mdp
10-26 16:04:19.902  9077  9077 W libbinder.BackendUnifiedServiceManager: Thread Pool max thread count is 0. Cannot cache binder as linkToDeath cannot be implemented. serviceName: system_config
10-26 16:04:19.905  9077  9077 W libbinder.BackendUnifiedServiceManager: Thread Pool max thread count is 0. Cannot cache binder as linkToDeath cannot be implemented. serviceName: system_server_dumper
10-26 16:04:19.908  9077  9077 E libbinder.Parcel: Reading a NULL string not supported here.
10-26 16:04:19.908  9077  9077 W libbinder.BackendUnifiedServiceManager: Thread Pool max thread count is 0. Cannot cache binder as linkToDeath cannot be implemented. serviceName: system_update
10-26 16:04:19.910  9077  9077 W libbinder.BackendUnifiedServiceManager: Thread Pool max thread count is 0. Cannot cache binder as linkToDeath cannot be implemented. serviceName: telecom
10-26 16:04:19.912  9077  9077 W libbinder.BackendUnifiedServiceManager: Thread Pool max thread count is 0. Cannot cache binder as linkToDeath cannot be implemented. serviceName: telephony.registry
10-26 16:04:19.923  9077  9077 W libbinder.BackendUnifiedServiceManager: Thread Pool max thread count is 0. Cannot cache binder as linkToDeath cannot be implemented. serviceName: telephony_ims
10-26 16:04:19.923  9077  9077 W libbinder.BackendUnifiedServiceManager: Thread Pool max thread count is 0. Cannot cache binder as linkToDeath cannot be implemented. serviceName: telephony_phone_number
10-26 16:04:19.925  9077  9077 W libbinder.BackendUnifiedServiceManager: Thread Pool max thread count is 0. Cannot cache binder as linkToDeath cannot be implemented. serviceName: testharness
10-26 16:04:19.937  9077  9077 E libbinder.Parcel: Reading a NULL string not supported here.
10-26 16:04:19.938  9077  9077 W libbinder.BackendUnifiedServiceManager: Thread Pool max thread count is 0. Cannot cache binder as linkToDeath cannot be implemented. serviceName: tethering
10-26 16:04:19.939  9077  9077 W libbinder.BackendUnifiedServiceManager: Thread Pool max thread count is 0. Cannot cache binder as linkToDeath cannot be implemented. serviceName: textclassification
10-26 16:04:19.941  9077  9077 W libbinder.BackendUnifiedServiceManager: Thread Pool max thread count is 0. Cannot cache binder as linkToDeath cannot be implemented. serviceName: textservices
10-26 16:04:19.947  9077  9077 W libbinder.BackendUnifiedServiceManager: Thread Pool max thread count is 0. Cannot cache binder as linkToDeath cannot be implemented. serviceName: texttospeech
10-26 16:04:19.953  9077  9077 W libbinder.BackendUnifiedServiceManager: Thread Pool max thread count is 0. Cannot cache binder as linkToDeath cannot be implemented. serviceName: thermalservice
10-26 16:04:19.956  9077  9077 W libbinder.BackendUnifiedServiceManager: Thread Pool max thread count is 0. Cannot cache binder as linkToDeath cannot be implemented. serviceName: thread_network
10-26 16:04:19.962  9077  9077 W libbinder.BackendUnifiedServiceManager: Thread Pool max thread count is 0. Cannot cache binder as linkToDeath cannot be implemented. serviceName: time_detector
10-26 16:04:19.968  9077  9077 W libbinder.BackendUnifiedServiceManager: Thread Pool max thread count is 0. Cannot cache binder as linkToDeath cannot be implemented. serviceName: time_zone_detector
10-26 16:04:19.969  9077  9077 W libbinder.BackendUnifiedServiceManager: Thread Pool max thread count is 0. Cannot cache binder as linkToDeath cannot be implemented. serviceName: tracing.proxy
10-26 16:04:19.978  9077  9077 W libbinder.BackendUnifiedServiceManager: Thread Pool max thread count is 0. Cannot cache binder as linkToDeath cannot be implemented. serviceName: tradeinmode
10-26 16:04:19.992  9077  9077 W libbinder.BackendUnifiedServiceManager: Thread Pool max thread count is 0. Cannot cache binder as linkToDeath cannot be implemented. serviceName: translation
10-26 16:04:19.995  9077  9077 W libbinder.BackendUnifiedServiceManager: Thread Pool max thread count is 0. Cannot cache binder as linkToDeath cannot be implemented. serviceName: transparency
10-26 16:04:19.995  7428  9085 W SQLiteLog: (28) double-quoted string literal: "net.tiramisu.mdp"
10-26 16:04:20.000  9077  9077 W libbinder.BackendUnifiedServiceManager: Thread Pool max thread count is 0. Cannot cache binder as linkToDeath cannot be implemented. serviceName: trust
10-26 16:04:20.004  9077  9077 W libbinder.BackendUnifiedServiceManager: Thread Pool max thread count is 0. Cannot cache binder as linkToDeath cannot be implemented. serviceName: uimode
10-26 16:04:20.005  9077  9077 W libbinder.BackendUnifiedServiceManager: Thread Pool max thread count is 0. Cannot cache binder as linkToDeath cannot be implemented. serviceName: updatelock
10-26 16:04:20.008  9077  9077 W libbinder.BackendUnifiedServiceManager: Thread Pool max thread count is 0. Cannot cache binder as linkToDeath cannot be implemented. serviceName: uri_grants
10-26 16:04:20.011  9077  9077 W libbinder.BackendUnifiedServiceManager: Thread Pool max thread count is 0. Cannot cache binder as linkToDeath cannot be implemented. serviceName: usagestats
10-26 16:04:20.014  9077  9077 W libbinder.BackendUnifiedServiceManager: Thread Pool max thread count is 0. Cannot cache binder as linkToDeath cannot be implemented. serviceName: usb
10-26 16:04:20.022  9077  9077 W libbinder.BackendUnifiedServiceManager: Thread Pool max thread count is 0. Cannot cache binder as linkToDeath cannot be implemented. serviceName: user
10-26 16:04:20.024  9077  9077 W libbinder.BackendUnifiedServiceManager: Thread Pool max thread count is 0. Cannot cache binder as linkToDeath cannot be implemented. serviceName: uwb
10-26 16:04:20.026  6730  9084 I Finsky:background: [148] Wrote row to frosting DB: 344
10-26 16:04:20.028  9077  9077 W libbinder.BackendUnifiedServiceManager: Thread Pool max thread count is 0. Cannot cache binder as linkToDeath cannot be implemented. serviceName: vcn_management
10-26 16:04:20.032  9077  9077 W libbinder.BackendUnifiedServiceManager: Thread Pool max thread count is 0. Cannot cache binder as linkToDeath cannot be implemented. serviceName: vibrator_manager
10-26 16:04:20.037  9077  9077 W libbinder.BackendUnifiedServiceManager: Thread Pool max thread count is 0. Cannot cache binder as linkToDeath cannot be implemented. serviceName: virtualdevice
10-26 16:04:20.040  9077  9077 W libbinder.BackendUnifiedServiceManager: Thread Pool max thread count is 0. Cannot cache binder as linkToDeath cannot be implemented. serviceName: virtualdevice_native
10-26 16:04:20.041  9077  9077 W libbinder.BackendUnifiedServiceManager: Thread Pool max thread count is 0. Cannot cache binder as linkToDeath cannot be implemented. serviceName: voiceinteraction
10-26 16:04:20.041  7535  7535 I Finsky  : [2] Memory trim requested to level 40
10-26 16:04:20.043  7535  7535 I Finsky  : [2] Flushing in-memory image cache
10-26 16:04:20.054  9077  9077 W libbinder.BackendUnifiedServiceManager: Thread Pool max thread count is 0. Cannot cache binder as linkToDeath cannot be implemented. serviceName: vpn_management
10-26 16:04:20.061  9077  9077 W libbinder.BackendUnifiedServiceManager: Thread Pool max thread count is 0. Cannot cache binder as linkToDeath cannot be implemented. serviceName: wallpaper
10-26 16:04:20.061  6730  6730 I Finsky:background: [2] Memory trim requested to level 40
10-26 16:04:20.064  9077  9077 W libbinder.BackendUnifiedServiceManager: Thread Pool max thread count is 0. Cannot cache binder as linkToDeath cannot be implemented. serviceName: wallpaper_effects_generation
10-26 16:04:20.065  9077  9077 W libbinder.BackendUnifiedServiceManager: Thread Pool max thread count is 0. Cannot cache binder as linkToDeath cannot be implemented. serviceName: wearable_sensing
10-26 16:04:20.067  9077  9077 W libbinder.BackendUnifiedServiceManager: Thread Pool max thread count is 0. Cannot cache binder as linkToDeath cannot be implemented. serviceName: webviewupdate
10-26 16:04:20.069  9077  9077 W libbinder.BackendUnifiedServiceManager: Thread Pool max thread count is 0. Cannot cache binder as linkToDeath cannot be implemented. serviceName: wifi
10-26 16:04:20.075  9077  9077 W libbinder.BackendUnifiedServiceManager: Thread Pool max thread count is 0. Cannot cache binder as linkToDeath cannot be implemented. serviceName: wifinl80211
10-26 16:04:20.077  9077  9077 E libbinder.IPCThreadState: Binder transaction failure. id: 833408, cmd: BR_FAILED_REPLY (29201), error: -1 (Operation not permitted)
10-26 16:04:20.078  9077  9077 W libbinder.BackendUnifiedServiceManager: Thread Pool max thread count is 0. Cannot cache binder as linkToDeath cannot be implemented. serviceName: wifip2p
10-26 16:04:20.080  9077  9077 W libbinder.BackendUnifiedServiceManager: Thread Pool max thread count is 0. Cannot cache binder as linkToDeath cannot be implemented. serviceName: wifiscanner
10-26 16:04:20.084  9077  9077 W libbinder.BackendUnifiedServiceManager: Thread Pool max thread count is 0. Cannot cache binder as linkToDeath cannot be implemented. serviceName: window
10-26 16:04:20.101   784  1504 W SignedPackage: Cannot get ApplicationInfo for package: com.google.android.devicelockcontroller
10-26 16:04:20.106  7428  7428 D BoundBrokerSvc: onBind: Intent { act=com.google.android.gms.common.BIND_SHARED_PREFS xflg=0x4 pkg=com.google.android.gms }
10-26 16:04:20.106  7428  7428 D BoundBrokerSvc: Loading bound service for intent: Intent { act=com.google.android.gms.common.BIND_SHARED_PREFS xflg=0x4 pkg=com.google.android.gms }
10-26 16:04:20.134  6730  9084 I Finsky:background: [148] Wrote row to frosting DB: 345
10-26 16:04:20.150  7535  7574 I Finsky  : [54] WM::SCH: Logging work initialize for 12-1
10-26 16:04:20.157   784   944 W ActivityTaskManager: callingPackage for (uid=2000, pid=9122) has no WPC
10-26 16:04:20.159   784   944 V WindowManager: DesktopModeLaunchParamsModifier: phase= 0 task=null activity=null display-area-from-current-params=null display-area-from-default-fallback=DefaultTaskDisplayArea@35542254 display-id=0 task-display-area-windowing-mode=1 suggested-display-area=DefaultTaskDisplayArea@35542254 task null, skipping
10-26 16:04:20.159   784   944 V WindowManager: TaskLaunchParamsModifier:phase=0 task=null activity=null display-area-from-current-params=null display-area-from-default-fallback=DefaultTaskDisplayArea@35542254 display-id=0 task-display-area-windowing-mode=1 suggested-display-area=DefaultTaskDisplayArea@35542254
10-26 16:04:20.185   784   944 V GrammaticalInflectionUtils: AttributionSource: android.content.AttributionSource@e71487d4 does not have READ_SYSTEM_GRAMMATICAL_GENDER permission.
10-26 16:04:20.072  9077  9077 W service : type=1400 audit(0.0:625): avc:  denied  { call } for  scontext=u:r:shell:s0 tcontext=u:r:wificond:s0 tclass=binder permissive=0
10-26 16:04:20.191  7428  9096 I Auth    : (REDACTED) [SupervisedAccountIntentOperationV2] onHandleIntent: %s
10-26 16:04:20.197   784   944 V WindowManager: DesktopModeLaunchParamsModifier: phase= 0 task=null activity=ActivityRecord{189785293 u0 net.tiramisu.mdp/.MainActivity display-area-from-current-params=null display-area-from-default-fallback=DefaultTaskDisplayArea@35542254 display-id=0 task-display-area-windowing-mode=1 suggested-display-area=DefaultTaskDisplayArea@35542254 task null, skipping
10-26 16:04:20.197   784   944 V WindowManager: TaskLaunchParamsModifier:phase=0 task=null activity=ActivityRecord{189785293 u0 net.tiramisu.mdp/.MainActivity t-1} display-area-from-current-params=null display-area-from-default-fallback=DefaultTaskDisplayArea@35542254 display-id=0 task-display-area-windowing-mode=1 suggested-display-area=DefaultTaskDisplayArea@35542254
10-26 16:04:20.197   784   944 V WindowManager: DesktopModeLaunchParamsModifier: phase= 3 task=null activity=ActivityRecord{189785293 u0 net.tiramisu.mdp/.MainActivity t-1} display-area-from-current-params=null display-area-from-default-fallback=DefaultTaskDisplayArea@35542254 display-id=0 task-display-area-windowing-mode=1 suggested-display-area=DefaultTaskDisplayArea@35542254 task null, skipping
10-26 16:04:20.197   784   944 V WindowManager: TaskLaunchParamsModifier:phase=3 task=null activity=ActivityRecord{189785293 u0 net.tiramisu.mdp/.MainActivity t-1} display-area-from-current-params=null display-area-from-default-fallback=DefaultTaskDisplayArea@35542254 display-id=0 task-display-area-windowing-mode=1 suggested-display-area=DefaultTaskDisplayArea@35542254 non-freeform-task-display-area display-area=DefaultTaskDisplayArea@35542254 skip-bounds-fullscreen
10-26 16:04:20.211  7535  7593 E Finsky  : [57] ItemStore: getItems RPC failed for item net.tiramisu.mdp
10-26 16:04:20.212   784   944 V WindowManager: DesktopModeLaunchParamsModifier: phase= 3 task=Task{bfac3ce #14 type=standard A=10219:net.tiramisu.mdp} activity=ActivityRecord{189785293 u0 net.tiramisu.mdp/.MainActivity t-1} display-from-task=0 display-id=0 task-display-area-windowing-mode=1 suggested-display-area=DefaultTaskDisplayArea@35542254 not entering desktop mode, skipping
10-26 16:04:20.212   784   944 V WindowManager: TaskLaunchParamsModifier:phase=3 task=Task{bfac3ce #14 type=standard A=10219:net.tiramisu.mdp} activity=ActivityRecord{189785293 u0 net.tiramisu.mdp/.MainActivity t-1} display-from-task=0 display-id=0 task-display-area-windowing-mode=1 suggested-display-area=DefaultTaskDisplayArea@35542254 inherit-from-task=fullscreen non-freeform-task-display-area display-area=DefaultTaskDisplayArea@35542254 skip-bounds-fullscreen
10-26 16:04:20.218   588  1085 I libbinder.BpBinder: onLastStrongRef automatically unlinking death recipients for descriptor: '(not cached)'
10-26 16:04:20.239  7535  7574 I Finsky  : [54] WM::SCH: Logging work initialize for 12-1
10-26 16:04:20.244   784   996 V AccessibilityUserState: updateShortcutTargets: type:accessibility_shortcut_target_service, current:{}, new:{}
10-26 16:04:20.247   784   996 V AccessibilityUserState: updateShortcutTargets: type:accessibility_qs_targets, current:{}, new:{}
10-26 16:04:20.247   784   996 V AccessibilityUserState: updateShortcutTargets: type:accessibility_button_targets, current:{}, new:{}
10-26 16:04:20.248   784   996 V AccessibilityUserState: updateShortcutTargets: type:accessibility_gesture_targets, current:{}, new:{}
10-26 16:04:20.248   784   996 V AccessibilityUserState: updateShortcutTargets: type:accessibility_key_gesture_targets, current:{}, new:{}
10-26 16:04:20.249   784   996 V AccessibilityManagerService: onUserStateChangedLocked for userId: 0, forceUpdate: false
10-26 16:04:20.251  7428  9081 I NearbyDiscovery: (REDACTED) processGrantSlicePermission: %s
10-26 16:04:20.251   784   944 I ActivityTaskManager: START u0 {act=android.intent.action.MAIN cat=[android.intent.category.LAUNCHER] flg=0x10000000 xflg=0x4 cmp=net.tiramisu.mdp/.MainActivity} with LAUNCH_MULTIPLE from uid 2000 (com.android.shell) (BAL_ALLOW_PERMISSION) result code=0
10-26 16:04:20.270  1651  1651 D BaseActivity: Launcher flags updated: [state_started|state_resumed|state_deferred_resumed|state_window_focused] -[state_user_active]
10-26 16:04:20.271  1651  1651 D BaseActivity: Launcher flags updated: [state_started|state_window_focused] -[state_resumed|state_deferred_resumed]
10-26 16:04:20.272  1651  1651 W SplitSelectStateCtor: Missing session instanceIds
10-26 16:04:20.272  1651  1651 D StatsLog: LAUNCHER_SPLIT_SELECTION_EXIT_INTERRUPTED
10-26 16:04:20.278   784   996 V AccessibilityUserState: updateShortcutTargets: type:accessibility_shortcut_target_service, current:{}, new:{}
10-26 16:04:20.278   784   996 V AccessibilityUserState: updateShortcutTargets: type:accessibility_button_targets, current:{}, new:{}
10-26 16:04:20.278   784   996 V AccessibilityUserState: updateShortcutTargets: type:accessibility_gesture_targets, current:{}, new:{}
10-26 16:04:20.278   784   996 V AccessibilityUserState: updateShortcutTargets: type:accessibility_qs_targets, current:{}, new:{}
10-26 16:04:20.278   784   996 V AccessibilityUserState: updateShortcutTargets: type:accessibility_key_gesture_targets, current:{}, new:{}
10-26 16:04:20.278   784   996 W MagnificationConnectionManager: requestConnection duplicated request: connect=false, mConnectionState=DISCONNECTED
10-26 16:04:20.278   784   996 V AccessibilityUserState: updateShortcutTargets: type:accessibility_button_targets, current:{}, new:{}
10-26 16:04:20.278   784   996 V AccessibilityUserState: updateShortcutTargets: type:accessibility_qs_targets, current:{}, new:{}
10-26 16:04:20.279   784  2337 I AppsFilter: interaction: PackageSetting{2315bc9 com.android.microdroid.empty_payload/10212} -> PackageSetting{a7ae494 net.tiramisu.mdp/10219} BLOCKED
10-26 16:04:20.290  7535  7620 E Finsky  : [69] ItemStore: getItems RPC failed for item net.tiramisu.mdp
10-26 16:04:20.291  1368  1441 D WindowManagerShell: setLauncherKeepClearAreaHeight: visible=false, height=495
10-26 16:04:20.289   784   784 W libbinder.IPCThreadState: Sending oneway calls to frozen process.
10-26 16:04:20.316   784  2331 D CompatChangeReporter: Compat change id reported: 377864165; UID 10219; state: ENABLED
10-26 16:04:20.318   784  2337 V WindowManager: Defer transition id=30 for TaskFragmentTransaction=android.os.Binder@88ab8fa
10-26 16:04:20.323   784  2337 V WindowManager: deferTransitionReady deferReadyDepth=1 stack=com.android.server.wm.TransitionController.deferTransitionReady:1061 com.android.server.wm.TaskFragmentOrganizerController$TaskFragmentOrganizerState.dispatchTransaction:517 com.android.server.wm.TaskFragmentOrganizerController.dispatchPendingEvents:1259 com.android.server.wm.TaskFragmentOrganizerController.dispatchPendingEvents:1228 com.android.server.wm.RootWindowContainer.performSurfacePlacement:777 
10-26 16:04:20.325   784   818 V GrammaticalInflectionUtils: AttributionSource: android.content.AttributionSource@e71487d4 does not have READ_SYSTEM_GRAMMATICAL_GENDER permission.
10-26 16:04:20.344  1651  1651 D RecentsView: onTaskDisplayChanged: 14, new displayId = 0
10-26 16:04:20.345   784   784 W libbinder.IPCThreadState: Sending oneway calls to frozen process.
10-26 16:04:20.349  1651  1651 D b/417220811: invalidateLoadedTasks - previous requestLoadId: -1
10-26 16:04:20.350   784   806 V WindowManager: Continue transition id=30 for TaskFragmentTransaction=android.os.Binder@88ab8fa
10-26 16:04:20.350   784   806 V WindowManager: continueTransitionReady deferReadyDepth=0 stack=com.android.server.wm.TransitionController.continueTransitionReady:1071 com.android.server.wm.TaskFragmentOrganizerController$TaskFragmentOrganizerState.onTransactionFinished:546 com.android.server.wm.TaskFragmentOrganizerController.onTransactionHandled:740 android.window.ITaskFragmentOrganizerController$Stub.onTransact:225 android.os.Binder.execTransactInternal:1473 
10-26 16:04:20.356  1651  1651 D b/417220811: invalidateLoadedTasks - previous requestLoadId: -1
10-26 16:04:20.361  1368  1441 V WindowManagerShell: Transition requested (#30): android.os.BinderProxy@99a9d55 TransitionRequestInfo { type = OPEN, triggerTask = TaskInfo{userId=0 taskId=14 effectiveUid=10219 displayId=0 isRunning=true baseIntent=Intent { act=android.intent.action.MAIN cat=[android.intent.category.LAUNCHER] flg=0x10000000 cmp=net.tiramisu.mdp/.MainActivity } baseActivity=ComponentInfo{net.tiramisu.mdp/net.tiramisu.mdp.MainActivity} topActivity=ComponentInfo{net.tiramisu.mdp/net.tiramisu.mdp.MainActivity} origActivity=null realActivity=ComponentInfo{net.tiramisu.mdp/net.tiramisu.mdp.MainActivity} numActivities=1 lastActiveTime=2713325 supportsMultiWindow=true resizeMode=1 isResizeable=true minWidth=-1 minHeight=-1 defaultMinSize=220 token=WCT{android.os.BinderProxy@783136a} topActivityType=1 pictureInPictureParams=null shouldDockBigOverlays=false launchIntoPipHostTaskId=-1 lastParentTaskIdBeforePip=-1 displayCutoutSafeInsets=Rect(0, 0 - 0, 0) topActivityInfo=ActivityInfo{b5c05b net.tiramisu.mdp.MainActivity} launchCookies=[] positionInParent=Point(0, 0) parentTaskId=-1 isFocused=false isVisible=false isVisibleRequested=false isTopActivityNoDisplay=false isSleeping=false locusId=null displayAreaFeatureId=1 isTopActivityTransparent=false isActivityStackTransparent=false lastNonFullscreenBounds=null capturedLink=null capturedLinkTimestamp=0 requestedVisibleTypes=503 topActivityRequestOpenInBrowserEducationTimestamp=0 appCompatTaskInfo=AppCompatTaskInfo { topActivityInSizeCompat=false isLeafTask= true eligibleForLetterboxEducation= false isLetterboxEducationEnabled= true isLetterboxDoubleTapEnabled= false eligibleForUserAspectRatioButton= false topActivityBoundsLetterboxed= false isFromLetterboxDoubleTap= false topActivityLetterboxVerticalPosition= -1 topActivityLetterboxHorizontalPosition= -1 topActivityLetterboxWidth=-1 topActivityLetterboxHeight=-1 topActivityAppBounds=Rect(0, 0 - 1080, 2400) isUserFullscreenOverrideEnabled=false isSystemFullscreenOverrideEnabled=false hasMinAspectRatioOverride=false topActivityLetterboxBounds=null cameraCompatTaskInfo=CameraCompatTaskInfo { cameraCompatMode=inactive0} topNonResizableActivityAspectRatio=-1.0} topActivityMainWindowFrame=null isAppBubble=false}, pipChange = null, remoteTransition = null, displayChange = null, requestedLocation = null, userChange = null, windowingLayerChange = null, flags = 0, debugId = 30 }
10-26 16:04:20.361  1368  1441 D ShellSplitScreen: logExit: no-op, mLoggerSessionId is null
10-26 16:04:20.365  1651  1651 D BaseActivity: Launcher flags updated: [state_started] -[state_window_focused]
10-26 16:04:20.374   784  1317 D BackgroundInstallControlService: Package event received: 0
10-26 16:04:20.374  7535  7593 I Finsky  : [57] SCH: Scheduling phonesky job Id: 12-1, CT: 1761469458904, Constraints: [{ L: 15000, D: 86400000, C: CHARGING_NONE, I: IDLE_NONE, N: NET_ANY, B: BATTERY_ANY }]
10-26 16:04:20.380   513   513 D Zygote  : Forked child process 9128
10-26 16:04:20.382   784   784 W libbinder.IPCThreadState: Sending oneway calls to frozen process.
10-26 16:04:20.388   784   784 W libbinder.IPCThreadState: Sending oneway calls to frozen process.
10-26 16:04:20.390   784   784 W Looper  : Slow dispatch took 102ms main app=system_server main=true group=FOREGROUND h=com.android.server.accessibility.AccessibilityManagerService$MainHandler c=com.android.server.accessibility.AccessibilityManagerService$$ExternalSyntheticLambda1@e010875 m=0
10-26 16:04:20.432  7535  7621 I Finsky  : [70] SCH: Scheduling 1 system job(s)
10-26 16:04:20.493   784   826 W ActivityManager: Slow operation: 167ms so far, now at startProcess: returned from zygote!
10-26 16:04:20.501  7535  7621 I Finsky  : [70] SCH: Scheduling system job Id: 9248, L: 13472, D: 81166390, C: false, I: false, N: 1
10-26 16:04:20.503  9128  9128 I Zygote  : Process 9128 created for net.tiramisu.mdp
10-26 16:04:20.506  9128  9128 I et.tiramisu.mdp: Late-enabling -Xcheck:jni
10-26 16:04:20.559   784   806 V SafetySourceDataValidat: Package: com.android.vending has expected signature
10-26 16:04:20.577   784   806 V SafetySourceDataValidat: Package: com.android.vending has expected signature
10-26 16:04:20.605  9128  9128 I et.tiramisu.mdp: Using CollectorTypeCMC GC.
10-26 16:04:20.613  9128  9128 W et.tiramisu.mdp: Unexpected CPU variant for x86: x86_64.
10-26 16:04:20.613  9128  9128 W et.tiramisu.mdp: Known variants: atom, sandybridge, silvermont, goldmont, goldmont-plus, goldmont-without-sha-xsaves, tremont, kabylake, alderlake, default
10-26 16:04:20.683  7535  7620 I Finsky  : [69] SCH: Scheduling phonesky job Id: 12-1, CT: 1761469459179, Constraints: [{ L: 15000, D: 86400000, C: CHARGING_NONE, I: IDLE_NONE, N: NET_ANY, B: BATTERY_ANY }]
10-26 16:04:20.690  7535  7575 I Finsky  : [55] [ContentSync] finished, scheduled=true
10-26 16:04:20.697   784   996 V AccessibilityUserState: updateShortcutTargets: type:accessibility_shortcut_target_service, current:{}, new:{}
10-26 16:04:20.697   784   996 V AccessibilityUserState: updateShortcutTargets: type:accessibility_qs_targets, current:{}, new:{}
10-26 16:04:20.697   784   996 V AccessibilityUserState: updateShortcutTargets: type:accessibility_button_targets, current:{}, new:{}
10-26 16:04:20.697   784   996 V AccessibilityUserState: updateShortcutTargets: type:accessibility_gesture_targets, current:{}, new:{}
10-26 16:04:20.698   784   996 V AccessibilityUserState: updateShortcutTargets: type:accessibility_key_gesture_targets, current:{}, new:{}
10-26 16:04:20.698   784   996 V AccessibilityManagerService: onUserStateChangedLocked for userId: 0, forceUpdate: false
10-26 16:04:20.709  7535  7604 I Finsky  : [62] SCH: Scheduling 0 system job(s)
10-26 16:04:20.713  7535  7604 I Finsky  : [62] [ContentSync] finished, scheduled=true
10-26 16:04:20.738   784   996 V AccessibilityUserState: updateShortcutTargets: type:accessibility_shortcut_target_service, current:{}, new:{}
10-26 16:04:20.738   784   996 V AccessibilityUserState: updateShortcutTargets: type:accessibility_button_targets, current:{}, new:{}
10-26 16:04:20.738   784   996 V AccessibilityUserState: updateShortcutTargets: type:accessibility_gesture_targets, current:{}, new:{}
10-26 16:04:20.738   784   996 V AccessibilityUserState: updateShortcutTargets: type:accessibility_qs_targets, current:{}, new:{}
10-26 16:04:20.738   784   996 V AccessibilityUserState: updateShortcutTargets: type:accessibility_key_gesture_targets, current:{}, new:{}
10-26 16:04:20.738   784   996 W MagnificationConnectionManager: requestConnection duplicated request: connect=false, mConnectionState=DISCONNECTED
10-26 16:04:20.740  1650  1670 I adbd    : jdwp connection from 9128
10-26 16:04:20.749   784   784 W libbinder.IPCThreadState: Sending oneway calls to frozen process.
10-26 16:04:20.764   784   784 W libbinder.IPCThreadState: Sending oneway calls to frozen process.
10-26 16:04:20.768   784   784 W libbinder.IPCThreadState: Sending oneway calls to frozen process.
10-26 16:04:20.769   784   784 W libbinder.IPCThreadState: Sending oneway calls to frozen process.
10-26 16:04:20.816   784   826 W ActivityManager: Slow operation: 490ms so far, now at startProcess: done updating battery stats
10-26 16:04:20.817   784   826 W ActivityManager: Slow operation: 492ms so far, now at startProcess: building log message
10-26 16:04:20.817   784   826 I ActivityManager: Start proc 9128:net.tiramisu.mdp/u0a219 for next-top-activity {net.tiramisu.mdp/net.tiramisu.mdp.MainActivity}
10-26 16:04:20.818   784   826 W ActivityManager: Slow operation: 492ms so far, now at startProcess: starting to update pids map
10-26 16:04:20.818  1651  1651 D b/417220811: invalidateLoadedTasks - previous requestLoadId: -1
10-26 16:04:20.820  1368  3726 V WindowManagerShell: onTransitionReady(transaction=3367254362263)
10-26 16:04:20.829  1368  1441 V WindowManagerShell: onTransitionReady (#30) android.os.BinderProxy@99a9d55: {id=30 t=OPEN f=0x0 trk=0 r=[0@Point(0, 0)] c=[
10-26 16:04:20.829  1368  1441 V WindowManagerShell:         {m=OPEN f=NONE leash=Surface(name=Task=14#312)/@0xd23764b sb=Rect(0, 0 - 1080, 2400) eb=Rect(0, 0 - 1080, 2400) epz=Point(1080, 2400) d=0 taskParent=-1 winMode=1 userId=0},
10-26 16:04:20.829  1368  1441 V WindowManagerShell:         {m=TO_BACK f=SHOW_WALLPAPER leash=Surface(name=Task=1#44)/@0xf266828 sb=Rect(0, 0 - 1080, 2400) eb=Rect(0, 0 - 1080, 2400) epz=Point(1080, 2400) d=0 taskParent=-1 winMode=1 userId=0},
10-26 16:04:20.829  1368  1441 V WindowManagerShell:         {m=TO_BACK f=IS_WALLPAPER leash=Surface(name=WallpaperWindowToken{6e67bf5}#67)/@0xe06b941 sb=Rect(0, 0 - 1080, 2400) eb=Rect(0, 0 - 1080, 2400) epz=Point(1080, 2400) d=0}
10-26 16:04:20.829  1368  1441 V WindowManagerShell:     ]}
10-26 16:04:20.832   784   816 W Looper  : Slow dispatch took 117ms android.ui app=system_server main=false group=TOP_APP h=com.android.server.am.ActivityManagerService$UiHandler c=com.android.server.am.UidObserverController$$ExternalSyntheticLambda0@bd03a7b m=0
10-26 16:04:20.853   784   815 V WindowManager: Sent Transition (#30) createdAt=10-26 16:04:20.196 via request=TransitionRequestInfo { type = OPEN, triggerTask = TaskInfo{userId=0 taskId=14 effectiveUid=10219 displayId=0 isRunning=true baseIntent=Intent { act=android.intent.action.MAIN cat=[android.intent.category.LAUNCHER] flg=0x10000000 cmp=net.tiramisu.mdp/.MainActivity } baseActivity=ComponentInfo{net.tiramisu.mdp/net.tiramisu.mdp.MainActivity} topActivity=ComponentInfo{net.tiramisu.mdp/net.tiramisu.mdp.MainActivity} origActivity=null realActivity=ComponentInfo{net.tiramisu.mdp/net.tiramisu.mdp.MainActivity} numActivities=1 lastActiveTime=2713325 supportsMultiWindow=true resizeMode=1 isResizeable=true minWidth=-1 minHeight=-1 defaultMinSize=220 token=WCT{RemoteToken{916e845 Task{bfac3ce #14 type=standard A=10219:net.tiramisu.mdp}}} topActivityType=1 pictureInPictureParams=null shouldDockBigOverlays=false launchIntoPipHostTaskId=-1 lastParentTaskIdBeforePip=-1 displayCutoutSafeInsets=Rect(0, 0 - 0, 0) topActivityInfo=ActivityInfo{3e41b9a net.tiramisu.mdp.MainActivity} launchCookies=[] positionInParent=Point(0, 0) parentTaskId=-1 isFocused=false isVisible=false isVisibleRequested=false isTopActivityNoDisplay=false isSleeping=false locusId=null displayAreaFeatureId=1 isTopActivityTransparent=false isActivityStackTransparent=false lastNonFullscreenBounds=null capturedLink=null capturedLinkTimestamp=0 requestedVisibleTypes=503 topActivityRequestOpenInBrowserEducationTimestamp=0 appCompatTaskInfo=AppCompatTaskInfo { topActivityInSizeCompat=false isLeafTask= true eligibleForLetterboxEducation= false isLetterboxEducationEnabled= true isLetterboxDoubleTapEnabled= false eligibleForUserAspectRatioButton= false topActivityBoundsLetterboxed= false isFromLetterboxDoubleTap= false topActivityLetterboxVerticalPosition= -1 topActivityLetterboxHorizontalPosition= -1 topActivityLetterboxWidth=-1 topActivityLetterboxHeight=-1 topActivityAppBounds=Rect(0, 0 - 1080, 2400) isUserFullscreenOverrideEnabled=false isSystemFullscreenOverrideEnabled=false hasMinAspectRatioOverride=false topActivityLetterboxBounds=null cameraCompatTaskInfo=CameraCompatTaskInfo { cameraCompatMode=inactive0} topNonResizableActivityAspectRatio=-1.0} topActivityMainWindowFrame=null isAppBubble=false}, pipChange = null, remoteTransition = null, displayChange = null, requestedLocation = null, userChange = null, windowingLayerChange = null, flags = 0, debugId = 30 }
